Archive member included to satisfy reference by file (symbol)

/usr/lib/gcc/arm-none-eabi/10.3.1/thumb/v6-m/nofp/libgcc.a(_dvmd_tls.o)
                              CMakeFiles/Picow-pi7.dir/home/consmariano/PicoW-pi7/pico-sdk/src/rp2_common/pico_divider/divider.S.obj (__aeabi_idiv0)
/usr/lib/gcc/arm-none-eabi/10.3.1/../../../arm-none-eabi/lib/thumb/v6-m/nofp/libg.a(lib_a-atexit.o)
                              /usr/lib/gcc/arm-none-eabi/10.3.1/../../../arm-none-eabi/lib/thumb/v6-m/nofp/crt0.o (atexit)
/usr/lib/gcc/arm-none-eabi/10.3.1/../../../arm-none-eabi/lib/thumb/v6-m/nofp/libg.a(lib_a-atof.o)
                              CMakeFiles/Picow-pi7.dir/pi7/gcode_parser/gcode_parser.c.obj (atof)
/usr/lib/gcc/arm-none-eabi/10.3.1/../../../arm-none-eabi/lib/thumb/v6-m/nofp/libg.a(lib_a-atoi.o)
                              CMakeFiles/Picow-pi7.dir/pi7/gcode_parser/gcode_parser.c.obj (atoi)
/usr/lib/gcc/arm-none-eabi/10.3.1/../../../arm-none-eabi/lib/thumb/v6-m/nofp/libg.a(lib_a-calloc.o)
                              CMakeFiles/Picow-pi7.dir/home/consmariano/PicoW-pi7/pico-sdk/src/rp2_common/pico_malloc/pico_malloc.c.obj (calloc)
/usr/lib/gcc/arm-none-eabi/10.3.1/../../../arm-none-eabi/lib/thumb/v6-m/nofp/libg.a(lib_a-callocr.o)
                              /usr/lib/gcc/arm-none-eabi/10.3.1/../../../arm-none-eabi/lib/thumb/v6-m/nofp/libg.a(lib_a-calloc.o) (_calloc_r)
/usr/lib/gcc/arm-none-eabi/10.3.1/../../../arm-none-eabi/lib/thumb/v6-m/nofp/libg.a(lib_a-fclose.o)
                              CMakeFiles/Picow-pi7.dir/pi7/trj_program/trj_program.c.obj (fclose)
/usr/lib/gcc/arm-none-eabi/10.3.1/../../../arm-none-eabi/lib/thumb/v6-m/nofp/libg.a(lib_a-fflush.o)
                              /usr/lib/gcc/arm-none-eabi/10.3.1/../../../arm-none-eabi/lib/thumb/v6-m/nofp/libg.a(lib_a-fclose.o) (__sflush_r)
/usr/lib/gcc/arm-none-eabi/10.3.1/../../../arm-none-eabi/lib/thumb/v6-m/nofp/libg.a(lib_a-fgets.o)
                              CMakeFiles/Picow-pi7.dir/pi7/trj_program/trj_program.c.obj (fgets)
/usr/lib/gcc/arm-none-eabi/10.3.1/../../../arm-none-eabi/lib/thumb/v6-m/nofp/libg.a(lib_a-findfp.o)
                              /usr/lib/gcc/arm-none-eabi/10.3.1/../../../arm-none-eabi/lib/thumb/v6-m/nofp/libg.a(lib_a-fclose.o) (__sinit)
/usr/lib/gcc/arm-none-eabi/10.3.1/../../../arm-none-eabi/lib/thumb/v6-m/nofp/libg.a(lib_a-fini.o)
                              /usr/lib/gcc/arm-none-eabi/10.3.1/../../../arm-none-eabi/lib/thumb/v6-m/nofp/crt0.o (__libc_fini_array)
/usr/lib/gcc/arm-none-eabi/10.3.1/../../../arm-none-eabi/lib/thumb/v6-m/nofp/libg.a(lib_a-fopen.o)
                              CMakeFiles/Picow-pi7.dir/pi7/trj_program/trj_program.c.obj (fopen)
/usr/lib/gcc/arm-none-eabi/10.3.1/../../../arm-none-eabi/lib/thumb/v6-m/nofp/libg.a(lib_a-freer.o)
                              /usr/lib/gcc/arm-none-eabi/10.3.1/../../../arm-none-eabi/lib/thumb/v6-m/nofp/libg.a(lib_a-fclose.o) (_free_r)
/usr/lib/gcc/arm-none-eabi/10.3.1/../../../arm-none-eabi/lib/thumb/v6-m/nofp/libg.a(lib_a-fseek.o)
                              /usr/lib/gcc/arm-none-eabi/10.3.1/../../../arm-none-eabi/lib/thumb/v6-m/nofp/libg.a(lib_a-fopen.o) (_fseek_r)
/usr/lib/gcc/arm-none-eabi/10.3.1/../../../arm-none-eabi/lib/thumb/v6-m/nofp/libg.a(lib_a-fseeko.o)
                              /usr/lib/gcc/arm-none-eabi/10.3.1/../../../arm-none-eabi/lib/thumb/v6-m/nofp/libg.a(lib_a-fseek.o) (_fseeko_r)
/usr/lib/gcc/arm-none-eabi/10.3.1/../../../arm-none-eabi/lib/thumb/v6-m/nofp/libg.a(lib_a-fstatr.o)
                              /usr/lib/gcc/arm-none-eabi/10.3.1/../../../arm-none-eabi/lib/thumb/v6-m/nofp/libg.a(lib_a-fseeko.o) (_fstat_r)
/usr/lib/gcc/arm-none-eabi/10.3.1/../../../arm-none-eabi/lib/thumb/v6-m/nofp/libg.a(lib_a-ftello.o)
                              /usr/lib/gcc/arm-none-eabi/10.3.1/../../../arm-none-eabi/lib/thumb/v6-m/nofp/libg.a(lib_a-fseeko.o) (_ftello_r)
/usr/lib/gcc/arm-none-eabi/10.3.1/../../../arm-none-eabi/lib/thumb/v6-m/nofp/libg.a(lib_a-fwalk.o)
                              /usr/lib/gcc/arm-none-eabi/10.3.1/../../../arm-none-eabi/lib/thumb/v6-m/nofp/libg.a(lib_a-findfp.o) (_fwalk)
/usr/lib/gcc/arm-none-eabi/10.3.1/../../../arm-none-eabi/lib/thumb/v6-m/nofp/libg.a(lib_a-fwrite.o)
                              CMakeFiles/Picow-pi7.dir/drivers/uart/uart.c.obj (fwrite)
/usr/lib/gcc/arm-none-eabi/10.3.1/../../../arm-none-eabi/lib/thumb/v6-m/nofp/libg.a(lib_a-impure.o)
                              /usr/lib/gcc/arm-none-eabi/10.3.1/../../../arm-none-eabi/lib/thumb/v6-m/nofp/libg.a(lib_a-fflush.o) (_global_impure_ptr)
/usr/lib/gcc/arm-none-eabi/10.3.1/../../../arm-none-eabi/lib/thumb/v6-m/nofp/libg.a(lib_a-init.o)
                              /usr/lib/gcc/arm-none-eabi/10.3.1/../../../arm-none-eabi/lib/thumb/v6-m/nofp/crt0.o (__libc_init_array)
/usr/lib/gcc/arm-none-eabi/10.3.1/../../../arm-none-eabi/lib/thumb/v6-m/nofp/libg.a(lib_a-makebuf.o)
[...]
Memory Configuration

Name             Origin             Length             Attributes
FLASH            0x0000000010000000 0x0000000000200000 xr
RAM              0x0000000020000000 0x0000000000040000 xrw
SCRATCH_X        0x0000000020040000 0x0000000000001000 xrw
SCRATCH_Y        0x0000000020041000 0x0000000000001000 xrw
*default*        0x0000000000000000 0xffffffffffffffff

Linker script and memory map

LOAD /usr/lib/gcc/arm-none-eabi/10.3.1/thumb/v6-m/nofp/crti.o
LOAD /usr/lib/gcc/arm-none-eabi/10.3.1/thumb/v6-m/nofp/crtbegin.o
LOAD /usr/lib/gcc/arm-none-eabi/10.3.1/../../../arm-none-eabi/lib/thumb/v6-m/nofp/crt0.o

.flash_begin    0x0000000010000000        0x0
                0x0000000010000000                __flash_binary_start = .

.boot2          0x0000000010000000      0x100
                0x0000000010000000                __boot2_start__ = .
 *(.boot2)
 .boot2         0x0000000010000000      0x100 /tmp/ccAeIx4T.o
                0x0000000010000100                __boot2_end__ = .
                0x0000000000000001                ASSERT (((__boot2_end__ - __boot2_start__) == 0x100), ERROR: Pico second stage bootloader must be 256 bytes in size)

.text           0x0000000010000100    0x13b60
                0x0000000010000100                __logical_binary_start = .
 *(.vectors)
 .vectors       0x0000000010000100       0xd4 CMakeFiles/Picow-pi7.dir/home/consmariano/PicoW-pi7/pico-sdk/src/rp2_common/pico_standard_link/crt0.S.obj
                0x0000000010000100                __vectors
                0x0000000010000100                __VECTOR_TABLE
                0x00000000100001c0                isr_invalid
                0x00000000100001c0                __default_isrs_start
                0x00000000100001c2                isr_nmi
                0x00000000100001c4                isr_hardfault
                0x00000000100001c6                isr_svcall
                0x00000000100001c8                isr_pendsv
                0x00000000100001ca                isr_systick
                0x00000000100001cc                isr_irq30
                0x00000000100001cc                __unhandled_user_irq
                0x00000000100001cc                isr_irq13
                0x00000000100001cc                isr_irq27
                0x00000000100001cc                isr_irq31
                0x00000000100001cc                isr_irq5
                0x00000000100001cc                isr_irq11
                0x00000000100001cc                isr_irq23
                0x00000000100001cc                isr_irq18
                0x00000000100001cc                isr_irq28
                0x00000000100001cc                isr_irq19
                0x00000000100001cc                isr_irq0
                0x00000000100001cc                isr_irq6
                0x00000000100001cc                isr_irq22
                0x00000000100001cc                isr_irq17
                0x00000000100001cc                isr_irq14
                0x00000000100001cc                isr_irq2
                0x00000000100001cc                isr_irq10
                0x00000000100001cc                isr_irq8
                0x00000000100001cc                isr_irq24
                0x00000000100001cc                isr_irq1
                0x00000000100001cc                isr_irq7
                0x00000000100001cc                isr_irq21
                0x00000000100001cc                isr_irq20
                0x00000000100001cc                isr_irq15
                0x00000000100001cc                isr_irq25
                0x00000000100001cc                isr_irq4
                0x00000000100001cc                isr_irq16
                0x00000000100001cc                isr_irq29
                0x00000000100001cc                isr_irq26
                0x00000000100001cc                __default_isrs_end
                0x00000000100001cc                isr_irq3
                0x00000000100001cc                isr_irq12
                0x00000000100001cc                isr_irq9
                0x00000000100001d2                unhandled_user_irq_num_in_r0
 *(.binary_info_header)
 .binary_info_header
                0x00000000100001d4       0x14 CMakeFiles/Picow-pi7.dir/home/consmariano/PicoW-pi7/pico-sdk/src/rp2_common/pico_standard_link/crt0.S.obj
                0x00000000100001e8                __binary_info_header_end = .
 *(.reset)
 .reset         0x00000000100001e8       0xa0 CMakeFiles/Picow-pi7.dir/home/consmariano/PicoW-pi7/pico-sdk/src/rp2_common/pico_standard_link/crt0.S.obj
                0x00000000100001e8                _entry_point
 .reset         0x0000000010000288       0x30 CMakeFiles/Picow-pi7.dir/home/consmariano/PicoW-pi7/pico-sdk/src/rp2_common/pico_standard_link/binary_info.c.obj
 *(.init)
 .init          0x00000000100002b8        0x4 /usr/lib/gcc/arm-none-eabi/10.3.1/thumb/v6-m/nofp/crti.o
                0x00000000100002b8                _init
 *(EXCLUDE_FILE(*libm.a: *libc.a:*lib_a-mem*.o *libgcc.a:) .text*)
 .text          0x00000000100002bc       0x98 /usr/lib/gcc/arm-none-eabi/10.3.1/thumb/v6-m/nofp/crtbegin.o
 .text.taskController
                0x0000000010000354        0xe CMakeFiles/Picow-pi7.dir/main.c.obj
                0x0000000010000354                taskController
 *fill*         0x0000000010000362        0x2 
 .text.taskNCProcessing
                0x0000000010000364       0x40 CMakeFiles/Picow-pi7.dir/main.c.obj
                0x0000000010000364                taskNCProcessing
 .text.taskCommPIC
                0x00000000100003a4       0x48 CMakeFiles/Picow-pi7.dir/main.c.obj
                0x00000000100003a4                taskCommPIC
 .text.taskBlinkLed
                0x00000000100003ec       0x10 CMakeFiles/Picow-pi7.dir/main.c.obj
                0x00000000100003ec                taskBlinkLed
 .text.setupHardware
                0x00000000100003fc       0x2c CMakeFiles/Picow-pi7.dir/main.c.obj
 .text.initComponents
                0x0000000010000428       0x98 CMakeFiles/Picow-pi7.dir/main.c.obj
 .text.main     0x00000000100004c0       0x90 CMakeFiles/Picow-pi7.dir/main.c.obj
                0x00000000100004c0                main
 .text.led_init
                0x0000000010000550       0x10 CMakeFiles/Picow-pi7.dir/drivers/ledonboard/leds.c.obj
                0x0000000010000550                led_init
 .text.led_invert
                0x0000000010000560       0x30 CMakeFiles/Picow-pi7.dir/drivers/ledonboard/leds.c.obj
                0x0000000010000560                led_invert
 .text.UART1_IRQHandler
                0x0000000010000590       0x54 CMakeFiles/Picow-pi7.dir/drivers/uart/uart.c.obj
                0x0000000010000590                UART1_IRQHandler
 .text.UART0_IRQHandler
                0x00000000100005e4       0x54 CMakeFiles/Picow-pi7.dir/drivers/uart/uart.c.obj
                0x00000000100005e4                UART0_IRQHandler
 .text.UARTInit
                0x0000000010000638      0x10c CMakeFiles/Picow-pi7.dir/drivers/uart/uart.c.obj
                0x0000000010000638                UARTInit
 .text.UARTSend
                0x0000000010000744       0x74 CMakeFiles/Picow-pi7.dir/drivers/uart/uart.c.obj
                0x0000000010000744                UARTSend
 .text.UARTSendNullTerminated
                0x00000000100007b8      0x124 CMakeFiles/Picow-pi7.dir/drivers/uart/uart.c.obj
                0x00000000100007b8                UARTSendNullTerminated
 .text.modbus_handle_function_21
                0x00000000100008dc       0x34 CMakeFiles/Picow-pi7.dir/pi7/comm_pc/modbus.c.obj
                0x00000000100008dc                modbus_handle_function_21
 .text.com_init
                0x0000000010000910        0xc CMakeFiles/Picow-pi7.dir/pi7/comm_pc/modbus.c.obj
                0x0000000010000910                com_init
 .text.sendTxBufferToSerialUSB
                0x000000001000091c       0x20 CMakeFiles/Picow-pi7.dir/pi7/comm_pc/modbus.c.obj
                0x000000001000091c                sendTxBufferToSerialUSB
 .text.decode   0x000000001000093c       0x2a CMakeFiles/Picow-pi7.dir/pi7/comm_pc/modbus.c.obj
                0x000000001000093c                decode
 .text.encodeLow
                0x0000000010000966       0x10 CMakeFiles/Picow-pi7.dir/pi7/comm_pc/modbus.c.obj
                0x0000000010000966                encodeLow
 .text.encodeHigh
                0x0000000010000976       0x12 CMakeFiles/Picow-pi7.dir/pi7/comm_pc/modbus.c.obj
                0x0000000010000976                encodeHigh
 .text.calculateLRC
                0x0000000010000988       0x18 CMakeFiles/Picow-pi7.dir/pi7/comm_pc/modbus.c.obj
                0x0000000010000988                calculateLRC
 .text.checkLRC
                0x00000000100009a0       0x44 CMakeFiles/Picow-pi7.dir/pi7/comm_pc/modbus.c.obj
                0x00000000100009a0                checkLRC
 .text.processReadRegister
                0x00000000100009e4       0x88 CMakeFiles/Picow-pi7.dir/pi7/comm_pc/modbus.c.obj
                0x00000000100009e4                processReadRegister
 .text.processWriteRegister
                0x0000000010000a6c       0xac CMakeFiles/Picow-pi7.dir/pi7/comm_pc/modbus.c.obj
                0x0000000010000a6c                processWriteRegister
 .text.processWriteFile
                0x0000000010000b18       0xb0 CMakeFiles/Picow-pi7.dir/pi7/comm_pc/modbus.c.obj
                0x0000000010000b18                processWriteFile
 .text.decodeFunctionCode
                0x0000000010000bc8       0x14 CMakeFiles/Picow-pi7.dir/pi7/comm_pc/modbus.c.obj
                0x0000000010000bc8                decodeFunctionCode
 .text.processMessage
                0x0000000010000bdc       0x38 CMakeFiles/Picow-pi7.dir/pi7/comm_pc/modbus.c.obj
                0x0000000010000bdc                processMessage
 .text.receiveMessage
                0x0000000010000c14       0x98 CMakeFiles/Picow-pi7.dir/pi7/comm_pc/modbus.c.obj
                0x0000000010000c14                receiveMessage
 .text.com_executeCommunication
                0x0000000010000cac       0x1c CMakeFiles/Picow-pi7.dir/pi7/comm_pc/modbus.c.obj
                0x0000000010000cac                com_executeCommunication
 .text.pic_init
                0x0000000010000cc8        0x2 CMakeFiles/Picow-pi7.dir/pi7/comm_pic/comm_pic.c.obj
                0x0000000010000cc8                pic_init
 *fill*         0x0000000010000cca        0x2 
 .text.pic_sendToPIC
                0x0000000010000ccc       0x40 CMakeFiles/Picow-pi7.dir/pi7/comm_pic/comm_pic.c.obj
                0x0000000010000ccc                pic_sendToPIC
 .text.ctl_init
                0x0000000010000d0c        0x2 CMakeFiles/Picow-pi7.dir/pi7/command_interpreter/command_interpreter.c.obj
                0x0000000010000d0c                ctl_init
 .text.ctl_ReadRegister
                0x0000000010000d0e       0x40 CMakeFiles/Picow-pi7.dir/pi7/command_interpreter/command_interpreter.c.obj
                0x0000000010000d0e                ctl_ReadRegister
 *fill*         0x0000000010000d4e        0x2 
 .text.ctl_WriteRegister
                0x0000000010000d50       0x4c CMakeFiles/Picow-pi7.dir/pi7/command_interpreter/command_interpreter.c.obj
                0x0000000010000d50                ctl_WriteRegister
 .text.tcl_generateSetpoint
                0x0000000010000d9c      0x1a0 CMakeFiles/Picow-pi7.dir/pi7/trj_control/trj_control.c.obj
                0x0000000010000d9c                tcl_generateSetpoint
 .text.tcl_processCommand
                0x0000000010000f3c       0x40 CMakeFiles/Picow-pi7.dir/pi7/trj_control/trj_control.c.obj
                0x0000000010000f3c                tcl_processCommand
 .text.tcl_init
                0x0000000010000f7c        0xc CMakeFiles/Picow-pi7.dir/pi7/trj_control/trj_control.c.obj
                0x0000000010000f7c                tcl_init
 .text.tpr_storeProgram
                0x0000000010000f88       0xc0 CMakeFiles/Picow-pi7.dir/pi7/trj_program/trj_program.c.obj
                0x0000000010000f88                tpr_storeProgram
 .text.tpr_getLine
                0x0000000010001048       0x1c CMakeFiles/Picow-pi7.dir/pi7/trj_program/trj_program.c.obj
                0x0000000010001048                tpr_getLine
 .text.tpr_init
                0x0000000010001064       0x24 CMakeFiles/Picow-pi7.dir/pi7/trj_program/trj_program.c.obj
                0x0000000010001064                tpr_init
 .text.tst_getCurrentLine
                0x0000000010001088        0xc CMakeFiles/Picow-pi7.dir/pi7/trj_state/trj_state.c.obj
                0x0000000010001088                tst_getCurrentLine
 .text.tst_setCurrentLine
                0x0000000010001094        0xc CMakeFiles/Picow-pi7.dir/pi7/trj_state/trj_state.c.obj
                0x0000000010001094                tst_setCurrentLine
 .text.tst_getX
                0x00000000100010a0        0xc CMakeFiles/Picow-pi7.dir/pi7/trj_state/trj_state.c.obj
                0x00000000100010a0                tst_getX
 .text.tst_getY
                0x00000000100010ac        0xc CMakeFiles/Picow-pi7.dir/pi7/trj_state/trj_state.c.obj
                0x00000000100010ac                tst_getY
 .text.tst_getZ
                0x00000000100010b8        0xc CMakeFiles/Picow-pi7.dir/pi7/trj_state/trj_state.c.obj
                0x00000000100010b8                tst_getZ
 .text.tst_getDeltaX
                0x00000000100010c4        0xc CMakeFiles/Picow-pi7.dir/pi7/trj_state/trj_state.c.obj
                0x00000000100010c4                tst_getDeltaX
 .text.tst_getDeltaY
                0x00000000100010d0        0xc CMakeFiles/Picow-pi7.dir/pi7/trj_state/trj_state.c.obj
                0x00000000100010d0                tst_getDeltaY
 .text.tst_setDeltaX
                0x00000000100010dc        0xc CMakeFiles/Picow-pi7.dir/pi7/trj_state/trj_state.c.obj
                0x00000000100010dc                tst_setDeltaX
 .text.tst_setDeltaY
                0x00000000100010e8        0xc CMakeFiles/Picow-pi7.dir/pi7/trj_state/trj_state.c.obj
                0x00000000100010e8                tst_setDeltaY
 .text.tst_getStep
                0x00000000100010f4        0xc CMakeFiles/Picow-pi7.dir/pi7/trj_state/trj_state.c.obj
                0x00000000100010f4                tst_getStep
 .text.tst_setStep
                0x0000000010001100        0xc CMakeFiles/Picow-pi7.dir/pi7/trj_state/trj_state.c.obj
                0x0000000010001100                tst_setStep
 .text.tst_init
                0x000000001000110c       0x40 CMakeFiles/Picow-pi7.dir/pi7/trj_state/trj_state.c.obj
                0x000000001000110c                tst_init
 .text.parse_gcode
                0x000000001000114c       0xb4 CMakeFiles/Picow-pi7.dir/pi7/gcode_parser/gcode_parser.c.obj
                0x000000001000114c                parse_gcode
 .text.gpio_set_function
                0x0000000010001200       0x30 CMakeFiles/Picow-pi7.dir/home/consmariano/PicoW-pi7/pico-sdk/src/rp2_common/hardware_gpio/gpio.c.obj
                0x0000000010001200                gpio_set_function
 .text.gpio_set_pulls
                0x0000000010001230       0x34 CMakeFiles/Picow-pi7.dir/home/consmariano/PicoW-pi7/pico-sdk/src/rp2_common/hardware_gpio/gpio.c.obj
                0x0000000010001230                gpio_set_pulls
 .text.gpio_set_input_hysteresis_enabled
                0x0000000010001264       0x30 CMakeFiles/Picow-pi7.dir/home/consmariano/PicoW-pi7/pico-sdk/src/rp2_common/hardware_gpio/gpio.c.obj
                0x0000000010001264                gpio_set_input_hysteresis_enabled
 .text.gpio_add_raw_irq_handler_with_order_priority_masked
                0x0000000010001294       0x40 CMakeFiles/Picow-pi7.dir/home/consmariano/PicoW-pi7/pico-sdk/src/rp2_common/hardware_gpio/gpio.c.obj
                0x0000000010001294                gpio_add_raw_irq_handler_with_order_priority_masked
 .text.gpio_remove_raw_irq_handler_masked
                0x00000000100012d4       0x48 CMakeFiles/Picow-pi7.dir/home/consmariano/PicoW-pi7/pico-sdk/src/rp2_common/hardware_gpio/gpio.c.obj
                0x00000000100012d4                gpio_remove_raw_irq_handler_masked
 .text.gpio_acknowledge_irq
                0x000000001000131c       0x18 CMakeFiles/Picow-pi7.dir/home/consmariano/PicoW-pi7/pico-sdk/src/rp2_common/hardware_gpio/gpio.c.obj
                0x000000001000131c                gpio_acknowledge_irq
 .text._gpio_set_irq_enabled
                0x0000000010001334       0x34 CMakeFiles/Picow-pi7.dir/home/consmariano/PicoW-pi7/pico-sdk/src/rp2_common/hardware_gpio/gpio.c.obj
 .text.gpio_set_irq_enabled
                0x0000000010001368       0x20 CMakeFiles/Picow-pi7.dir/home/consmariano/PicoW-pi7/pico-sdk/src/rp2_common/hardware_gpio/gpio.c.obj
                0x0000000010001368                gpio_set_irq_enabled
 .text.gpio_init
                0x0000000010001388       0x16 CMakeFiles/Picow-pi7.dir/home/consmariano/PicoW-pi7/pico-sdk/src/rp2_common/hardware_gpio/gpio.c.obj
                0x0000000010001388                gpio_init
 *fill*         0x000000001000139e        0x2 
 .text.running_on_fpga
                0x00000000100013a0       0x14 CMakeFiles/Picow-pi7.dir/home/consmariano/PicoW-pi7/pico-sdk/src/rp2_common/pico_platform/platform.c.obj
                0x00000000100013a0                running_on_fpga
 .text.hw_claim_lock
                0x00000000100013b4       0x18 CMakeFiles/Picow-pi7.dir/home/consmariano/PicoW-pi7/pico-sdk/src/rp2_common/hardware_claim/claim.c.obj
                0x00000000100013b4                hw_claim_lock
 .text.hw_claim_unlock
                0x00000000100013cc       0x14 CMakeFiles/Picow-pi7.dir/home/consmariano/PicoW-pi7/pico-sdk/src/rp2_common/hardware_claim/claim.c.obj
                0x00000000100013cc                hw_claim_unlock
 .text.hw_claim_or_assert
                0x00000000100013e0       0x32 CMakeFiles/Picow-pi7.dir/home/consmariano/PicoW-pi7/pico-sdk/src/rp2_common/hardware_claim/claim.c.obj
                0x00000000100013e0                hw_claim_or_assert
 .text.hw_claim_unused_from_range
                0x0000000010001412       0x50 CMakeFiles/Picow-pi7.dir/home/consmariano/PicoW-pi7/pico-sdk/src/rp2_common/hardware_claim/claim.c.obj
                0x0000000010001412                hw_claim_unused_from_range
 *fill*         0x0000000010001462        0x2 
 .text.hw_claim_clear
                0x0000000010001464       0x40 CMakeFiles/Picow-pi7.dir/home/consmariano/PicoW-pi7/pico-sdk/src/rp2_common/hardware_claim/claim.c.obj
                0x0000000010001464                hw_claim_clear
 .text.spin_locks_reset
                0x00000000100014a4       0x20 CMakeFiles/Picow-pi7.dir/home/consmariano/PicoW-pi7/pico-sdk/src/rp2_common/hardware_sync/sync.c.obj
                0x00000000100014a4                spin_locks_reset
 .text.next_striped_spin_lock_num
                0x00000000100014c4       0x1c CMakeFiles/Picow-pi7.dir/home/consmariano/PicoW-pi7/pico-sdk/src/rp2_common/hardware_sync/sync.c.obj
                0x00000000100014c4                next_striped_spin_lock_num
 .text.spin_lock_claim
                0x00000000100014e0       0x18 CMakeFiles/Picow-pi7.dir/home/consmariano/PicoW-pi7/pico-sdk/src/rp2_common/hardware_sync/sync.c.obj
                0x00000000100014e0                spin_lock_claim
 .text.spin_lock_claim_unused
                0x00000000100014f8       0x20 CMakeFiles/Picow-pi7.dir/home/consmariano/PicoW-pi7/pico-sdk/src/rp2_common/hardware_sync/sync.c.obj
                0x00000000100014f8                spin_lock_claim_unused
 .text.set_raw_irq_handler_and_unlock
                0x0000000010001518       0x28 CMakeFiles/Picow-pi7.dir/home/consmariano/PicoW-pi7/pico-sdk/src/rp2_common/hardware_irq/irq.c.obj
 .text.get_user_irq_claim_index
                0x0000000010001540        0x6 CMakeFiles/Picow-pi7.dir/home/consmariano/PicoW-pi7/pico-sdk/src/rp2_common/hardware_irq/irq.c.obj
 *fill*         0x0000000010001546        0x2 
 .text.make_branch
                0x0000000010001548       0x48 CMakeFiles/Picow-pi7.dir/home/consmariano/PicoW-pi7/pico-sdk/src/rp2_common/hardware_irq/irq.c.obj
 .text.insert_branch_and_link
                0x0000000010001590       0x40 CMakeFiles/Picow-pi7.dir/home/consmariano/PicoW-pi7/pico-sdk/src/rp2_common/hardware_irq/irq.c.obj
 .text.irq_is_enabled
                0x00000000100015d0       0x18 CMakeFiles/Picow-pi7.dir/home/consmariano/PicoW-pi7/pico-sdk/src/rp2_common/hardware_irq/irq.c.obj
                0x00000000100015d0                irq_is_enabled
 .text.irq_set_mask_enabled
                0x00000000100015e8       0x20 CMakeFiles/Picow-pi7.dir/home/consmariano/PicoW-pi7/pico-sdk/src/rp2_common/hardware_irq/irq.c.obj
                0x00000000100015e8                irq_set_mask_enabled
 .text.irq_set_enabled
                0x0000000010001608        0xe CMakeFiles/Picow-pi7.dir/home/consmariano/PicoW-pi7/pico-sdk/src/rp2_common/hardware_irq/irq.c.obj
                0x0000000010001608                irq_set_enabled
 *fill*         0x0000000010001616        0x2 
 .text.irq_set_pending
                0x0000000010001618       0x10 CMakeFiles/Picow-pi7.dir/home/consmariano/PicoW-pi7/pico-sdk/src/rp2_common/hardware_irq/irq.c.obj
                0x0000000010001618                irq_set_pending
 .text.irq_get_vtable_handler
                0x0000000010001628       0x10 CMakeFiles/Picow-pi7.dir/home/consmariano/PicoW-pi7/pico-sdk/src/rp2_common/hardware_irq/irq.c.obj
                0x0000000010001628                irq_get_vtable_handler
 .text.irq_has_shared_handler
                0x0000000010001638       0x24 CMakeFiles/Picow-pi7.dir/home/consmariano/PicoW-pi7/pico-sdk/src/rp2_common/hardware_irq/irq.c.obj
                0x0000000010001638                irq_has_shared_handler
 .text.irq_set_exclusive_handler
                0x000000001000165c       0x54 CMakeFiles/Picow-pi7.dir/home/consmariano/PicoW-pi7/pico-sdk/src/rp2_common/hardware_irq/irq.c.obj
                0x000000001000165c                irq_set_exclusive_handler
 .text.irq_add_shared_handler
                0x00000000100016b0      0x234 CMakeFiles/Picow-pi7.dir/home/consmariano/PicoW-pi7/pico-sdk/src/rp2_common/hardware_irq/irq.c.obj
                0x00000000100016b0                irq_add_shared_handler
 .text.irq_remove_handler
                0x00000000100018e4      0x1ac CMakeFiles/Picow-pi7.dir/home/consmariano/PicoW-pi7/pico-sdk/src/rp2_common/hardware_irq/irq.c.obj
                0x00000000100018e4                irq_remove_handler
 .text.irq_set_priority
                0x0000000010001a90       0x28 CMakeFiles/Picow-pi7.dir/home/consmariano/PicoW-pi7/pico-sdk/src/rp2_common/hardware_irq/irq.c.obj
                0x0000000010001a90                irq_set_priority
 .text.irq_add_tail_to_free_list
                0x0000000010001ab8       0xf0 CMakeFiles/Picow-pi7.dir/home/consmariano/PicoW-pi7/pico-sdk/src/rp2_common/hardware_irq/irq.c.obj
                0x0000000010001ab8                irq_add_tail_to_free_list
 .text.irq_init_priorities
                0x0000000010001ba8       0x1c CMakeFiles/Picow-pi7.dir/home/consmariano/PicoW-pi7/pico-sdk/src/rp2_common/hardware_irq/irq.c.obj
                0x0000000010001ba8                irq_init_priorities
 .text.user_irq_unclaim
                0x0000000010001bc4       0x14 CMakeFiles/Picow-pi7.dir/home/consmariano/PicoW-pi7/pico-sdk/src/rp2_common/hardware_irq/irq.c.obj
                0x0000000010001bc4                user_irq_unclaim
 .text.user_irq_claim_unused
                0x0000000010001bd8       0x28 CMakeFiles/Picow-pi7.dir/home/consmariano/PicoW-pi7/pico-sdk/src/rp2_common/hardware_irq/irq.c.obj
                0x0000000010001bd8                user_irq_claim_unused
 .text.sem_init
                0x0000000010001c00       0x1e CMakeFiles/Picow-pi7.dir/home/consmariano/PicoW-pi7/pico-sdk/src/common/pico_sync/sem.c.obj
                0x0000000010001c00                sem_init
 *fill*         0x0000000010001c1e        0x2 
 .text.lock_init
                0x0000000010001c20       0x10 CMakeFiles/Picow-pi7.dir/home/consmariano/PicoW-pi7/pico-sdk/src/common/pico_sync/lock_core.c.obj
                0x0000000010001c20                lock_init
 .text.mutex_init
                0x0000000010001c30       0x1c CMakeFiles/Picow-pi7.dir/home/consmariano/PicoW-pi7/pico-sdk/src/common/pico_sync/mutex.c.obj
                0x0000000010001c30                mutex_init
 .text.recursive_mutex_init
                0x0000000010001c4c       0x20 CMakeFiles/Picow-pi7.dir/home/consmariano/PicoW-pi7/pico-sdk/src/common/pico_sync/mutex.c.obj
                0x0000000010001c4c                recursive_mutex_init
 .text.critical_section_init_with_lock_num
                0x0000000010001c6c       0x14 CMakeFiles/Picow-pi7.dir/home/consmariano/PicoW-pi7/pico-sdk/src/common/pico_sync/critical_section.c.obj
                0x0000000010001c6c                critical_section_init_with_lock_num
 .text.critical_section_init
                0x0000000010001c80       0x14 CMakeFiles/Picow-pi7.dir/home/consmariano/PicoW-pi7/pico-sdk/src/common/pico_sync/critical_section.c.obj
                0x0000000010001c80                critical_section_init
 .text.alarm_pool_post_alloc_init
                0x0000000010001c94       0x40 CMakeFiles/Picow-pi7.dir/home/consmariano/PicoW-pi7/pico-sdk/src/common/pico_time/time.c.obj
 .text.sleep_until_callback
                0x0000000010001cd4       0x28 CMakeFiles/Picow-pi7.dir/home/consmariano/PicoW-pi7/pico-sdk/src/common/pico_time/time.c.obj
 .text.timer_pool_entry_comparator
                0x0000000010001cfc       0x7c CMakeFiles/Picow-pi7.dir/home/consmariano/PicoW-pi7/pico-sdk/src/common/pico_time/time.c.obj
                0x0000000010001cfc                timer_pool_entry_comparator
 .text.ph_add_child_node
                0x0000000010001d78       0xa4 CMakeFiles/Picow-pi7.dir/home/consmariano/PicoW-pi7/pico-sdk/src/common/pico_time/time.c.obj
 .text.ph_merge_nodes
                0x0000000010001e1c       0x3e CMakeFiles/Picow-pi7.dir/home/consmariano/PicoW-pi7/pico-sdk/src/common/pico_time/time.c.obj
 *fill*         0x0000000010001e5a        0x2 
 .text.add_alarm_under_lock
                0x0000000010001e5c      0x174 CMakeFiles/Picow-pi7.dir/home/consmariano/PicoW-pi7/pico-sdk/src/common/pico_time/time.c.obj
 .text.alarm_pool_alarm_callback
                0x0000000010001fd0      0x33c CMakeFiles/Picow-pi7.dir/home/consmariano/PicoW-pi7/pico-sdk/src/common/pico_time/time.c.obj
 .text.alarm_pool_init_default
                0x000000001000230c       0x40 CMakeFiles/Picow-pi7.dir/home/consmariano/PicoW-pi7/pico-sdk/src/common/pico_time/time.c.obj
                0x000000001000230c                alarm_pool_init_default
 .text.alarm_pool_get_default
                0x000000001000234c       0x2c CMakeFiles/Picow-pi7.dir/home/consmariano/PicoW-pi7/pico-sdk/src/common/pico_time/time.c.obj
                0x000000001000234c                alarm_pool_get_default
 .text.alarm_pool_create_with_unused_hardware_alarm
                0x0000000010002378       0x44 CMakeFiles/Picow-pi7.dir/home/consmariano/PicoW-pi7/pico-sdk/src/common/pico_time/time.c.obj
                0x0000000010002378                alarm_pool_create_with_unused_hardware_alarm
 .text.alarm_pool_destroy
                0x00000000100023bc       0x78 CMakeFiles/Picow-pi7.dir/home/consmariano/PicoW-pi7/pico-sdk/src/common/pico_time/time.c.obj
                0x00000000100023bc                alarm_pool_destroy
 .text.alarm_pool_add_alarm_at
                0x0000000010002434      0x168 CMakeFiles/Picow-pi7.dir/home/consmariano/PicoW-pi7/pico-sdk/src/common/pico_time/time.c.obj
                0x0000000010002434                alarm_pool_add_alarm_at
 .text.alarm_pool_add_alarm_at_force_in_context
                0x000000001000259c       0xa4 CMakeFiles/Picow-pi7.dir/home/consmariano/PicoW-pi7/pico-sdk/src/common/pico_time/time.c.obj
                0x000000001000259c                alarm_pool_add_alarm_at_force_in_context
 .text.alarm_pool_cancel_alarm
                0x0000000010002640       0xf8 CMakeFiles/Picow-pi7.dir/home/consmariano/PicoW-pi7/pico-sdk/src/common/pico_time/time.c.obj
                0x0000000010002640                alarm_pool_cancel_alarm
 .text.alarm_pool_core_num
                0x0000000010002738        0x4 CMakeFiles/Picow-pi7.dir/home/consmariano/PicoW-pi7/pico-sdk/src/common/pico_time/time.c.obj
                0x0000000010002738                alarm_pool_core_num
 .text.sleep_until
                0x000000001000273c       0xf0 CMakeFiles/Picow-pi7.dir/home/consmariano/PicoW-pi7/pico-sdk/src/common/pico_time/time.c.obj
                0x000000001000273c                sleep_until
 .text.sleep_us
                0x000000001000282c       0x58 CMakeFiles/Picow-pi7.dir/home/consmariano/PicoW-pi7/pico-sdk/src/common/pico_time/time.c.obj
                0x000000001000282c                sleep_us
 .text.sleep_ms
                0x0000000010002884       0x14 CMakeFiles/Picow-pi7.dir/home/consmariano/PicoW-pi7/pico-sdk/src/common/pico_time/time.c.obj
                0x0000000010002884                sleep_ms
 .text.best_effort_wfe_or_timeout
                0x0000000010002898       0xac CMakeFiles/Picow-pi7.dir/home/consmariano/PicoW-pi7/pico-sdk/src/common/pico_time/time.c.obj
                0x0000000010002898                best_effort_wfe_or_timeout
 .text.hardware_alarm_irq_handler
                0x0000000010002944       0x90 CMakeFiles/Picow-pi7.dir/home/consmariano/PicoW-pi7/pico-sdk/src/rp2_common/hardware_timer/timer.c.obj
 .text.hardware_alarm_claim
                0x00000000100029d4       0x18 CMakeFiles/Picow-pi7.dir/home/consmariano/PicoW-pi7/pico-sdk/src/rp2_common/hardware_timer/timer.c.obj
                0x00000000100029d4                hardware_alarm_claim
 .text.hardware_alarm_unclaim
                0x00000000100029ec       0x10 CMakeFiles/Picow-pi7.dir/home/consmariano/PicoW-pi7/pico-sdk/src/rp2_common/hardware_timer/timer.c.obj
                0x00000000100029ec                hardware_alarm_unclaim
 .text.hardware_alarm_claim_unused
                0x00000000100029fc       0x20 CMakeFiles/Picow-pi7.dir/home/consmariano/PicoW-pi7/pico-sdk/src/rp2_common/hardware_timer/timer.c.obj
                0x00000000100029fc                hardware_alarm_claim_unused
 .text.time_us_64
                0x0000000010002a1c       0x18 CMakeFiles/Picow-pi7.dir/home/consmariano/PicoW-pi7/pico-sdk/src/rp2_common/hardware_timer/timer.c.obj
                0x0000000010002a1c                time_us_64
 .text.busy_wait_until
                0x0000000010002a34       0x28 CMakeFiles/Picow-pi7.dir/home/consmariano/PicoW-pi7/pico-sdk/src/rp2_common/hardware_timer/timer.c.obj
                0x0000000010002a34                busy_wait_until
 .text.busy_wait_us
                0x0000000010002a5c       0x48 CMakeFiles/Picow-pi7.dir/home/consmariano/PicoW-pi7/pico-sdk/src/rp2_common/hardware_timer/timer.c.obj
                0x0000000010002a5c                busy_wait_us
 .text.hardware_alarm_set_callback
                0x0000000010002aa4       0x90 CMakeFiles/Picow-pi7.dir/home/consmariano/PicoW-pi7/pico-sdk/src/rp2_common/hardware_timer/timer.c.obj
                0x0000000010002aa4                hardware_alarm_set_callback
 .text.hardware_alarm_set_target
                0x0000000010002b34       0xe8 CMakeFiles/Picow-pi7.dir/home/consmariano/PicoW-pi7/pico-sdk/src/rp2_common/hardware_timer/timer.c.obj
                0x0000000010002b34                hardware_alarm_set_target
 .text.hardware_alarm_cancel
                0x0000000010002c1c       0x40 CMakeFiles/Picow-pi7.dir/home/consmariano/PicoW-pi7/pico-sdk/src/rp2_common/hardware_timer/timer.c.obj
                0x0000000010002c1c                hardware_alarm_cancel
 .text.hardware_alarm_force_irq
                0x0000000010002c5c       0x40 CMakeFiles/Picow-pi7.dir/home/consmariano/PicoW-pi7/pico-sdk/src/rp2_common/hardware_timer/timer.c.obj
                0x0000000010002c5c                hardware_alarm_force_irq
 .text.ph_add_child_node
                0x0000000010002c9c       0xa4 CMakeFiles/Picow-pi7.dir/home/consmariano/PicoW-pi7/pico-sdk/src/common/pico_util/pheap.c.obj
 .text.ph_merge_nodes
                0x0000000010002d40       0x3e CMakeFiles/Picow-pi7.dir/home/consmariano/PicoW-pi7/pico-sdk/src/common/pico_util/pheap.c.obj
 *fill*         0x0000000010002d7e        0x2 
 .text.ph_clear
                0x0000000010002d80       0x70 CMakeFiles/Picow-pi7.dir/home/consmariano/PicoW-pi7/pico-sdk/src/common/pico_util/pheap.c.obj
                0x0000000010002d80                ph_clear
 .text.ph_post_alloc_init
                0x0000000010002df0        0xe CMakeFiles/Picow-pi7.dir/home/consmariano/PicoW-pi7/pico-sdk/src/common/pico_util/pheap.c.obj
                0x0000000010002df0                ph_post_alloc_init
 .text.ph_create
                0x0000000010002dfe       0x2c CMakeFiles/Picow-pi7.dir/home/consmariano/PicoW-pi7/pico-sdk/src/common/pico_util/pheap.c.obj
                0x0000000010002dfe                ph_create
 .text.ph_destroy
                0x0000000010002e2a       0x12 CMakeFiles/Picow-pi7.dir/home/consmariano/PicoW-pi7/pico-sdk/src/common/pico_util/pheap.c.obj
                0x0000000010002e2a                ph_destroy
 .text.ph_merge_two_pass
                0x0000000010002e3c       0xa8 CMakeFiles/Picow-pi7.dir/home/consmariano/PicoW-pi7/pico-sdk/src/common/pico_util/pheap.c.obj
                0x0000000010002e3c                ph_merge_two_pass
 .text.ph_remove_any_head
                0x0000000010002ee4      0x128 CMakeFiles/Picow-pi7.dir/home/consmariano/PicoW-pi7/pico-sdk/src/common/pico_util/pheap.c.obj
 .text.ph_remove_head
                0x000000001000300c       0x14 CMakeFiles/Picow-pi7.dir/home/consmariano/PicoW-pi7/pico-sdk/src/common/pico_util/pheap.c.obj
                0x000000001000300c                ph_remove_head
 .text.ph_remove_and_free_node
                0x0000000010003020       0xf8 CMakeFiles/Picow-pi7.dir/home/consmariano/PicoW-pi7/pico-sdk/src/common/pico_util/pheap.c.obj
                0x0000000010003020                ph_remove_and_free_node
 .text.uart_disable_before_lcr_write
                0x0000000010003118       0x48 CMakeFiles/Picow-pi7.dir/home/consmariano/PicoW-pi7/pico-sdk/src/rp2_common/hardware_uart/uart.c.obj
 .text.uart_write_lcr_bits_masked
                0x0000000010003160       0x22 CMakeFiles/Picow-pi7.dir/home/consmariano/PicoW-pi7/pico-sdk/src/rp2_common/hardware_uart/uart.c.obj
 *fill*         0x0000000010003182        0x2 
 .text.uart_set_baudrate
                0x0000000010003184       0x5c CMakeFiles/Picow-pi7.dir/home/consmariano/PicoW-pi7/pico-sdk/src/rp2_common/hardware_uart/uart.c.obj
                0x0000000010003184                uart_set_baudrate
 .text.uart_set_format
                0x00000000100031e0       0x2c CMakeFiles/Picow-pi7.dir/home/consmariano/PicoW-pi7/pico-sdk/src/rp2_common/hardware_uart/uart.c.obj
                0x00000000100031e0                uart_set_format
 .text.uart_set_translate_crlf
                0x000000001000320c       0x28 CMakeFiles/Picow-pi7.dir/home/consmariano/PicoW-pi7/pico-sdk/src/rp2_common/hardware_uart/uart.c.obj
                0x000000001000320c                uart_set_translate_crlf
 .text.uart_init
                0x0000000010003234       0x80 CMakeFiles/Picow-pi7.dir/home/consmariano/PicoW-pi7/pico-sdk/src/rp2_common/hardware_uart/uart.c.obj
                0x0000000010003234                uart_init
 .text.clock_configure
                0x00000000100032b4      0x108 CMakeFiles/Picow-pi7.dir/home/consmariano/PicoW-pi7/pico-sdk/src/rp2_common/hardware_clocks/clocks.c.obj
                0x00000000100032b4                clock_configure
 .text.clocks_init
                0x00000000100033bc      0x100 CMakeFiles/Picow-pi7.dir/home/consmariano/PicoW-pi7/pico-sdk/src/rp2_common/hardware_clocks/clocks.c.obj
                0x00000000100033bc                clocks_init
 .text.clock_get_hz
                0x00000000100034bc        0xc CMakeFiles/Picow-pi7.dir/home/consmariano/PicoW-pi7/pico-sdk/src/rp2_common/hardware_clocks/clocks.c.obj
                0x00000000100034bc                clock_get_hz
 .text.pll_init
                0x00000000100034c8      0x120 CMakeFiles/Picow-pi7.dir/home/consmariano/PicoW-pi7/pico-sdk/src/rp2_common/hardware_pll/pll.c.obj
                0x00000000100034c8                pll_init
 .text.watchdog_start_tick
                0x00000000100035e8       0x10 CMakeFiles/Picow-pi7.dir/home/consmariano/PicoW-pi7/pico-sdk/src/rp2_common/hardware_watchdog/watchdog.c.obj
                0x00000000100035e8                watchdog_start_tick
 .text.watchdog_update
                0x00000000100035f8       0x14 CMakeFiles/Picow-pi7.dir/home/consmariano/PicoW-pi7/pico-sdk/src/rp2_common/hardware_watchdog/watchdog.c.obj
                0x00000000100035f8                watchdog_update
 .text._watchdog_enable
                0x000000001000360c       0x78 CMakeFiles/Picow-pi7.dir/home/consmariano/PicoW-pi7/pico-sdk/src/rp2_common/hardware_watchdog/watchdog.c.obj
                0x000000001000360c                _watchdog_enable
 .text.watchdog_reboot
                0x0000000010003684       0x48 CMakeFiles/Picow-pi7.dir/home/consmariano/PicoW-pi7/pico-sdk/src/rp2_common/hardware_watchdog/watchdog.c.obj
                0x0000000010003684                watchdog_reboot
 .text.xosc_init
                0x00000000100036cc       0x28 CMakeFiles/Picow-pi7.dir/home/consmariano/PicoW-pi7/pico-sdk/src/rp2_common/hardware_xosc/xosc.c.obj
                0x00000000100036cc                xosc_init
 .text._exit    0x00000000100036f4        0x4 CMakeFiles/Picow-pi7.dir/home/consmariano/PicoW-pi7/pico-sdk/src/rp2_common/pico_runtime/runtime.c.obj
                0x00000000100036f4                _exit
 .text._sbrk    0x00000000100036f8       0x38 CMakeFiles/Picow-pi7.dir/home/consmariano/PicoW-pi7/pico-sdk/src/rp2_common/pico_runtime/runtime.c.obj
                0x00000000100036f8                _sbrk
 .text.exit     0x0000000010003730        0x6 CMakeFiles/Picow-pi7.dir/home/consmariano/PicoW-pi7/pico-sdk/src/rp2_common/pico_runtime/runtime.c.obj
                0x0000000010003730                exit
 *fill*         0x0000000010003736        0x2 
 .text.__assert_func
                0x0000000010003738       0x3c CMakeFiles/Picow-pi7.dir/home/consmariano/PicoW-pi7/pico-sdk/src/rp2_common/pico_runtime/runtime.c.obj
                0x0000000010003738                __assert_func
 .text.runtime_init
                0x0000000010003774       0xf8 CMakeFiles/Picow-pi7.dir/home/consmariano/PicoW-pi7/pico-sdk/src/rp2_common/pico_runtime/runtime.c.obj
                0x0000000010003774                runtime_init
 .text.panic    0x000000001000386c       0x30 CMakeFiles/Picow-pi7.dir/home/consmariano/PicoW-pi7/pico-sdk/src/rp2_common/pico_runtime/runtime.c.obj
                0x000000001000386c                panic
 .text.panic_unsupported
                0x000000001000389c        0xc CMakeFiles/Picow-pi7.dir/home/consmariano/PicoW-pi7/pico-sdk/src/rp2_common/pico_runtime/runtime.c.obj
                0x000000001000389c                panic_unsupported
 .text._out_buffer
                0x00000000100038a8        0x8 CMakeFiles/Picow-pi7.dir/home/consmariano/PicoW-pi7/pico-sdk/src/rp2_common/pico_printf/printf.c.obj
 .text._out_null
                0x00000000100038b0        0x2 CMakeFiles/Picow-pi7.dir/home/consmariano/PicoW-pi7/pico-sdk/src/rp2_common/pico_printf/printf.c.obj
 .text._out_fct
                0x00000000100038b2        0xe CMakeFiles/Picow-pi7.dir/home/consmariano/PicoW-pi7/pico-sdk/src/rp2_common/pico_printf/printf.c.obj
 .text._atoi    0x00000000100038c0       0x24 CMakeFiles/Picow-pi7.dir/home/consmariano/PicoW-pi7/pico-sdk/src/rp2_common/pico_printf/printf.c.obj
 .text._out_rev
                0x00000000100038e4       0xae CMakeFiles/Picow-pi7.dir/home/consmariano/PicoW-pi7/pico-sdk/src/rp2_common/pico_printf/printf.c.obj
 .text._ntoa_format
                0x0000000010003992      0x112 CMakeFiles/Picow-pi7.dir/home/consmariano/PicoW-pi7/pico-sdk/src/rp2_common/pico_printf/printf.c.obj
 .text._ntoa_long
                0x0000000010003aa4       0xbc CMakeFiles/Picow-pi7.dir/home/consmariano/PicoW-pi7/pico-sdk/src/rp2_common/pico_printf/printf.c.obj
 .text._ntoa_long_long
                0x0000000010003b60       0xe2 CMakeFiles/Picow-pi7.dir/home/consmariano/PicoW-pi7/pico-sdk/src/rp2_common/pico_printf/printf.c.obj
 *fill*         0x0000000010003c42        0x2 
 .text._etoa    0x0000000010003c44      0x414 CMakeFiles/Picow-pi7.dir/home/consmariano/PicoW-pi7/pico-sdk/src/rp2_common/pico_printf/printf.c.obj
 .text._ftoa    0x0000000010004058      0x354 CMakeFiles/Picow-pi7.dir/home/consmariano/PicoW-pi7/pico-sdk/src/rp2_common/pico_printf/printf.c.obj
 .text._vsnprintf
                0x00000000100043ac      0x624 CMakeFiles/Picow-pi7.dir/home/consmariano/PicoW-pi7/pico-sdk/src/rp2_common/pico_printf/printf.c.obj
 .text.__wrap_sprintf
                0x00000000100049d0       0x28 CMakeFiles/Picow-pi7.dir/home/consmariano/PicoW-pi7/pico-sdk/src/rp2_common/pico_printf/printf.c.obj
                0x00000000100049d0                __wrap_sprintf
 .text.vfctprintf
                0x00000000100049f8       0x20 CMakeFiles/Picow-pi7.dir/home/consmariano/PicoW-pi7/pico-sdk/src/rp2_common/pico_printf/printf.c.obj
                0x00000000100049f8                vfctprintf
 .text          0x0000000010004a18       0x10 CMakeFiles/Picow-pi7.dir/home/consmariano/PicoW-pi7/pico-sdk/src/rp2_common/pico_bit_ops/bit_ops_aeabi.S.obj
 .text.ctzsi    0x0000000010004a28        0xc CMakeFiles/Picow-pi7.dir/home/consmariano/PicoW-pi7/pico-sdk/src/rp2_common/pico_bit_ops/bit_ops_aeabi.S.obj
                0x0000000010004a28                __wrap___ctzsi2
 .text.rom_func_lookup
                0x0000000010004a34       0x10 CMakeFiles/Picow-pi7.dir/home/consmariano/PicoW-pi7/pico-sdk/src/rp2_common/pico_bootrom/bootrom.c.obj
                0x0000000010004a34                rom_func_lookup
 .text.rom_data_lookup
                0x0000000010004a44       0x10 CMakeFiles/Picow-pi7.dir/home/consmariano/PicoW-pi7/pico-sdk/src/rp2_common/pico_bootrom/bootrom.c.obj
                0x0000000010004a44                rom_data_lookup
 .text.rom_funcs_lookup
                0x0000000010004a54       0x36 CMakeFiles/Picow-pi7.dir/home/consmariano/PicoW-pi7/pico-sdk/src/rp2_common/pico_bootrom/bootrom.c.obj
                0x0000000010004a54                rom_funcs_lookup
 *fill*         0x0000000010004a8a        0x2 
 .text.__wrap___aeabi_idiv
                0x0000000010004a8c       0x50 CMakeFiles/Picow-pi7.dir/home/consmariano/PicoW-pi7/pico-sdk/src/rp2_common/pico_divider/divider.S.obj
                0x0000000010004a8c                __wrap___aeabi_idivmod
                0x0000000010004a8c                divmod_s32s32
                0x0000000010004a8c                div_s32s32
                0x0000000010004a8c                __wrap___aeabi_idiv
                0x0000000010004a94                divmod_s32s32_unsafe
                0x0000000010004ac0                divmod_s32s32_savestate
 .text.__wrap___aeabi_uidiv
                0x0000000010004adc       0x4c CMakeFiles/Picow-pi7.dir/home/consmariano/PicoW-pi7/pico-sdk/src/rp2_common/pico_divider/divider.S.obj
                0x0000000010004adc                __wrap___aeabi_uidiv
                0x0000000010004adc                __wrap___aeabi_uidivmod
                0x0000000010004adc                div_u32u32
                0x0000000010004adc                divmod_u32u32
                0x0000000010004ae4                divmod_u32u32_unsafe
                0x0000000010004b0c                divmod_u32u32_savestate
 .text.__wrap___aeabi_ldiv
                0x0000000010004b28      0x424 CMakeFiles/Picow-pi7.dir/home/consmariano/PicoW-pi7/pico-sdk/src/rp2_common/pico_divider/divider.S.obj
                0x0000000010004b28                div_s64s64
                0x0000000010004b28                divmod_s64s64
                0x0000000010004b28                __wrap___aeabi_ldivmod
                0x0000000010004b58                div_u64u64
                0x0000000010004b58                divmod_u64u64
                0x0000000010004b58                __wrap___aeabi_uldivmod
                0x0000000010004b68                divmod_u64u64_savestate
                0x0000000010004b88                divmod_s64s64_unsafe
                0x0000000010004c10                divmod_u64u64_unsafe
 .text.__wrap___aeabi_darithmetic
                0x0000000010004f4c       0x60 CMakeFiles/Picow-pi7.dir/home/consmariano/PicoW-pi7/pico-sdk/src/rp2_common/pico_double/double_aeabi.S.obj
                0x0000000010004f4c                __wrap___aeabi_drsub
                0x0000000010004f52                __wrap___aeabi_dsub
                0x0000000010004f5c                __wrap___aeabi_dadd
                0x0000000010004f66                __wrap___aeabi_ddiv
                0x0000000010004f9a                __wrap___aeabi_dmul
 .text.__wrap___aeabi_cdcmple
                0x0000000010004fac       0x6c CMakeFiles/Picow-pi7.dir/home/consmariano/PicoW-pi7/pico-sdk/src/rp2_common/pico_double/double_aeabi.S.obj
                0x0000000010004fac                __wrap___aeabi_cdrcmple
                0x0000000010004fbc                __wrap___aeabi_cdcmple
                0x0000000010004fbc                __wrap___aeabi_cdcmpeq
 .text.__wrap___aeabi_dcmpeq
                0x0000000010005018       0x10 CMakeFiles/Picow-pi7.dir/home/consmariano/PicoW-pi7/pico-sdk/src/rp2_common/pico_double/double_aeabi.S.obj
                0x0000000010005018                __wrap___aeabi_dcmpeq
 .text.__wrap___aeabi_dcmplt
                0x0000000010005028        0xc CMakeFiles/Picow-pi7.dir/home/consmariano/PicoW-pi7/pico-sdk/src/rp2_common/pico_double/double_aeabi.S.obj
                0x0000000010005028                __wrap___aeabi_dcmplt
 .text.__wrap___aeabi_dcmple
                0x0000000010005034       0x10 CMakeFiles/Picow-pi7.dir/home/consmariano/PicoW-pi7/pico-sdk/src/rp2_common/pico_double/double_aeabi.S.obj
                0x0000000010005034                __wrap___aeabi_dcmple
 .text.__wrap___aeabi_dcmpge
                0x0000000010005044       0x10 CMakeFiles/Picow-pi7.dir/home/consmariano/PicoW-pi7/pico-sdk/src/rp2_common/pico_double/double_aeabi.S.obj
                0x0000000010005044                __wrap___aeabi_dcmpge
 .text.__wrap___aeabi_dcmpgt
                0x0000000010005054        0xa CMakeFiles/Picow-pi7.dir/home/consmariano/PicoW-pi7/pico-sdk/src/rp2_common/pico_double/double_aeabi.S.obj
                0x0000000010005054                __wrap___aeabi_dcmpgt
 .text.__wrap___aeabi_dcmpun
                0x000000001000505e       0x1c CMakeFiles/Picow-pi7.dir/home/consmariano/PicoW-pi7/pico-sdk/src/rp2_common/pico_double/double_aeabi.S.obj
                0x000000001000505e                __wrap___aeabi_dcmpun
 *fill*         0x000000001000507a        0x2 
 .text.__wrap___aeabi_i2d
                0x000000001000507c       0x38 CMakeFiles/Picow-pi7.dir/home/consmariano/PicoW-pi7/pico-sdk/src/rp2_common/pico_double/double_aeabi.S.obj
                0x000000001000507c                __wrap___aeabi_ui2d
                0x0000000010005084                __wrap___aeabi_i2d
 .text.__wrap___aeabi_d2iz
                0x00000000100050b4       0x48 CMakeFiles/Picow-pi7.dir/home/consmariano/PicoW-pi7/pico-sdk/src/rp2_common/pico_double/double_aeabi.S.obj
                0x00000000100050b4                __wrap___aeabi_d2iz
                0x00000000100050b4                double2int_z
 .text.__wrap___aeabi_d2uiz
                0x00000000100050fc       0x10 CMakeFiles/Picow-pi7.dir/home/consmariano/PicoW-pi7/pico-sdk/src/rp2_common/pico_double/double_aeabi.S.obj
                0x00000000100050fc                double2uint
                0x00000000100050fc                __wrap___aeabi_d2uiz
 .text.__wrap___aeabi_l2d
                0x000000001000510c       0x10 CMakeFiles/Picow-pi7.dir/home/consmariano/PicoW-pi7/pico-sdk/src/rp2_common/pico_double/double_aeabi.S.obj
                0x000000001000510c                __wrap___aeabi_l2d
 .text.__wrap___aeabi_d2lz
                0x000000001000511c       0x26 CMakeFiles/Picow-pi7.dir/home/consmariano/PicoW-pi7/pico-sdk/src/rp2_common/pico_double/double_aeabi.S.obj
                0x000000001000511c                __wrap___aeabi_d2lz
                0x000000001000511c                double2int64_z
 *fill*         0x0000000010005142        0x2 
 .text.double2int64
                0x0000000010005144       0x10 CMakeFiles/Picow-pi7.dir/home/consmariano/PicoW-pi7/pico-sdk/src/rp2_common/pico_double/double_aeabi.S.obj
                0x0000000010005144                double2int64
 .text.double2ufix64
                0x0000000010005154       0x10 CMakeFiles/Picow-pi7.dir/home/consmariano/PicoW-pi7/pico-sdk/src/rp2_common/pico_double/double_aeabi.S.obj
                0x0000000010005154                double2ufix64
 .text.__wrap___aeabi_d2f
                0x0000000010005164       0x10 CMakeFiles/Picow-pi7.dir/home/consmariano/PicoW-pi7/pico-sdk/src/rp2_common/pico_double/double_aeabi.S.obj
                0x0000000010005164                __wrap___aeabi_d2f
 .text.missing_double_func_shim
                0x0000000010005174        0xc CMakeFiles/Picow-pi7.dir/home/consmariano/PicoW-pi7/pico-sdk/src/rp2_common/pico_double/double_init_rom.c.obj
 .text.__aeabi_double_init
                0x0000000010005180       0xcc CMakeFiles/Picow-pi7.dir/home/consmariano/PicoW-pi7/pico-sdk/src/rp2_common/pico_double/double_init_rom.c.obj
                0x0000000010005180                __aeabi_double_init
 .text.double_table_shim_on_use_helper
                0x000000001000524c       0x34 CMakeFiles/Picow-pi7.dir/home/consmariano/PicoW-pi7/pico-sdk/src/rp2_common/pico_double/double_v1_rom_shim.S.obj
                0x000000001000524c                double_table_shim_on_use_helper
 .text.__aeabi_lmul
                0x0000000010005280       0x32 CMakeFiles/Picow-pi7.dir/home/consmariano/PicoW-pi7/pico-sdk/src/rp2_common/pico_int64_ops/pico_int64_ops_aeabi.S.obj
                0x0000000010005280                __wrap___aeabi_lmul
 *fill*         0x00000000100052b2        0x2 
 .text.__wrap___aeabi_farithmetic
                0x00000000100052b4       0x48 CMakeFiles/Picow-pi7.dir/home/consmariano/PicoW-pi7/pico-sdk/src/rp2_common/pico_float/float_aeabi.S.obj
                0x00000000100052b4                __wrap___aeabi_frsub
                0x00000000100052ba                __wrap___aeabi_fsub
                0x00000000100052c0                __wrap___aeabi_fadd
                0x00000000100052c6                __wrap___aeabi_fdiv
                0x00000000100052ee                __wrap___aeabi_fmul
 .text.__wrap___aeabi_cfcmple
                0x00000000100052fc       0x50 CMakeFiles/Picow-pi7.dir/home/consmariano/PicoW-pi7/pico-sdk/src/rp2_common/pico_float/float_aeabi.S.obj
                0x00000000100052fc                __wrap___aeabi_cfrcmple
                0x0000000010005308                __wrap___aeabi_cfcmpeq
                0x0000000010005308                __wrap___aeabi_cfcmple
 .text.__wrap___aeabi_fcmple
                0x000000001000534c       0x10 CMakeFiles/Picow-pi7.dir/home/consmariano/PicoW-pi7/pico-sdk/src/rp2_common/pico_float/float_aeabi.S.obj
                0x000000001000534c                __wrap___aeabi_fcmple
 .text.__wrap___aeabi_fcmpun
                0x000000001000535c       0x18 CMakeFiles/Picow-pi7.dir/home/consmariano/PicoW-pi7/pico-sdk/src/rp2_common/pico_float/float_aeabi.S.obj
                0x000000001000535c                __wrap___aeabi_fcmpun
 .text.__wrap___aeabi_i2f
                0x0000000010005374       0x44 CMakeFiles/Picow-pi7.dir/home/consmariano/PicoW-pi7/pico-sdk/src/rp2_common/pico_float/float_aeabi.S.obj
                0x0000000010005374                __wrap___aeabi_i2f
 .text.__wrap___aeabi_f2iz
                0x00000000100053b8       0x4e CMakeFiles/Picow-pi7.dir/home/consmariano/PicoW-pi7/pico-sdk/src/rp2_common/pico_float/float_aeabi.S.obj
                0x00000000100053b8                __wrap___aeabi_f2iz
                0x00000000100053b8                float2int_z
 *fill*         0x0000000010005406        0x2 
 .text.float2int
                0x0000000010005408        0xc CMakeFiles/Picow-pi7.dir/home/consmariano/PicoW-pi7/pico-sdk/src/rp2_common/pico_float/float_aeabi.S.obj
                0x0000000010005408                float2int
 .text.__wrap___aeabi_f2uiz
                0x0000000010005414        0xc CMakeFiles/Picow-pi7.dir/home/consmariano/PicoW-pi7/pico-sdk/src/rp2_common/pico_float/float_aeabi.S.obj
                0x0000000010005414                __wrap___aeabi_f2uiz
 .text.__wrap___aeabi_f2d
                0x0000000010005420        0xc CMakeFiles/Picow-pi7.dir/home/consmariano/PicoW-pi7/pico-sdk/src/rp2_common/pico_float/float_aeabi.S.obj
                0x0000000010005420                __wrap___aeabi_f2d
 .text.missing_float_func_shim
                0x000000001000542c        0xc CMakeFiles/Picow-pi7.dir/home/consmariano/PicoW-pi7/pico-sdk/src/rp2_common/pico_float/float_init_rom.c.obj
 .text.__aeabi_float_init
                0x0000000010005438       0x88 CMakeFiles/Picow-pi7.dir/home/consmariano/PicoW-pi7/pico-sdk/src/rp2_common/pico_float/float_init_rom.c.obj
                0x0000000010005438                __aeabi_float_init
 .text.__wrap_malloc
                0x00000000100054c0       0x3c CMakeFiles/Picow-pi7.dir/home/consmariano/PicoW-pi7/pico-sdk/src/rp2_common/pico_malloc/pico_malloc.c.obj
                0x00000000100054c0                __wrap_malloc
 .text.__wrap_calloc
                0x00000000100054fc       0x40 CMakeFiles/Picow-pi7.dir/home/consmariano/PicoW-pi7/pico-sdk/src/rp2_common/pico_malloc/pico_malloc.c.obj
                0x00000000100054fc                __wrap_calloc
 .text.__wrap_free
                0x000000001000553c       0x20 CMakeFiles/Picow-pi7.dir/home/consmariano/PicoW-pi7/pico-sdk/src/rp2_common/pico_malloc/pico_malloc.c.obj
                0x000000001000553c                __wrap_free
 .text          0x000000001000555c       0x10 CMakeFiles/Picow-pi7.dir/home/consmariano/PicoW-pi7/pico-sdk/src/rp2_common/pico_mem_ops/mem_ops_aeabi.S.obj
                0x000000001000555c                __aeabi_mem_init
 .text.memset   0x000000001000556c        0xc CMakeFiles/Picow-pi7.dir/home/consmariano/PicoW-pi7/pico-sdk/src/rp2_common/pico_mem_ops/mem_ops_aeabi.S.obj
                0x000000001000556c                __wrap_memset
 .text.memcpy   0x0000000010005578        0xc CMakeFiles/Picow-pi7.dir/home/consmariano/PicoW-pi7/pico-sdk/src/rp2_common/pico_mem_ops/mem_ops_aeabi.S.obj
                0x0000000010005578                __wrap___aeabi_memcpy
                0x0000000010005578                __wrap_memcpy
 .text.stdio_out_chars_no_crlf
                0x0000000010005584        0xe CMakeFiles/Picow-pi7.dir/home/consmariano/PicoW-pi7/pico-sdk/src/rp2_common/pico_stdio/stdio.c.obj
 *fill*         0x0000000010005592        0x2 
 .text.stdio_out_chars_crlf
                0x0000000010005594       0x80 CMakeFiles/Picow-pi7.dir/home/consmariano/PicoW-pi7/pico-sdk/src/rp2_common/pico_stdio/stdio.c.obj
 .text.stdio_stack_buffer_flush
                0x0000000010005614       0x44 CMakeFiles/Picow-pi7.dir/home/consmariano/PicoW-pi7/pico-sdk/src/rp2_common/pico_stdio/stdio.c.obj
 .text.stdio_buffered_printer
                0x0000000010005658       0x20 CMakeFiles/Picow-pi7.dir/home/consmariano/PicoW-pi7/pico-sdk/src/rp2_common/pico_stdio/stdio.c.obj
 .text.stdio_get_until
                0x0000000010005678       0x80 CMakeFiles/Picow-pi7.dir/home/consmariano/PicoW-pi7/pico-sdk/src/rp2_common/pico_stdio/stdio.c.obj
 .text.stdout_serialize_begin
                0x00000000100056f8       0x5c CMakeFiles/Picow-pi7.dir/home/consmariano/PicoW-pi7/pico-sdk/src/rp2_common/pico_stdio/stdio.c.obj
                0x00000000100056f8                stdout_serialize_begin
 .text.stdout_serialize_end
                0x0000000010005754       0x10 CMakeFiles/Picow-pi7.dir/home/consmariano/PicoW-pi7/pico-sdk/src/rp2_common/pico_stdio/stdio.c.obj
                0x0000000010005754                stdout_serialize_end
 .text.stdio_put_string
                0x0000000010005764       0x98 CMakeFiles/Picow-pi7.dir/home/consmariano/PicoW-pi7/pico-sdk/src/rp2_common/pico_stdio/stdio.c.obj
 .text.__wrap_putchar
                0x00000000100057fc       0x1c CMakeFiles/Picow-pi7.dir/home/consmariano/PicoW-pi7/pico-sdk/src/rp2_common/pico_stdio/stdio.c.obj
                0x00000000100057fc                __wrap_putchar
 .text.putchar_raw
                0x0000000010005818       0x1c CMakeFiles/Picow-pi7.dir/home/consmariano/PicoW-pi7/pico-sdk/src/rp2_common/pico_stdio/stdio.c.obj
                0x0000000010005818                putchar_raw
 .text._read    0x0000000010005834       0x24 CMakeFiles/Picow-pi7.dir/home/consmariano/PicoW-pi7/pico-sdk/src/rp2_common/pico_stdio/stdio.c.obj
                0x0000000010005834                _read
 .text._write   0x0000000010005858       0x22 CMakeFiles/Picow-pi7.dir/home/consmariano/PicoW-pi7/pico-sdk/src/rp2_common/pico_stdio/stdio.c.obj
                0x0000000010005858                _write
 .text._open    0x000000001000587a        0xa CMakeFiles/Picow-pi7.dir/home/consmariano/PicoW-pi7/pico-sdk/src/rp2_common/pico_stdio/stdio.c.obj
                0x000000001000587a                _open
 .text._close   0x0000000010005884        0x6 CMakeFiles/Picow-pi7.dir/home/consmariano/PicoW-pi7/pico-sdk/src/rp2_common/pico_stdio/stdio.c.obj
                0x0000000010005884                _close
 .text._lseek   0x000000001000588a        0x6 CMakeFiles/Picow-pi7.dir/home/consmariano/PicoW-pi7/pico-sdk/src/rp2_common/pico_stdio/stdio.c.obj
                0x000000001000588a                _lseek
 .text._fstat   0x0000000010005890        0x6 CMakeFiles/Picow-pi7.dir/home/consmariano/PicoW-pi7/pico-sdk/src/rp2_common/pico_stdio/stdio.c.obj
                0x0000000010005890                _fstat
 .text._isatty  0x0000000010005896        0xc CMakeFiles/Picow-pi7.dir/home/consmariano/PicoW-pi7/pico-sdk/src/rp2_common/pico_stdio/stdio.c.obj
                0x0000000010005896                _isatty
 *fill*         0x00000000100058a2        0x2 
 .text.stdio_set_driver_enabled
                0x00000000100058a4       0x2c CMakeFiles/Picow-pi7.dir/home/consmariano/PicoW-pi7/pico-sdk/src/rp2_common/pico_stdio/stdio.c.obj
                0x00000000100058a4                stdio_set_driver_enabled
 .text.stdio_flush
                0x00000000100058d0       0x20 CMakeFiles/Picow-pi7.dir/home/consmariano/PicoW-pi7/pico-sdk/src/rp2_common/pico_stdio/stdio.c.obj
                0x00000000100058d0                stdio_flush
 .text.__wrap_puts
                0x00000000100058f0       0x1e CMakeFiles/Picow-pi7.dir/home/consmariano/PicoW-pi7/pico-sdk/src/rp2_common/pico_stdio/stdio.c.obj
                0x00000000100058f0                __wrap_puts
 *fill*         0x000000001000590e        0x2 
 .text.__wrap_vprintf
                0x0000000010005910       0x40 CMakeFiles/Picow-pi7.dir/home/consmariano/PicoW-pi7/pico-sdk/src/rp2_common/pico_stdio/stdio.c.obj
                0x0000000010005910                __wrap_vprintf
 .text.__wrap_printf
                0x0000000010005950       0x18 CMakeFiles/Picow-pi7.dir/home/consmariano/PicoW-pi7/pico-sdk/src/rp2_common/pico_stdio/stdio.c.obj
                0x0000000010005950                __wrap_printf
 .text.getchar_timeout_us
                0x0000000010005968       0x80 CMakeFiles/Picow-pi7.dir/home/consmariano/PicoW-pi7/pico-sdk/src/rp2_common/pico_stdio/stdio.c.obj
                0x0000000010005968                getchar_timeout_us
 .text.resetd_init
                0x00000000100059e8        0x2 CMakeFiles/Picow-pi7.dir/home/consmariano/PicoW-pi7/pico-sdk/src/rp2_common/pico_stdio_usb/reset_interface.c.obj
 *fill*         0x00000000100059ea        0x2 
 .text.resetd_reset
                0x00000000100059ec        0xc CMakeFiles/Picow-pi7.dir/home/consmariano/PicoW-pi7/pico-sdk/src/rp2_common/pico_stdio_usb/reset_interface.c.obj
 .text.resetd_open
                0x00000000100059f8       0x34 CMakeFiles/Picow-pi7.dir/home/consmariano/PicoW-pi7/pico-sdk/src/rp2_common/pico_stdio_usb/reset_interface.c.obj
 .text.resetd_xfer_cb
                0x0000000010005a2c        0x4 CMakeFiles/Picow-pi7.dir/home/consmariano/PicoW-pi7/pico-sdk/src/rp2_common/pico_stdio_usb/reset_interface.c.obj
 .text.reset_usb_boot
                0x0000000010005a30       0x18 CMakeFiles/Picow-pi7.dir/home/consmariano/PicoW-pi7/pico-sdk/src/rp2_common/pico_stdio_usb/reset_interface.c.obj
 .text.resetd_control_xfer_cb
                0x0000000010005a48       0x5c CMakeFiles/Picow-pi7.dir/home/consmariano/PicoW-pi7/pico-sdk/src/rp2_common/pico_stdio_usb/reset_interface.c.obj
 .text.usbd_app_driver_get_cb
                0x0000000010005aa4        0xc CMakeFiles/Picow-pi7.dir/home/consmariano/PicoW-pi7/pico-sdk/src/rp2_common/pico_stdio_usb/reset_interface.c.obj
                0x0000000010005aa4                usbd_app_driver_get_cb
 .text.tud_cdc_line_coding_cb
                0x0000000010005ab0       0x28 CMakeFiles/Picow-pi7.dir/home/consmariano/PicoW-pi7/pico-sdk/src/rp2_common/pico_stdio_usb/reset_interface.c.obj
                0x0000000010005ab0                tud_cdc_line_coding_cb
 .text.stdio_usb_set_chars_available_callback
                0x0000000010005ad8       0x14 CMakeFiles/Picow-pi7.dir/home/consmariano/PicoW-pi7/pico-sdk/src/rp2_common/pico_stdio_usb/stdio_usb.c.obj
                0x0000000010005ad8                stdio_usb_set_chars_available_callback
 .text.usb_irq  0x0000000010005aec       0x10 CMakeFiles/Picow-pi7.dir/home/consmariano/PicoW-pi7/pico-sdk/src/rp2_common/pico_stdio_usb/stdio_usb.c.obj
 .text.timer_task
                0x0000000010005afc       0x5c CMakeFiles/Picow-pi7.dir/home/consmariano/PicoW-pi7/pico-sdk/src/rp2_common/pico_stdio_usb/stdio_usb.c.obj
 .text.low_priority_worker_irq
                0x0000000010005b58       0xdc CMakeFiles/Picow-pi7.dir/home/consmariano/PicoW-pi7/pico-sdk/src/rp2_common/pico_stdio_usb/stdio_usb.c.obj
 .text.tud_cdc_rx_cb
                0x0000000010005c34       0x20 CMakeFiles/Picow-pi7.dir/home/consmariano/PicoW-pi7/pico-sdk/src/rp2_common/pico_stdio_usb/stdio_usb.c.obj
                0x0000000010005c34                tud_cdc_rx_cb
 .text.stdio_usb_init
                0x0000000010005c54      0x11c CMakeFiles/Picow-pi7.dir/home/consmariano/PicoW-pi7/pico-sdk/src/rp2_common/pico_stdio_usb/stdio_usb.c.obj
                0x0000000010005c54                stdio_usb_init
 .text.stdio_usb_connected
                0x0000000010005d70        0xa CMakeFiles/Picow-pi7.dir/home/consmariano/PicoW-pi7/pico-sdk/src/rp2_common/pico_stdio_usb/stdio_usb.c.obj
                0x0000000010005d70                stdio_usb_connected
 *fill*         0x0000000010005d7a        0x2 
 .text.stdio_usb_in_chars
                0x0000000010005d7c       0xc4 CMakeFiles/Picow-pi7.dir/home/consmariano/PicoW-pi7/pico-sdk/src/rp2_common/pico_stdio_usb/stdio_usb.c.obj
                0x0000000010005d7c                stdio_usb_in_chars
 .text.stdio_usb_out_chars
                0x0000000010005e40      0x114 CMakeFiles/Picow-pi7.dir/home/consmariano/PicoW-pi7/pico-sdk/src/rp2_common/pico_stdio_usb/stdio_usb.c.obj
 .text.tud_descriptor_device_cb
                0x0000000010005f54        0x8 CMakeFiles/Picow-pi7.dir/home/consmariano/PicoW-pi7/pico-sdk/src/rp2_common/pico_stdio_usb/stdio_usb_descriptors.c.obj
                0x0000000010005f54                tud_descriptor_device_cb
 .text.tud_descriptor_configuration_cb
                0x0000000010005f5c        0x8 CMakeFiles/Picow-pi7.dir/home/consmariano/PicoW-pi7/pico-sdk/src/rp2_common/pico_stdio_usb/stdio_usb_descriptors.c.obj
                0x0000000010005f5c                tud_descriptor_configuration_cb
 .text.tud_descriptor_string_cb
                0x0000000010005f64       0x6c CMakeFiles/Picow-pi7.dir/home/consmariano/PicoW-pi7/pico-sdk/src/rp2_common/pico_stdio_usb/stdio_usb_descriptors.c.obj
                0x0000000010005f64                tud_descriptor_string_cb
 .text._retrieve_unique_id_on_boot
                0x0000000010005fd0       0x10 CMakeFiles/Picow-pi7.dir/home/consmariano/PicoW-pi7/pico-sdk/src/rp2_common/pico_unique_id/unique_id.c.obj
 .text.pico_get_unique_board_id
                0x0000000010005fe0       0x10 CMakeFiles/Picow-pi7.dir/home/consmariano/PicoW-pi7/pico-sdk/src/rp2_common/pico_unique_id/unique_id.c.obj
                0x0000000010005fe0                pico_get_unique_board_id
 .text.pico_get_unique_board_id_string
                0x0000000010005ff0       0x60 CMakeFiles/Picow-pi7.dir/home/consmariano/PicoW-pi7/pico-sdk/src/rp2_common/pico_unique_id/unique_id.c.obj
                0x0000000010005ff0                pico_get_unique_board_id_string
 .text.flash_get_unique_id
                0x0000000010006050       0x46 CMakeFiles/Picow-pi7.dir/home/consmariano/PicoW-pi7/pico-sdk/src/rp2_common/hardware_flash/flash.c.obj
                0x0000000010006050                flash_get_unique_id
 *fill*         0x0000000010006096        0x2 
 .text.hw_endpoint_get_by_addr
                0x0000000010006098       0x18 CMakeFiles/Picow-pi7.dir/home/consmariano/PicoW-pi7/pico-sdk/lib/tinyusb/src/portable/raspberrypi/rp2040/dcd_rp2040.c.obj
 .text._hw_endpoint_alloc
                0x00000000100060b0       0x70 CMakeFiles/Picow-pi7.dir/home/consmariano/PicoW-pi7/pico-sdk/lib/tinyusb/src/portable/raspberrypi/rp2040/dcd_rp2040.c.obj
 .text.hw_endpoint_init
                0x0000000010006120       0x88 CMakeFiles/Picow-pi7.dir/home/consmariano/PicoW-pi7/pico-sdk/lib/tinyusb/src/portable/raspberrypi/rp2040/dcd_rp2040.c.obj
 .text.hw_endpoint_xfer
                0x00000000100061a8       0x14 CMakeFiles/Picow-pi7.dir/home/consmariano/PicoW-pi7/pico-sdk/lib/tinyusb/src/portable/raspberrypi/rp2040/dcd_rp2040.c.obj
 .text.dcd_int_enable
                0x00000000100061bc       0x2c CMakeFiles/Picow-pi7.dir/home/consmariano/PicoW-pi7/pico-sdk/lib/tinyusb/src/portable/raspberrypi/rp2040/dcd_rp2040.c.obj
                0x00000000100061bc                dcd_int_enable
 .text.dcd_set_address
                0x00000000100061e8       0x2c CMakeFiles/Picow-pi7.dir/home/consmariano/PicoW-pi7/pico-sdk/lib/tinyusb/src/portable/raspberrypi/rp2040/dcd_rp2040.c.obj
                0x00000000100061e8                dcd_set_address
 .text.dcd_connect
                0x0000000010006214       0x10 CMakeFiles/Picow-pi7.dir/home/consmariano/PicoW-pi7/pico-sdk/lib/tinyusb/src/portable/raspberrypi/rp2040/dcd_rp2040.c.obj
                0x0000000010006214                dcd_connect
 .text.dcd_init
                0x0000000010006224       0x80 CMakeFiles/Picow-pi7.dir/home/consmariano/PicoW-pi7/pico-sdk/lib/tinyusb/src/portable/raspberrypi/rp2040/dcd_rp2040.c.obj
                0x0000000010006224                dcd_init
 .text.dcd_edpt0_status_complete
                0x00000000100062a4       0x1c CMakeFiles/Picow-pi7.dir/home/consmariano/PicoW-pi7/pico-sdk/lib/tinyusb/src/portable/raspberrypi/rp2040/dcd_rp2040.c.obj
                0x00000000100062a4                dcd_edpt0_status_complete
 .text.dcd_edpt_open
                0x00000000100062c0       0x40 CMakeFiles/Picow-pi7.dir/home/consmariano/PicoW-pi7/pico-sdk/lib/tinyusb/src/portable/raspberrypi/rp2040/dcd_rp2040.c.obj
                0x00000000100062c0                dcd_edpt_open
 .text.dcd_edpt_close_all
                0x0000000010006300        0x8 CMakeFiles/Picow-pi7.dir/home/consmariano/PicoW-pi7/pico-sdk/lib/tinyusb/src/portable/raspberrypi/rp2040/dcd_rp2040.c.obj
                0x0000000010006300                dcd_edpt_close_all
 .text.dcd_edpt_xfer
                0x0000000010006308       0x34 CMakeFiles/Picow-pi7.dir/home/consmariano/PicoW-pi7/pico-sdk/lib/tinyusb/src/portable/raspberrypi/rp2040/dcd_rp2040.c.obj
                0x0000000010006308                dcd_edpt_xfer
 .text.dcd_edpt_stall
                0x000000001000633c       0x2c CMakeFiles/Picow-pi7.dir/home/consmariano/PicoW-pi7/pico-sdk/lib/tinyusb/src/portable/raspberrypi/rp2040/dcd_rp2040.c.obj
                0x000000001000633c                dcd_edpt_stall
 .text.dcd_edpt_clear_stall
                0x0000000010006368       0x20 CMakeFiles/Picow-pi7.dir/home/consmariano/PicoW-pi7/pico-sdk/lib/tinyusb/src/portable/raspberrypi/rp2040/dcd_rp2040.c.obj
                0x0000000010006368                dcd_edpt_clear_stall
 .text.rp2040_usb_init
                0x0000000010006388       0x4c CMakeFiles/Picow-pi7.dir/home/consmariano/PicoW-pi7/pico-sdk/lib/tinyusb/src/portable/raspberrypi/rp2040/rp2040_usb.c.obj
                0x0000000010006388                rp2040_usb_init
 .text.hw_endpoint_xfer_start
                0x00000000100063d4       0x50 CMakeFiles/Picow-pi7.dir/home/consmariano/PicoW-pi7/pico-sdk/lib/tinyusb/src/portable/raspberrypi/rp2040/rp2040_usb.c.obj
                0x00000000100063d4                hw_endpoint_xfer_start
 .text.configuration_reset
                0x0000000010006424       0x84 CMakeFiles/Picow-pi7.dir/home/consmariano/PicoW-pi7/pico-sdk/lib/tinyusb/src/device/usbd.c.obj
 .text.usbd_reset
                0x00000000100064a8        0xc CMakeFiles/Picow-pi7.dir/home/consmariano/PicoW-pi7/pico-sdk/lib/tinyusb/src/device/usbd.c.obj
 .text.invoke_class_control
                0x00000000100064b4       0x1a CMakeFiles/Picow-pi7.dir/home/consmariano/PicoW-pi7/pico-sdk/lib/tinyusb/src/device/usbd.c.obj
 *fill*         0x00000000100064ce        0x2 
 .text.process_set_config
                0x00000000100064d0      0x178 CMakeFiles/Picow-pi7.dir/home/consmariano/PicoW-pi7/pico-sdk/lib/tinyusb/src/device/usbd.c.obj
 .text.process_get_descriptor
                0x0000000010006648       0xdc CMakeFiles/Picow-pi7.dir/home/consmariano/PicoW-pi7/pico-sdk/lib/tinyusb/src/device/usbd.c.obj
 .text.tud_mounted
                0x0000000010006724       0x10 CMakeFiles/Picow-pi7.dir/home/consmariano/PicoW-pi7/pico-sdk/lib/tinyusb/src/device/usbd.c.obj
                0x0000000010006724                tud_mounted
 .text.tud_suspended
                0x0000000010006734       0x10 CMakeFiles/Picow-pi7.dir/home/consmariano/PicoW-pi7/pico-sdk/lib/tinyusb/src/device/usbd.c.obj
                0x0000000010006734                tud_suspended
 .text.tud_inited
                0x0000000010006744       0x14 CMakeFiles/Picow-pi7.dir/home/consmariano/PicoW-pi7/pico-sdk/lib/tinyusb/src/device/usbd.c.obj
                0x0000000010006744                tud_inited
 .text.tud_init
                0x0000000010006758       0xcc CMakeFiles/Picow-pi7.dir/home/consmariano/PicoW-pi7/pico-sdk/lib/tinyusb/src/device/usbd.c.obj
                0x0000000010006758                tud_init
 .text.usbd_defer_func
                0x0000000010006824       0x2a CMakeFiles/Picow-pi7.dir/home/consmariano/PicoW-pi7/pico-sdk/lib/tinyusb/src/device/usbd.c.obj
                0x0000000010006824                usbd_defer_func
 *fill*         0x000000001000684e        0x2 
 .text.usbd_edpt_open
                0x0000000010006850       0x34 CMakeFiles/Picow-pi7.dir/home/consmariano/PicoW-pi7/pico-sdk/lib/tinyusb/src/device/usbd.c.obj
                0x0000000010006850                usbd_edpt_open
 .text.usbd_open_edpt_pair
                0x0000000010006884       0x62 CMakeFiles/Picow-pi7.dir/home/consmariano/PicoW-pi7/pico-sdk/lib/tinyusb/src/device/usbd.c.obj
                0x0000000010006884                usbd_open_edpt_pair
 *fill*         0x00000000100068e6        0x2 
 .text.usbd_edpt_claim
                0x00000000100068e8       0x28 CMakeFiles/Picow-pi7.dir/home/consmariano/PicoW-pi7/pico-sdk/lib/tinyusb/src/device/usbd.c.obj
                0x00000000100068e8                usbd_edpt_claim
 .text.usbd_edpt_release
                0x0000000010006910       0x28 CMakeFiles/Picow-pi7.dir/home/consmariano/PicoW-pi7/pico-sdk/lib/tinyusb/src/device/usbd.c.obj
                0x0000000010006910                usbd_edpt_release
 .text.usbd_edpt_xfer
                0x0000000010006938       0x78 CMakeFiles/Picow-pi7.dir/home/consmariano/PicoW-pi7/pico-sdk/lib/tinyusb/src/device/usbd.c.obj
                0x0000000010006938                usbd_edpt_xfer
 .text.usbd_edpt_stall
                0x00000000100069b0       0x48 CMakeFiles/Picow-pi7.dir/home/consmariano/PicoW-pi7/pico-sdk/lib/tinyusb/src/device/usbd.c.obj
                0x00000000100069b0                usbd_edpt_stall
 .text.usbd_edpt_clear_stall
                0x00000000100069f8       0x48 CMakeFiles/Picow-pi7.dir/home/consmariano/PicoW-pi7/pico-sdk/lib/tinyusb/src/device/usbd.c.obj
                0x00000000100069f8                usbd_edpt_clear_stall
 .text.usbd_edpt_stalled
                0x0000000010006a40       0x1c CMakeFiles/Picow-pi7.dir/home/consmariano/PicoW-pi7/pico-sdk/lib/tinyusb/src/device/usbd.c.obj
                0x0000000010006a40                usbd_edpt_stalled
 .text.process_control_request
                0x0000000010006a5c      0x37c CMakeFiles/Picow-pi7.dir/home/consmariano/PicoW-pi7/pico-sdk/lib/tinyusb/src/device/usbd.c.obj
 .text.tud_task_ext
                0x0000000010006dd8      0x1b8 CMakeFiles/Picow-pi7.dir/home/consmariano/PicoW-pi7/pico-sdk/lib/tinyusb/src/device/usbd.c.obj
                0x0000000010006dd8                tud_task_ext
 .text._data_stage_xact
                0x0000000010006f90       0x58 CMakeFiles/Picow-pi7.dir/home/consmariano/PicoW-pi7/pico-sdk/lib/tinyusb/src/device/usbd_control.c.obj
 .text.tud_control_status
                0x0000000010006fe8       0x38 CMakeFiles/Picow-pi7.dir/home/consmariano/PicoW-pi7/pico-sdk/lib/tinyusb/src/device/usbd_control.c.obj
                0x0000000010006fe8                tud_control_status
 .text.tud_control_xfer
                0x0000000010007020       0x74 CMakeFiles/Picow-pi7.dir/home/consmariano/PicoW-pi7/pico-sdk/lib/tinyusb/src/device/usbd_control.c.obj
                0x0000000010007020                tud_control_xfer
 .text.usbd_control_reset
                0x0000000010007094       0x14 CMakeFiles/Picow-pi7.dir/home/consmariano/PicoW-pi7/pico-sdk/lib/tinyusb/src/device/usbd_control.c.obj
                0x0000000010007094                usbd_control_reset
 .text.usbd_control_set_complete_callback
                0x00000000100070a8        0xc CMakeFiles/Picow-pi7.dir/home/consmariano/PicoW-pi7/pico-sdk/lib/tinyusb/src/device/usbd_control.c.obj
                0x00000000100070a8                usbd_control_set_complete_callback
 .text.usbd_control_set_request
                0x00000000100070b4       0x1c CMakeFiles/Picow-pi7.dir/home/consmariano/PicoW-pi7/pico-sdk/lib/tinyusb/src/device/usbd_control.c.obj
                0x00000000100070b4                usbd_control_set_request
 .text.usbd_control_xfer_cb
                0x00000000100070d0       0xcc CMakeFiles/Picow-pi7.dir/home/consmariano/PicoW-pi7/pico-sdk/lib/tinyusb/src/device/usbd_control.c.obj
                0x00000000100070d0                usbd_control_xfer_cb
 .text._prep_out_transaction
                0x000000001000719c       0x4a CMakeFiles/Picow-pi7.dir/home/consmariano/PicoW-pi7/pico-sdk/lib/tinyusb/src/class/cdc/cdc_device.c.obj
 *fill*         0x00000000100071e6        0x2 
 .text.tud_cdc_n_connected
                0x00000000100071e8       0x44 CMakeFiles/Picow-pi7.dir/home/consmariano/PicoW-pi7/pico-sdk/lib/tinyusb/src/class/cdc/cdc_device.c.obj
                0x00000000100071e8                tud_cdc_n_connected
 .text.tud_cdc_n_available
                0x000000001000722c       0x18 CMakeFiles/Picow-pi7.dir/home/consmariano/PicoW-pi7/pico-sdk/lib/tinyusb/src/class/cdc/cdc_device.c.obj
                0x000000001000722c                tud_cdc_n_available
 .text.tud_cdc_n_read
                0x0000000010007244       0x28 CMakeFiles/Picow-pi7.dir/home/consmariano/PicoW-pi7/pico-sdk/lib/tinyusb/src/class/cdc/cdc_device.c.obj
                0x0000000010007244                tud_cdc_n_read
 .text.tud_cdc_n_write_flush
                0x000000001000726c       0xb8 CMakeFiles/Picow-pi7.dir/home/consmariano/PicoW-pi7/pico-sdk/lib/tinyusb/src/class/cdc/cdc_device.c.obj
                0x000000001000726c                tud_cdc_n_write_flush
 .text.tud_cdc_n_write
                0x0000000010007324       0x38 CMakeFiles/Picow-pi7.dir/home/consmariano/PicoW-pi7/pico-sdk/lib/tinyusb/src/class/cdc/cdc_device.c.obj
                0x0000000010007324                tud_cdc_n_write
 .text.tud_cdc_n_write_available
                0x000000001000735c       0x1c CMakeFiles/Picow-pi7.dir/home/consmariano/PicoW-pi7/pico-sdk/lib/tinyusb/src/class/cdc/cdc_device.c.obj
                0x000000001000735c                tud_cdc_n_write_available
 .text.cdcd_init
                0x0000000010007378       0xbc CMakeFiles/Picow-pi7.dir/home/consmariano/PicoW-pi7/pico-sdk/lib/tinyusb/src/class/cdc/cdc_device.c.obj
                0x0000000010007378                cdcd_init
 .text.cdcd_reset
                0x0000000010007434       0x44 CMakeFiles/Picow-pi7.dir/home/consmariano/PicoW-pi7/pico-sdk/lib/tinyusb/src/class/cdc/cdc_device.c.obj
                0x0000000010007434                cdcd_reset
 .text.cdcd_open
                0x0000000010007478       0xcc CMakeFiles/Picow-pi7.dir/home/consmariano/PicoW-pi7/pico-sdk/lib/tinyusb/src/class/cdc/cdc_device.c.obj
                0x0000000010007478                cdcd_open
 .text.cdcd_control_xfer_cb
                0x0000000010007544      0x134 CMakeFiles/Picow-pi7.dir/home/consmariano/PicoW-pi7/pico-sdk/lib/tinyusb/src/class/cdc/cdc_device.c.obj
                0x0000000010007544                cdcd_control_xfer_cb
 .text.cdcd_xfer_cb
                0x0000000010007678      0x130 CMakeFiles/Picow-pi7.dir/home/consmariano/PicoW-pi7/pico-sdk/lib/tinyusb/src/class/cdc/cdc_device.c.obj
                0x0000000010007678                cdcd_xfer_cb
 .text.tusb_init
                0x00000000100077a8        0xa CMakeFiles/Picow-pi7.dir/home/consmariano/PicoW-pi7/pico-sdk/lib/tinyusb/src/tusb.c.obj
                0x00000000100077a8                tusb_init
 .text.tusb_inited
                0x00000000100077b2        0xe CMakeFiles/Picow-pi7.dir/home/consmariano/PicoW-pi7/pico-sdk/lib/tinyusb/src/tusb.c.obj
                0x00000000100077b2                tusb_inited
 .text.tu_edpt_claim
                0x00000000100077c0       0x50 CMakeFiles/Picow-pi7.dir/home/consmariano/PicoW-pi7/pico-sdk/lib/tinyusb/src/tusb.c.obj
                0x00000000100077c0                tu_edpt_claim
 .text.tu_edpt_release
                0x0000000010007810       0x3c CMakeFiles/Picow-pi7.dir/home/consmariano/PicoW-pi7/pico-sdk/lib/tinyusb/src/tusb.c.obj
                0x0000000010007810                tu_edpt_release
 .text.tu_edpt_validate
                0x000000001000784c       0x78 CMakeFiles/Picow-pi7.dir/home/consmariano/PicoW-pi7/pico-sdk/lib/tinyusb/src/tusb.c.obj
                0x000000001000784c                tu_edpt_validate
 .text.tu_edpt_bind_driver
                0x00000000100078c4       0x26 CMakeFiles/Picow-pi7.dir/home/consmariano/PicoW-pi7/pico-sdk/lib/tinyusb/src/tusb.c.obj
                0x00000000100078c4                tu_edpt_bind_driver
 .text.advance_index
                0x00000000100078ea       0x1a CMakeFiles/Picow-pi7.dir/home/consmariano/PicoW-pi7/pico-sdk/lib/tinyusb/src/common/tusb_fifo.c.obj
 .text._tu_fifo_peek
                0x0000000010007904       0x56 CMakeFiles/Picow-pi7.dir/home/consmariano/PicoW-pi7/pico-sdk/lib/tinyusb/src/common/tusb_fifo.c.obj
 .text._ff_pull_const_addr
                0x000000001000795a       0x4c CMakeFiles/Picow-pi7.dir/home/consmariano/PicoW-pi7/pico-sdk/lib/tinyusb/src/common/tusb_fifo.c.obj
 .text._ff_pull_n
                0x00000000100079a6      0x110 CMakeFiles/Picow-pi7.dir/home/consmariano/PicoW-pi7/pico-sdk/lib/tinyusb/src/common/tusb_fifo.c.obj
 .text._tu_fifo_peek_n
                0x0000000010007ab6       0x6a CMakeFiles/Picow-pi7.dir/home/consmariano/PicoW-pi7/pico-sdk/lib/tinyusb/src/common/tusb_fifo.c.obj
 .text._tu_fifo_read_n
                0x0000000010007b20       0x4e CMakeFiles/Picow-pi7.dir/home/consmariano/PicoW-pi7/pico-sdk/lib/tinyusb/src/common/tusb_fifo.c.obj
 .text._ff_push_const_addr
                0x0000000010007b6e       0x40 CMakeFiles/Picow-pi7.dir/home/consmariano/PicoW-pi7/pico-sdk/lib/tinyusb/src/common/tusb_fifo.c.obj
 .text._ff_push_n
                0x0000000010007bae      0x10c CMakeFiles/Picow-pi7.dir/home/consmariano/PicoW-pi7/pico-sdk/lib/tinyusb/src/common/tusb_fifo.c.obj
 .text._tu_fifo_write_n
                0x0000000010007cba       0xf0 CMakeFiles/Picow-pi7.dir/home/consmariano/PicoW-pi7/pico-sdk/lib/tinyusb/src/common/tusb_fifo.c.obj
 .text.tu_fifo_config
                0x0000000010007daa       0x7c CMakeFiles/Picow-pi7.dir/home/consmariano/PicoW-pi7/pico-sdk/lib/tinyusb/src/common/tusb_fifo.c.obj
                0x0000000010007daa                tu_fifo_config
 .text.tu_fifo_count
                0x0000000010007e26       0x2a CMakeFiles/Picow-pi7.dir/home/consmariano/PicoW-pi7/pico-sdk/lib/tinyusb/src/common/tusb_fifo.c.obj
                0x0000000010007e26                tu_fifo_count
 .text.tu_fifo_empty
                0x0000000010007e50       0x10 CMakeFiles/Picow-pi7.dir/home/consmariano/PicoW-pi7/pico-sdk/lib/tinyusb/src/common/tusb_fifo.c.obj
                0x0000000010007e50                tu_fifo_empty
 .text.tu_fifo_full
                0x0000000010007e60       0x28 CMakeFiles/Picow-pi7.dir/home/consmariano/PicoW-pi7/pico-sdk/lib/tinyusb/src/common/tusb_fifo.c.obj
                0x0000000010007e60                tu_fifo_full
 .text.tu_fifo_remaining
                0x0000000010007e88       0x2c CMakeFiles/Picow-pi7.dir/home/consmariano/PicoW-pi7/pico-sdk/lib/tinyusb/src/common/tusb_fifo.c.obj
                0x0000000010007e88                tu_fifo_remaining
 .text.tu_fifo_read
                0x0000000010007eb4       0x42 CMakeFiles/Picow-pi7.dir/home/consmariano/PicoW-pi7/pico-sdk/lib/tinyusb/src/common/tusb_fifo.c.obj
                0x0000000010007eb4                tu_fifo_read
 .text.tu_fifo_read_n
                0x0000000010007ef6        0xa CMakeFiles/Picow-pi7.dir/home/consmariano/PicoW-pi7/pico-sdk/lib/tinyusb/src/common/tusb_fifo.c.obj
                0x0000000010007ef6                tu_fifo_read_n
 .text.tu_fifo_write
                0x0000000010007f00       0x64 CMakeFiles/Picow-pi7.dir/home/consmariano/PicoW-pi7/pico-sdk/lib/tinyusb/src/common/tusb_fifo.c.obj
                0x0000000010007f00                tu_fifo_write
 .text.tu_fifo_write_n
                0x0000000010007f64        0xa CMakeFiles/Picow-pi7.dir/home/consmariano/PicoW-pi7/pico-sdk/lib/tinyusb/src/common/tusb_fifo.c.obj
                0x0000000010007f64                tu_fifo_write_n
 .text.tu_fifo_clear
                0x0000000010007f6e       0x3e CMakeFiles/Picow-pi7.dir/home/consmariano/PicoW-pi7/pico-sdk/lib/tinyusb/src/common/tusb_fifo.c.obj
                0x0000000010007f6e                tu_fifo_clear
 .text.tu_fifo_set_overwritable
                0x0000000010007fac       0x46 CMakeFiles/Picow-pi7.dir/home/consmariano/PicoW-pi7/pico-sdk/lib/tinyusb/src/common/tusb_fifo.c.obj
                0x0000000010007fac                tu_fifo_set_overwritable
 .text.core1_trampoline
                0x0000000010007ff2        0x2 CMakeFiles/Picow-pi7.dir/home/consmariano/PicoW-pi7/pico-sdk/src/rp2_common/pico_multicore/multicore.c.obj
 .text.core1_wrapper
                0x0000000010007ff4        0xc CMakeFiles/Picow-pi7.dir/home/consmariano/PicoW-pi7/pico-sdk/src/rp2_common/pico_multicore/multicore.c.obj
                0x0000000010007ff4                core1_wrapper
 .text.multicore_fifo_push_blocking
                0x0000000010008000       0x14 CMakeFiles/Picow-pi7.dir/home/consmariano/PicoW-pi7/pico-sdk/src/rp2_common/pico_multicore/multicore.c.obj
                0x0000000010008000                multicore_fifo_push_blocking
 .text.multicore_fifo_pop_blocking
                0x0000000010008014       0x16 CMakeFiles/Picow-pi7.dir/home/consmariano/PicoW-pi7/pico-sdk/src/rp2_common/pico_multicore/multicore.c.obj
                0x0000000010008014                multicore_fifo_pop_blocking
 .text.multicore_launch_core1_raw
                0x000000001000802a       0x6e CMakeFiles/Picow-pi7.dir/home/consmariano/PicoW-pi7/pico-sdk/src/rp2_common/pico_multicore/multicore.c.obj
                0x000000001000802a                multicore_launch_core1_raw
 .text.multicore_launch_core1_with_stack
                0x0000000010008098       0x50 CMakeFiles/Picow-pi7.dir/home/consmariano/PicoW-pi7/pico-sdk/src/rp2_common/pico_multicore/multicore.c.obj
                0x0000000010008098                multicore_launch_core1_with_stack
 .text.multicore_launch_core1
                0x00000000100080e8       0x24 CMakeFiles/Picow-pi7.dir/home/consmariano/PicoW-pi7/pico-sdk/src/rp2_common/pico_multicore/multicore.c.obj
                0x00000000100080e8                multicore_launch_core1
 .text.cyw43_arch_set_async_context
                0x000000001000810c        0xc CMakeFiles/Picow-pi7.dir/home/consmariano/PicoW-pi7/pico-sdk/src/rp2_common/pico_cyw43_arch/cyw43_arch.c.obj
                0x000000001000810c                cyw43_arch_set_async_context
 .text.cyw43_arch_gpio_put
                0x0000000010008118       0x14 CMakeFiles/Picow-pi7.dir/home/consmariano/PicoW-pi7/pico-sdk/src/rp2_common/pico_cyw43_arch/cyw43_arch.c.obj
                0x0000000010008118                cyw43_arch_gpio_put
 .text.cyw43_arch_async_context
                0x000000001000812c        0xc CMakeFiles/Picow-pi7.dir/home/consmariano/PicoW-pi7/pico-sdk/src/rp2_common/pico_cyw43_arch/cyw43_arch.c.obj
                0x000000001000812c                cyw43_arch_async_context
 .text.cyw43_arch_init_default_async_context
                0x0000000010008138       0x20 CMakeFiles/Picow-pi7.dir/home/consmariano/PicoW-pi7/pico-sdk/src/rp2_common/pico_cyw43_arch/cyw43_arch_threadsafe_background.c.obj
                0x0000000010008138                cyw43_arch_init_default_async_context
 .text.cyw43_arch_deinit
                0x0000000010008158       0x28 CMakeFiles/Picow-pi7.dir/home/consmariano/PicoW-pi7/pico-sdk/src/rp2_common/pico_cyw43_arch/cyw43_arch_threadsafe_background.c.obj
                0x0000000010008158                cyw43_arch_deinit
 .text.cyw43_arch_init
                0x0000000010008180       0x36 CMakeFiles/Picow-pi7.dir/home/consmariano/PicoW-pi7/pico-sdk/src/rp2_common/pico_cyw43_arch/cyw43_arch_threadsafe_background.c.obj
                0x0000000010008180                cyw43_arch_init
 .text.cs_set   0x00000000100081b6       0x1c CMakeFiles/Picow-pi7.dir/home/consmariano/PicoW-pi7/pico-sdk/src/rp2_common/pico_cyw43_driver/cyw43_bus_pio_spi.c.obj
 *fill*         0x00000000100081d2        0x2 
 .text.start_spi_comms
                0x00000000100081d4       0x2c CMakeFiles/Picow-pi7.dir/home/consmariano/PicoW-pi7/pico-sdk/src/rp2_common/pico_cyw43_driver/cyw43_bus_pio_spi.c.obj
 .text.ns_delay
                0x0000000010008200       0x20 CMakeFiles/Picow-pi7.dir/home/consmariano/PicoW-pi7/pico-sdk/src/rp2_common/pico_cyw43_driver/cyw43_bus_pio_spi.c.obj
 .text.stop_spi_comms
                0x0000000010008220       0x10 CMakeFiles/Picow-pi7.dir/home/consmariano/PicoW-pi7/pico-sdk/src/rp2_common/pico_cyw43_driver/cyw43_bus_pio_spi.c.obj
 .text.cyw43_spi_deinit
                0x0000000010008230       0x74 CMakeFiles/Picow-pi7.dir/home/consmariano/PicoW-pi7/pico-sdk/src/rp2_common/pico_cyw43_driver/cyw43_bus_pio_spi.c.obj
                0x0000000010008230                cyw43_spi_deinit
 .text.cyw43_spi_init
                0x00000000100082a4      0x284 CMakeFiles/Picow-pi7.dir/home/consmariano/PicoW-pi7/pico-sdk/src/rp2_common/pico_cyw43_driver/cyw43_bus_pio_spi.c.obj
                0x00000000100082a4                cyw43_spi_init
 .text.cyw43_spi_transfer
                0x0000000010008528      0x694 CMakeFiles/Picow-pi7.dir/home/consmariano/PicoW-pi7/pico-sdk/src/rp2_common/pico_cyw43_driver/cyw43_bus_pio_spi.c.obj
                0x0000000010008528                cyw43_spi_transfer
 .text.cyw43_spi_gpio_setup
                0x0000000010008bbc       0x3a CMakeFiles/Picow-pi7.dir/home/consmariano/PicoW-pi7/pico-sdk/src/rp2_common/pico_cyw43_driver/cyw43_bus_pio_spi.c.obj
                0x0000000010008bbc                cyw43_spi_gpio_setup
 .text.cyw43_spi_reset
                0x0000000010008bf6       0x28 CMakeFiles/Picow-pi7.dir/home/consmariano/PicoW-pi7/pico-sdk/src/rp2_common/pico_cyw43_driver/cyw43_bus_pio_spi.c.obj
                0x0000000010008bf6                cyw43_spi_reset
 *fill*         0x0000000010008c1e        0x2 
 .text.read_reg_u32_swap
                0x0000000010008c20       0x68 CMakeFiles/Picow-pi7.dir/home/consmariano/PicoW-pi7/pico-sdk/src/rp2_common/pico_cyw43_driver/cyw43_bus_pio_spi.c.obj
                0x0000000010008c20                read_reg_u32_swap
 .text.cyw43_read_reg_u32
                0x0000000010008c88       0x54 CMakeFiles/Picow-pi7.dir/home/consmariano/PicoW-pi7/pico-sdk/src/rp2_common/pico_cyw43_driver/cyw43_bus_pio_spi.c.obj
                0x0000000010008c88                cyw43_read_reg_u32
 .text.cyw43_read_reg_u16
                0x0000000010008cdc       0x54 CMakeFiles/Picow-pi7.dir/home/consmariano/PicoW-pi7/pico-sdk/src/rp2_common/pico_cyw43_driver/cyw43_bus_pio_spi.c.obj
                0x0000000010008cdc                cyw43_read_reg_u16
 .text.cyw43_read_reg_u8
                0x0000000010008d30       0x54 CMakeFiles/Picow-pi7.dir/home/consmariano/PicoW-pi7/pico-sdk/src/rp2_common/pico_cyw43_driver/cyw43_bus_pio_spi.c.obj
                0x0000000010008d30                cyw43_read_reg_u8
 .text.write_reg_u32_swap
                0x0000000010008d84       0x34 CMakeFiles/Picow-pi7.dir/home/consmariano/PicoW-pi7/pico-sdk/src/rp2_common/pico_cyw43_driver/cyw43_bus_pio_spi.c.obj
                0x0000000010008d84                write_reg_u32_swap
 .text.cyw43_write_reg_u32
                0x0000000010008db8       0x58 CMakeFiles/Picow-pi7.dir/home/consmariano/PicoW-pi7/pico-sdk/src/rp2_common/pico_cyw43_driver/cyw43_bus_pio_spi.c.obj
                0x0000000010008db8                cyw43_write_reg_u32
 .text.cyw43_write_reg_u16
                0x0000000010008e10       0x58 CMakeFiles/Picow-pi7.dir/home/consmariano/PicoW-pi7/pico-sdk/src/rp2_common/pico_cyw43_driver/cyw43_bus_pio_spi.c.obj
                0x0000000010008e10                cyw43_write_reg_u16
 .text.cyw43_write_reg_u8
                0x0000000010008e68       0x58 CMakeFiles/Picow-pi7.dir/home/consmariano/PicoW-pi7/pico-sdk/src/rp2_common/pico_cyw43_driver/cyw43_bus_pio_spi.c.obj
                0x0000000010008e68                cyw43_write_reg_u8
 .text.cyw43_read_bytes
                0x0000000010008ec0      0x104 CMakeFiles/Picow-pi7.dir/home/consmariano/PicoW-pi7/pico-sdk/src/rp2_common/pico_cyw43_driver/cyw43_bus_pio_spi.c.obj
                0x0000000010008ec0                cyw43_read_bytes
 .text.cyw43_write_bytes
                0x0000000010008fc4      0x128 CMakeFiles/Picow-pi7.dir/home/consmariano/PicoW-pi7/pico-sdk/src/rp2_common/pico_cyw43_driver/cyw43_bus_pio_spi.c.obj
                0x0000000010008fc4                cyw43_write_bytes
 .text.get_core_address
                0x00000000100090ec       0x1c CMakeFiles/Picow-pi7.dir/home/consmariano/PicoW-pi7/pico-sdk/lib/cyw43-driver/src/cyw43_ll.c.obj
 .text.sdpcm_process_rx_packet
                0x0000000010009108      0x180 CMakeFiles/Picow-pi7.dir/home/consmariano/PicoW-pi7/pico-sdk/lib/cyw43-driver/src/cyw43_ll.c.obj
 .text.cyw43_ll_wifi_parse_scan_result
                0x0000000010009288       0x9c CMakeFiles/Picow-pi7.dir/home/consmariano/PicoW-pi7/pico-sdk/lib/cyw43-driver/src/cyw43_ll.c.obj
 .text.cyw43_ll_parse_async_event
                0x0000000010009324       0x8e CMakeFiles/Picow-pi7.dir/home/consmariano/PicoW-pi7/pico-sdk/lib/cyw43-driver/src/cyw43_ll.c.obj
 *fill*         0x00000000100093b2        0x2 
 .text.cyw43_kso_set
                0x00000000100093b4       0x98 CMakeFiles/Picow-pi7.dir/home/consmariano/PicoW-pi7/pico-sdk/lib/cyw43-driver/src/cyw43_ll.c.obj
 .text.cyw43_ll_bus_sleep_helper
                0x000000001000944c        0xe CMakeFiles/Picow-pi7.dir/home/consmariano/PicoW-pi7/pico-sdk/lib/cyw43-driver/src/cyw43_ll.c.obj
 *fill*         0x000000001000945a        0x2 
 .text.cyw43_read_reg
                0x000000001000945c       0x48 CMakeFiles/Picow-pi7.dir/home/consmariano/PicoW-pi7/pico-sdk/lib/cyw43-driver/src/cyw43_ll.c.obj
 .text.cyw43_write_reg
                0x00000000100094a4       0x4c CMakeFiles/Picow-pi7.dir/home/consmariano/PicoW-pi7/pico-sdk/lib/cyw43-driver/src/cyw43_ll.c.obj
 .text.cyw43_set_backplane_window
                0x00000000100094f0       0x74 CMakeFiles/Picow-pi7.dir/home/consmariano/PicoW-pi7/pico-sdk/lib/cyw43-driver/src/cyw43_ll.c.obj
 .text.cyw43_read_backplane
                0x0000000010009564       0x30 CMakeFiles/Picow-pi7.dir/home/consmariano/PicoW-pi7/pico-sdk/lib/cyw43-driver/src/cyw43_ll.c.obj
 .text.disable_device_core
                0x0000000010009594       0x3c CMakeFiles/Picow-pi7.dir/home/consmariano/PicoW-pi7/pico-sdk/lib/cyw43-driver/src/cyw43_ll.c.obj
 .text.device_core_is_up
                0x00000000100095d0       0x4c CMakeFiles/Picow-pi7.dir/home/consmariano/PicoW-pi7/pico-sdk/lib/cyw43-driver/src/cyw43_ll.c.obj
 .text.cyw43_write_backplane
                0x000000001000961c       0x34 CMakeFiles/Picow-pi7.dir/home/consmariano/PicoW-pi7/pico-sdk/lib/cyw43-driver/src/cyw43_ll.c.obj
 .text.reset_device_core
                0x0000000010009650       0x74 CMakeFiles/Picow-pi7.dir/home/consmariano/PicoW-pi7/pico-sdk/lib/cyw43-driver/src/cyw43_ll.c.obj
 .text.cyw43_download_resource
                0x00000000100096c4      0x17c CMakeFiles/Picow-pi7.dir/home/consmariano/PicoW-pi7/pico-sdk/lib/cyw43-driver/src/cyw43_ll.c.obj
 .text.cyw43_ll_init
                0x0000000010009840       0x20 CMakeFiles/Picow-pi7.dir/home/consmariano/PicoW-pi7/pico-sdk/lib/cyw43-driver/src/cyw43_ll.c.obj
                0x0000000010009840                cyw43_ll_init
 .text.cyw43_ll_deinit
                0x0000000010009860        0x8 CMakeFiles/Picow-pi7.dir/home/consmariano/PicoW-pi7/pico-sdk/lib/cyw43-driver/src/cyw43_ll.c.obj