Archive member included to satisfy reference by file (symbol)

/usr/lib/gcc/arm-none-eabi/10.3.1/thumb/v6-m/nofp/libgcc.a(_dvmd_tls.o)
                              CMakeFiles/Picow-pi7.dir/home/consmariano/PicoW-pi7/pico-sdk/src/rp2_common/pico_divider/divider.S.obj (__aeabi_idiv0)
/usr/lib/gcc/arm-none-eabi/10.3.1/../../../arm-none-eabi/lib/thumb/v6-m/nofp/libg.a(lib_a-atexit.o)
                              /usr/lib/gcc/arm-none-eabi/10.3.1/../../../arm-none-eabi/lib/thumb/v6-m/nofp/crt0.o (atexit)
/usr/lib/gcc/arm-none-eabi/10.3.1/../../../arm-none-eabi/lib/thumb/v6-m/nofp/libg.a(lib_a-calloc.o)
                              CMakeFiles/Picow-pi7.dir/home/consmariano/PicoW-pi7/pico-sdk/src/rp2_common/pico_malloc/pico_malloc.c.obj (calloc)
/usr/lib/gcc/arm-none-eabi/10.3.1/../../../arm-none-eabi/lib/thumb/v6-m/nofp/libg.a(lib_a-callocr.o)
                              /usr/lib/gcc/arm-none-eabi/10.3.1/../../../arm-none-eabi/lib/thumb/v6-m/nofp/libg.a(lib_a-calloc.o) (_calloc_r)
/usr/lib/gcc/arm-none-eabi/10.3.1/../../../arm-none-eabi/lib/thumb/v6-m/nofp/libg.a(lib_a-fini.o)
                              /usr/lib/gcc/arm-none-eabi/10.3.1/../../../arm-none-eabi/lib/thumb/v6-m/nofp/crt0.o (__libc_fini_array)
/usr/lib/gcc/arm-none-eabi/10.3.1/../../../arm-none-eabi/lib/thumb/v6-m/nofp/libg.a(lib_a-fwrite.o)
                              CMakeFiles/Picow-pi7.dir/drivers/uart/uart.c.obj (fwrite)
/usr/lib/gcc/arm-none-eabi/10.3.1/../../../arm-none-eabi/lib/thumb/v6-m/nofp/libg.a(lib_a-impure.o)
                              CMakeFiles/Picow-pi7.dir/drivers/uart/uart.c.obj (_impure_ptr)
/usr/lib/gcc/arm-none-eabi/10.3.1/../../../arm-none-eabi/lib/thumb/v6-m/nofp/libg.a(lib_a-init.o)
                              /usr/lib/gcc/arm-none-eabi/10.3.1/../../../arm-none-eabi/lib/thumb/v6-m/nofp/crt0.o (__libc_init_array)
/usr/lib/gcc/arm-none-eabi/10.3.1/../../../arm-none-eabi/lib/thumb/v6-m/nofp/libg.a(lib_a-malloc.o)
                              CMakeFiles/Picow-pi7.dir/home/consmariano/PicoW-pi7/pico-sdk/src/rp2_common/pico_malloc/pico_malloc.c.obj (malloc)
/usr/lib/gcc/arm-none-eabi/10.3.1/../../../arm-none-eabi/lib/thumb/v6-m/nofp/libg.a(lib_a-mallocr.o)
                              /usr/lib/gcc/arm-none-eabi/10.3.1/../../../arm-none-eabi/lib/thumb/v6-m/nofp/libg.a(lib_a-callocr.o) (_malloc_r)
/usr/lib/gcc/arm-none-eabi/10.3.1/../../../arm-none-eabi/lib/thumb/v6-m/nofp/libg.a(lib_a-memcmp.o)
                              CMakeFiles/Picow-pi7.dir/home/consmariano/PicoW-pi7/pico-sdk/lib/cyw43-driver/src/cyw43_ll.c.obj (memcmp)
/usr/lib/gcc/arm-none-eabi/10.3.1/../../../arm-none-eabi/lib/thumb/v6-m/nofp/libg.a(lib_a-memmove.o)
                              CMakeFiles/Picow-pi7.dir/home/consmariano/PicoW-pi7/pico-sdk/lib/cyw43-driver/src/cyw43_ll.c.obj (memmove)
/usr/lib/gcc/arm-none-eabi/10.3.1/../../../arm-none-eabi/lib/thumb/v6-m/nofp/libg.a(lib_a-mlock.o)
                              /usr/lib/gcc/arm-none-eabi/10.3.1/../../../arm-none-eabi/lib/thumb/v6-m/nofp/libg.a(lib_a-mallocr.o) (__malloc_lock)
/usr/lib/gcc/arm-none-eabi/10.3.1/../../../arm-none-eabi/lib/thumb/v6-m/nofp/libg.a(lib_a-realloc.o)
                              CMakeFiles/Picow-pi7.dir/home/consmariano/PicoW-pi7/pico-sdk/src/rp2_common/pico_malloc/pico_malloc.c.obj (realloc)
/usr/lib/gcc/arm-none-eabi/10.3.1/../../../arm-none-eabi/lib/thumb/v6-m/nofp/libg.a(lib_a-reallocr.o)
                              /usr/lib/gcc/arm-none-eabi/10.3.1/../../../arm-none-eabi/lib/thumb/v6-m/nofp/libg.a(lib_a-realloc.o) (_realloc_r)
/usr/lib/gcc/arm-none-eabi/10.3.1/../../../arm-none-eabi/lib/thumb/v6-m/nofp/libg.a(lib_a-sbrkr.o)
                              /usr/lib/gcc/arm-none-eabi/10.3.1/../../../arm-none-eabi/lib/thumb/v6-m/nofp/libg.a(lib_a-mallocr.o) (_sbrk_r)
/usr/lib/gcc/arm-none-eabi/10.3.1/../../../arm-none-eabi/lib/thumb/v6-m/nofp/libg.a(lib_a-strlen-stub.o)
                              CMakeFiles/Picow-pi7.dir/home/consmariano/PicoW-pi7/pico-sdk/src/rp2_common/pico_stdio/stdio.c.obj (strlen)
/usr/lib/gcc/arm-none-eabi/10.3.1/../../../arm-none-eabi/lib/thumb/v6-m/nofp/libg.a(lib_a-strncmp.o)
                              CMakeFiles/Picow-pi7.dir/home/consmariano/PicoW-pi7/pico-sdk/lib/cyw43-driver/src/cyw43_ll.c.obj (strncmp)
/usr/lib/gcc/arm-none-eabi/10.3.1/../../../arm-none-eabi/lib/thumb/v6-m/nofp/libg.a(lib_a-__atexit.o)
                              /usr/lib/gcc/arm-none-eabi/10.3.1/../../../arm-none-eabi/lib/thumb/v6-m/nofp/libg.a(lib_a-atexit.o) (__register_exitproc)
/usr/lib/gcc/arm-none-eabi/10.3.1/../../../arm-none-eabi/lib/thumb/v6-m/nofp/libg.a(lib_a-findfp.o)
                              /usr/lib/gcc/arm-none-eabi/10.3.1/../../../arm-none-eabi/lib/thumb/v6-m/nofp/libg.a(lib_a-fwrite.o) (__sinit)
/usr/lib/gcc/arm-none-eabi/10.3.1/../../../arm-none-eabi/lib/thumb/v6-m/nofp/libg.a(lib_a-freer.o)
                              /usr/lib/gcc/arm-none-eabi/10.3.1/../../../arm-none-eabi/lib/thumb/v6-m/nofp/libg.a(lib_a-malloc.o) (_free_r)
[...]
Memory Configuration

Name             Origin             Length             Attributes
FLASH            0x0000000010000000 0x0000000000200000 xr
RAM              0x0000000020000000 0x0000000000040000 xrw
SCRATCH_X        0x0000000020040000 0x0000000000001000 xrw
SCRATCH_Y        0x0000000020041000 0x0000000000001000 xrw
*default*        0x0000000000000000 0xffffffffffffffff

Linker script and memory map

LOAD /usr/lib/gcc/arm-none-eabi/10.3.1/thumb/v6-m/nofp/crti.o
LOAD /usr/lib/gcc/arm-none-eabi/10.3.1/thumb/v6-m/nofp/crtbegin.o
LOAD /usr/lib/gcc/arm-none-eabi/10.3.1/../../../arm-none-eabi/lib/thumb/v6-m/nofp/crt0.o

.flash_begin    0x0000000010000000        0x0
                0x0000000010000000                __flash_binary_start = .

.boot2          0x0000000010000000      0x100
                0x0000000010000000                __boot2_start__ = .
 *(.boot2)
 .boot2         0x0000000010000000      0x100 /tmp/ccIfLECO.o
                0x0000000010000100                __boot2_end__ = .
                0x0000000000000001                ASSERT (((__boot2_end__ - __boot2_start__) == 0x100), ERROR: Pico second stage bootloader must be 256 bytes in size)

.text           0x0000000010000100    0x10258
                0x0000000010000100                __logical_binary_start = .
 *(.vectors)
 .vectors       0x0000000010000100       0xd4 CMakeFiles/Picow-pi7.dir/home/consmariano/PicoW-pi7/pico-sdk/src/rp2_common/pico_standard_link/crt0.S.obj
                0x0000000010000100                __vectors
                0x0000000010000100                __VECTOR_TABLE
                0x00000000100001c0                isr_invalid
                0x00000000100001c0                __default_isrs_start
                0x00000000100001c2                isr_nmi
                0x00000000100001c4                isr_hardfault
                0x00000000100001c6                isr_svcall
                0x00000000100001c8                isr_pendsv
                0x00000000100001ca                isr_systick
                0x00000000100001cc                isr_irq30
                0x00000000100001cc                __unhandled_user_irq
                0x00000000100001cc                isr_irq13
                0x00000000100001cc                isr_irq27
                0x00000000100001cc                isr_irq31
                0x00000000100001cc                isr_irq5
                0x00000000100001cc                isr_irq11
                0x00000000100001cc                isr_irq23
                0x00000000100001cc                isr_irq18
                0x00000000100001cc                isr_irq28
                0x00000000100001cc                isr_irq19
                0x00000000100001cc                isr_irq0
                0x00000000100001cc                isr_irq6
                0x00000000100001cc                isr_irq22
                0x00000000100001cc                isr_irq17
                0x00000000100001cc                isr_irq14
                0x00000000100001cc                isr_irq2
                0x00000000100001cc                isr_irq10
                0x00000000100001cc                isr_irq8
                0x00000000100001cc                isr_irq24
                0x00000000100001cc                isr_irq1
                0x00000000100001cc                isr_irq7
                0x00000000100001cc                isr_irq21
                0x00000000100001cc                isr_irq20
                0x00000000100001cc                isr_irq15
                0x00000000100001cc                isr_irq25
                0x00000000100001cc                isr_irq4
                0x00000000100001cc                isr_irq16
                0x00000000100001cc                isr_irq29
                0x00000000100001cc                isr_irq26
                0x00000000100001cc                __default_isrs_end
                0x00000000100001cc                isr_irq3
                0x00000000100001cc                isr_irq12
                0x00000000100001cc                isr_irq9
                0x00000000100001d2                unhandled_user_irq_num_in_r0
 *(.binary_info_header)
 .binary_info_header
                0x00000000100001d4       0x14 CMakeFiles/Picow-pi7.dir/home/consmariano/PicoW-pi7/pico-sdk/src/rp2_common/pico_standard_link/crt0.S.obj
                0x00000000100001e8                __binary_info_header_end = .
 *(.reset)
 .reset         0x00000000100001e8       0xa0 CMakeFiles/Picow-pi7.dir/home/consmariano/PicoW-pi7/pico-sdk/src/rp2_common/pico_standard_link/crt0.S.obj
                0x00000000100001e8                _entry_point
 .reset         0x0000000010000288       0x30 CMakeFiles/Picow-pi7.dir/home/consmariano/PicoW-pi7/pico-sdk/src/rp2_common/pico_standard_link/binary_info.c.obj
 *(.init)
 .init          0x00000000100002b8        0x4 /usr/lib/gcc/arm-none-eabi/10.3.1/thumb/v6-m/nofp/crti.o
                0x00000000100002b8                _init
 *(EXCLUDE_FILE(*libm.a: *libc.a:*lib_a-mem*.o *libgcc.a:) .text*)
 .text          0x00000000100002bc       0x98 /usr/lib/gcc/arm-none-eabi/10.3.1/thumb/v6-m/nofp/crtbegin.o
 .text.taskController
                0x0000000010000354       0x14 CMakeFiles/Picow-pi7.dir/main.c.obj
                0x0000000010000354                taskController
 .text.taskNCProcessing
                0x0000000010000368       0x48 CMakeFiles/Picow-pi7.dir/main.c.obj
                0x0000000010000368                taskNCProcessing
 .text.taskCommPIC
                0x00000000100003b0       0x50 CMakeFiles/Picow-pi7.dir/main.c.obj
                0x00000000100003b0                taskCommPIC
 .text.taskBlinkLed
                0x0000000010000400       0x10 CMakeFiles/Picow-pi7.dir/main.c.obj
                0x0000000010000400                taskBlinkLed
 .text.setupHardware
                0x0000000010000410       0x2c CMakeFiles/Picow-pi7.dir/main.c.obj
 .text.initComponents
                0x000000001000043c       0x54 CMakeFiles/Picow-pi7.dir/main.c.obj
 .text.main     0x0000000010000490       0x90 CMakeFiles/Picow-pi7.dir/main.c.obj
                0x0000000010000490                main
 .text.led_init
                0x0000000010000520       0x10 CMakeFiles/Picow-pi7.dir/drivers/ledonboard/leds.c.obj
                0x0000000010000520                led_init
 .text.led_invert
                0x0000000010000530       0x30 CMakeFiles/Picow-pi7.dir/drivers/ledonboard/leds.c.obj
                0x0000000010000530                led_invert
 .text.UART1_IRQHandler
                0x0000000010000560       0x54 CMakeFiles/Picow-pi7.dir/drivers/uart/uart.c.obj
                0x0000000010000560                UART1_IRQHandler
 .text.UART0_IRQHandler
                0x00000000100005b4       0x54 CMakeFiles/Picow-pi7.dir/drivers/uart/uart.c.obj
                0x00000000100005b4                UART0_IRQHandler
 .text.UARTInit
                0x0000000010000608      0x10c CMakeFiles/Picow-pi7.dir/drivers/uart/uart.c.obj
                0x0000000010000608                UARTInit
 .text.UARTSend
                0x0000000010000714       0x74 CMakeFiles/Picow-pi7.dir/drivers/uart/uart.c.obj
                0x0000000010000714                UARTSend
 .text.UARTSendNullTerminated
                0x0000000010000788      0x124 CMakeFiles/Picow-pi7.dir/drivers/uart/uart.c.obj
                0x0000000010000788                UARTSendNullTerminated
 .text.com_init
                0x00000000100008ac        0xc CMakeFiles/Picow-pi7.dir/pi7/comm_pc/modbus.c.obj
                0x00000000100008ac                com_init
 .text.sendTxBufferToSerialUSB
                0x00000000100008b8       0x14 CMakeFiles/Picow-pi7.dir/pi7/comm_pc/modbus.c.obj
                0x00000000100008b8                sendTxBufferToSerialUSB
 .text.decode   0x00000000100008cc       0x2a CMakeFiles/Picow-pi7.dir/pi7/comm_pc/modbus.c.obj
                0x00000000100008cc                decode
 .text.encodeLow
                0x00000000100008f6       0x10 CMakeFiles/Picow-pi7.dir/pi7/comm_pc/modbus.c.obj
                0x00000000100008f6                encodeLow
 .text.encodeHigh
                0x0000000010000906       0x12 CMakeFiles/Picow-pi7.dir/pi7/comm_pc/modbus.c.obj
                0x0000000010000906                encodeHigh
 .text.calculateLRC
                0x0000000010000918       0x18 CMakeFiles/Picow-pi7.dir/pi7/comm_pc/modbus.c.obj
                0x0000000010000918                calculateLRC
 .text.checkLRC
                0x0000000010000930       0x44 CMakeFiles/Picow-pi7.dir/pi7/comm_pc/modbus.c.obj
                0x0000000010000930                checkLRC
 .text.processReadRegister
                0x0000000010000974       0x88 CMakeFiles/Picow-pi7.dir/pi7/comm_pc/modbus.c.obj
                0x0000000010000974                processReadRegister
 .text.processWriteRegister
                0x00000000100009fc       0xac CMakeFiles/Picow-pi7.dir/pi7/comm_pc/modbus.c.obj
                0x00000000100009fc                processWriteRegister
 .text.decodeFunctionCode
                0x0000000010000aa8       0x14 CMakeFiles/Picow-pi7.dir/pi7/comm_pc/modbus.c.obj
                0x0000000010000aa8                decodeFunctionCode
 .text.processMessage
                0x0000000010000abc       0x30 CMakeFiles/Picow-pi7.dir/pi7/comm_pc/modbus.c.obj
                0x0000000010000abc                processMessage
 .text.receiveMessage
                0x0000000010000aec       0x98 CMakeFiles/Picow-pi7.dir/pi7/comm_pc/modbus.c.obj
                0x0000000010000aec                receiveMessage
 .text.com_executeCommunication
                0x0000000010000b84       0x1c CMakeFiles/Picow-pi7.dir/pi7/comm_pc/modbus.c.obj
                0x0000000010000b84                com_executeCommunication
 .text.pic_init
                0x0000000010000ba0        0x2 CMakeFiles/Picow-pi7.dir/pi7/comm_pic/comm_pic.c.obj
                0x0000000010000ba0                pic_init
 *fill*         0x0000000010000ba2        0x2 
 .text.pic_sendToPIC
                0x0000000010000ba4       0x54 CMakeFiles/Picow-pi7.dir/pi7/comm_pic/comm_pic.c.obj
                0x0000000010000ba4                pic_sendToPIC
 .text.ctl_init
                0x0000000010000bf8        0x2 CMakeFiles/Picow-pi7.dir/pi7/command_interpreter/command_interpreter.c.obj
                0x0000000010000bf8                ctl_init
 .text.ctl_ReadRegister
                0x0000000010000bfa       0x44 CMakeFiles/Picow-pi7.dir/pi7/command_interpreter/command_interpreter.c.obj
                0x0000000010000bfa                ctl_ReadRegister
 *fill*         0x0000000010000c3e        0x2 
 .text.ctl_WriteRegister
                0x0000000010000c40       0x4c CMakeFiles/Picow-pi7.dir/pi7/command_interpreter/command_interpreter.c.obj
                0x0000000010000c40                ctl_WriteRegister
 .text.tcl_generateSetpoint
                0x0000000010000c8c       0x5c CMakeFiles/Picow-pi7.dir/pi7/trj_control/trj_control.c.obj
                0x0000000010000c8c                tcl_generateSetpoint
 .text.tcl_processCommand
                0x0000000010000ce8       0x40 CMakeFiles/Picow-pi7.dir/pi7/trj_control/trj_control.c.obj
                0x0000000010000ce8                tcl_processCommand
 .text.tcl_init
                0x0000000010000d28        0xc CMakeFiles/Picow-pi7.dir/pi7/trj_control/trj_control.c.obj
                0x0000000010000d28                tcl_init
 .text.tpr_getLine
                0x0000000010000d34       0x1c CMakeFiles/Picow-pi7.dir/pi7/trj_program/trj_program.c.obj
                0x0000000010000d34                tpr_getLine
 .text.tpr_init
                0x0000000010000d50       0x24 CMakeFiles/Picow-pi7.dir/pi7/trj_program/trj_program.c.obj
                0x0000000010000d50                tpr_init
 .text.tst_getCurrentLine
                0x0000000010000d74        0xc CMakeFiles/Picow-pi7.dir/pi7/trj_state/trj_state.c.obj
                0x0000000010000d74                tst_getCurrentLine
 .text.tst_setCurrentLine
                0x0000000010000d80        0xc CMakeFiles/Picow-pi7.dir/pi7/trj_state/trj_state.c.obj
                0x0000000010000d80                tst_setCurrentLine
 .text.tst_getX
                0x0000000010000d8c        0xc CMakeFiles/Picow-pi7.dir/pi7/trj_state/trj_state.c.obj
                0x0000000010000d8c                tst_getX
 .text.tst_getY
                0x0000000010000d98        0xc CMakeFiles/Picow-pi7.dir/pi7/trj_state/trj_state.c.obj
                0x0000000010000d98                tst_getY
 .text.tst_getZ
                0x0000000010000da4        0xc CMakeFiles/Picow-pi7.dir/pi7/trj_state/trj_state.c.obj
                0x0000000010000da4                tst_getZ
 .text.tst_init
                0x0000000010000db0        0x2 CMakeFiles/Picow-pi7.dir/pi7/trj_state/trj_state.c.obj
                0x0000000010000db0                tst_init
 *fill*         0x0000000010000db2        0x2 
 .text.gpio_set_function
                0x0000000010000db4       0x30 CMakeFiles/Picow-pi7.dir/home/consmariano/PicoW-pi7/pico-sdk/src/rp2_common/hardware_gpio/gpio.c.obj
                0x0000000010000db4                gpio_set_function
 .text.gpio_set_pulls
                0x0000000010000de4       0x34 CMakeFiles/Picow-pi7.dir/home/consmariano/PicoW-pi7/pico-sdk/src/rp2_common/hardware_gpio/gpio.c.obj
                0x0000000010000de4                gpio_set_pulls
 .text.gpio_set_input_hysteresis_enabled
                0x0000000010000e18       0x30 CMakeFiles/Picow-pi7.dir/home/consmariano/PicoW-pi7/pico-sdk/src/rp2_common/hardware_gpio/gpio.c.obj
                0x0000000010000e18                gpio_set_input_hysteresis_enabled
 .text.gpio_add_raw_irq_handler_with_order_priority_masked
                0x0000000010000e48       0x40 CMakeFiles/Picow-pi7.dir/home/consmariano/PicoW-pi7/pico-sdk/src/rp2_common/hardware_gpio/gpio.c.obj
                0x0000000010000e48                gpio_add_raw_irq_handler_with_order_priority_masked
 .text.gpio_remove_raw_irq_handler_masked
                0x0000000010000e88       0x48 CMakeFiles/Picow-pi7.dir/home/consmariano/PicoW-pi7/pico-sdk/src/rp2_common/hardware_gpio/gpio.c.obj
                0x0000000010000e88                gpio_remove_raw_irq_handler_masked
 .text.gpio_acknowledge_irq
                0x0000000010000ed0       0x18 CMakeFiles/Picow-pi7.dir/home/consmariano/PicoW-pi7/pico-sdk/src/rp2_common/hardware_gpio/gpio.c.obj
                0x0000000010000ed0                gpio_acknowledge_irq
 .text._gpio_set_irq_enabled
                0x0000000010000ee8       0x34 CMakeFiles/Picow-pi7.dir/home/consmariano/PicoW-pi7/pico-sdk/src/rp2_common/hardware_gpio/gpio.c.obj
 .text.gpio_set_irq_enabled
                0x0000000010000f1c       0x20 CMakeFiles/Picow-pi7.dir/home/consmariano/PicoW-pi7/pico-sdk/src/rp2_common/hardware_gpio/gpio.c.obj
                0x0000000010000f1c                gpio_set_irq_enabled
 .text.gpio_init
                0x0000000010000f3c       0x16 CMakeFiles/Picow-pi7.dir/home/consmariano/PicoW-pi7/pico-sdk/src/rp2_common/hardware_gpio/gpio.c.obj
                0x0000000010000f3c                gpio_init
 *fill*         0x0000000010000f52        0x2 
 .text.running_on_fpga
                0x0000000010000f54       0x14 CMakeFiles/Picow-pi7.dir/home/consmariano/PicoW-pi7/pico-sdk/src/rp2_common/pico_platform/platform.c.obj
                0x0000000010000f54                running_on_fpga
 .text.hw_claim_lock
                0x0000000010000f68       0x18 CMakeFiles/Picow-pi7.dir/home/consmariano/PicoW-pi7/pico-sdk/src/rp2_common/hardware_claim/claim.c.obj
                0x0000000010000f68                hw_claim_lock
 .text.hw_claim_unlock
                0x0000000010000f80       0x14 CMakeFiles/Picow-pi7.dir/home/consmariano/PicoW-pi7/pico-sdk/src/rp2_common/hardware_claim/claim.c.obj
                0x0000000010000f80                hw_claim_unlock
 .text.hw_claim_or_assert
                0x0000000010000f94       0x32 CMakeFiles/Picow-pi7.dir/home/consmariano/PicoW-pi7/pico-sdk/src/rp2_common/hardware_claim/claim.c.obj
                0x0000000010000f94                hw_claim_or_assert
 .text.hw_claim_unused_from_range
                0x0000000010000fc6       0x50 CMakeFiles/Picow-pi7.dir/home/consmariano/PicoW-pi7/pico-sdk/src/rp2_common/hardware_claim/claim.c.obj
                0x0000000010000fc6                hw_claim_unused_from_range
 *fill*         0x0000000010001016        0x2 
 .text.hw_claim_clear
                0x0000000010001018       0x40 CMakeFiles/Picow-pi7.dir/home/consmariano/PicoW-pi7/pico-sdk/src/rp2_common/hardware_claim/claim.c.obj
                0x0000000010001018                hw_claim_clear
 .text.spin_locks_reset
                0x0000000010001058       0x20 CMakeFiles/Picow-pi7.dir/home/consmariano/PicoW-pi7/pico-sdk/src/rp2_common/hardware_sync/sync.c.obj
                0x0000000010001058                spin_locks_reset
 .text.next_striped_spin_lock_num
                0x0000000010001078       0x1c CMakeFiles/Picow-pi7.dir/home/consmariano/PicoW-pi7/pico-sdk/src/rp2_common/hardware_sync/sync.c.obj
                0x0000000010001078                next_striped_spin_lock_num
 .text.spin_lock_claim
                0x0000000010001094       0x18 CMakeFiles/Picow-pi7.dir/home/consmariano/PicoW-pi7/pico-sdk/src/rp2_common/hardware_sync/sync.c.obj
                0x0000000010001094                spin_lock_claim
 .text.spin_lock_claim_unused
                0x00000000100010ac       0x20 CMakeFiles/Picow-pi7.dir/home/consmariano/PicoW-pi7/pico-sdk/src/rp2_common/hardware_sync/sync.c.obj
                0x00000000100010ac                spin_lock_claim_unused
 .text.set_raw_irq_handler_and_unlock
                0x00000000100010cc       0x28 CMakeFiles/Picow-pi7.dir/home/consmariano/PicoW-pi7/pico-sdk/src/rp2_common/hardware_irq/irq.c.obj
 .text.get_user_irq_claim_index
                0x00000000100010f4        0x6 CMakeFiles/Picow-pi7.dir/home/consmariano/PicoW-pi7/pico-sdk/src/rp2_common/hardware_irq/irq.c.obj
 *fill*         0x00000000100010fa        0x2 
 .text.make_branch
                0x00000000100010fc       0x48 CMakeFiles/Picow-pi7.dir/home/consmariano/PicoW-pi7/pico-sdk/src/rp2_common/hardware_irq/irq.c.obj
 .text.insert_branch_and_link
                0x0000000010001144       0x40 CMakeFiles/Picow-pi7.dir/home/consmariano/PicoW-pi7/pico-sdk/src/rp2_common/hardware_irq/irq.c.obj
 .text.irq_is_enabled
                0x0000000010001184       0x18 CMakeFiles/Picow-pi7.dir/home/consmariano/PicoW-pi7/pico-sdk/src/rp2_common/hardware_irq/irq.c.obj
                0x0000000010001184                irq_is_enabled
 .text.irq_set_mask_enabled
                0x000000001000119c       0x20 CMakeFiles/Picow-pi7.dir/home/consmariano/PicoW-pi7/pico-sdk/src/rp2_common/hardware_irq/irq.c.obj
                0x000000001000119c                irq_set_mask_enabled
 .text.irq_set_enabled
                0x00000000100011bc        0xe CMakeFiles/Picow-pi7.dir/home/consmariano/PicoW-pi7/pico-sdk/src/rp2_common/hardware_irq/irq.c.obj
                0x00000000100011bc                irq_set_enabled
 *fill*         0x00000000100011ca        0x2 
 .text.irq_set_pending
                0x00000000100011cc       0x10 CMakeFiles/Picow-pi7.dir/home/consmariano/PicoW-pi7/pico-sdk/src/rp2_common/hardware_irq/irq.c.obj
                0x00000000100011cc                irq_set_pending
 .text.irq_get_vtable_handler
                0x00000000100011dc       0x10 CMakeFiles/Picow-pi7.dir/home/consmariano/PicoW-pi7/pico-sdk/src/rp2_common/hardware_irq/irq.c.obj
                0x00000000100011dc                irq_get_vtable_handler
 .text.irq_has_shared_handler
                0x00000000100011ec       0x24 CMakeFiles/Picow-pi7.dir/home/consmariano/PicoW-pi7/pico-sdk/src/rp2_common/hardware_irq/irq.c.obj
                0x00000000100011ec                irq_has_shared_handler
 .text.irq_set_exclusive_handler
                0x0000000010001210       0x54 CMakeFiles/Picow-pi7.dir/home/consmariano/PicoW-pi7/pico-sdk/src/rp2_common/hardware_irq/irq.c.obj
                0x0000000010001210                irq_set_exclusive_handler
 .text.irq_add_shared_handler
                0x0000000010001264      0x234 CMakeFiles/Picow-pi7.dir/home/consmariano/PicoW-pi7/pico-sdk/src/rp2_common/hardware_irq/irq.c.obj
                0x0000000010001264                irq_add_shared_handler
 .text.irq_remove_handler
                0x0000000010001498      0x1ac CMakeFiles/Picow-pi7.dir/home/consmariano/PicoW-pi7/pico-sdk/src/rp2_common/hardware_irq/irq.c.obj
                0x0000000010001498                irq_remove_handler
 .text.irq_set_priority
                0x0000000010001644       0x28 CMakeFiles/Picow-pi7.dir/home/consmariano/PicoW-pi7/pico-sdk/src/rp2_common/hardware_irq/irq.c.obj
                0x0000000010001644                irq_set_priority
 .text.irq_add_tail_to_free_list
                0x000000001000166c       0xf0 CMakeFiles/Picow-pi7.dir/home/consmariano/PicoW-pi7/pico-sdk/src/rp2_common/hardware_irq/irq.c.obj
                0x000000001000166c                irq_add_tail_to_free_list
 .text.irq_init_priorities
                0x000000001000175c       0x1c CMakeFiles/Picow-pi7.dir/home/consmariano/PicoW-pi7/pico-sdk/src/rp2_common/hardware_irq/irq.c.obj
                0x000000001000175c                irq_init_priorities
 .text.user_irq_unclaim
                0x0000000010001778       0x14 CMakeFiles/Picow-pi7.dir/home/consmariano/PicoW-pi7/pico-sdk/src/rp2_common/hardware_irq/irq.c.obj
                0x0000000010001778                user_irq_unclaim
 .text.user_irq_claim_unused
                0x000000001000178c       0x28 CMakeFiles/Picow-pi7.dir/home/consmariano/PicoW-pi7/pico-sdk/src/rp2_common/hardware_irq/irq.c.obj
                0x000000001000178c                user_irq_claim_unused
 .text.sem_init
                0x00000000100017b4       0x1e CMakeFiles/Picow-pi7.dir/home/consmariano/PicoW-pi7/pico-sdk/src/common/pico_sync/sem.c.obj
                0x00000000100017b4                sem_init
 *fill*         0x00000000100017d2        0x2 
 .text.lock_init
                0x00000000100017d4       0x10 CMakeFiles/Picow-pi7.dir/home/consmariano/PicoW-pi7/pico-sdk/src/common/pico_sync/lock_core.c.obj
                0x00000000100017d4                lock_init
 .text.mutex_init
                0x00000000100017e4       0x1c CMakeFiles/Picow-pi7.dir/home/consmariano/PicoW-pi7/pico-sdk/src/common/pico_sync/mutex.c.obj
                0x00000000100017e4                mutex_init
 .text.recursive_mutex_init
                0x0000000010001800       0x20 CMakeFiles/Picow-pi7.dir/home/consmariano/PicoW-pi7/pico-sdk/src/common/pico_sync/mutex.c.obj
                0x0000000010001800                recursive_mutex_init
 .text.critical_section_init_with_lock_num
                0x0000000010001820       0x14 CMakeFiles/Picow-pi7.dir/home/consmariano/PicoW-pi7/pico-sdk/src/common/pico_sync/critical_section.c.obj
                0x0000000010001820                critical_section_init_with_lock_num
 .text.critical_section_init
                0x0000000010001834       0x14 CMakeFiles/Picow-pi7.dir/home/consmariano/PicoW-pi7/pico-sdk/src/common/pico_sync/critical_section.c.obj
                0x0000000010001834                critical_section_init
 .text.alarm_pool_post_alloc_init
                0x0000000010001848       0x40 CMakeFiles/Picow-pi7.dir/home/consmariano/PicoW-pi7/pico-sdk/src/common/pico_time/time.c.obj
 .text.sleep_until_callback
                0x0000000010001888       0x28 CMakeFiles/Picow-pi7.dir/home/consmariano/PicoW-pi7/pico-sdk/src/common/pico_time/time.c.obj
 .text.timer_pool_entry_comparator
                0x00000000100018b0       0x7c CMakeFiles/Picow-pi7.dir/home/consmariano/PicoW-pi7/pico-sdk/src/common/pico_time/time.c.obj
                0x00000000100018b0                timer_pool_entry_comparator
 .text.ph_add_child_node
                0x000000001000192c       0xa4 CMakeFiles/Picow-pi7.dir/home/consmariano/PicoW-pi7/pico-sdk/src/common/pico_time/time.c.obj
 .text.ph_merge_nodes
                0x00000000100019d0       0x3e CMakeFiles/Picow-pi7.dir/home/consmariano/PicoW-pi7/pico-sdk/src/common/pico_time/time.c.obj
 *fill*         0x0000000010001a0e        0x2 
 .text.add_alarm_under_lock
                0x0000000010001a10      0x174 CMakeFiles/Picow-pi7.dir/home/consmariano/PicoW-pi7/pico-sdk/src/common/pico_time/time.c.obj
 .text.alarm_pool_alarm_callback
                0x0000000010001b84      0x33c CMakeFiles/Picow-pi7.dir/home/consmariano/PicoW-pi7/pico-sdk/src/common/pico_time/time.c.obj
 .text.alarm_pool_init_default
                0x0000000010001ec0       0x40 CMakeFiles/Picow-pi7.dir/home/consmariano/PicoW-pi7/pico-sdk/src/common/pico_time/time.c.obj
                0x0000000010001ec0                alarm_pool_init_default
 .text.alarm_pool_get_default
                0x0000000010001f00       0x2c CMakeFiles/Picow-pi7.dir/home/consmariano/PicoW-pi7/pico-sdk/src/common/pico_time/time.c.obj
                0x0000000010001f00                alarm_pool_get_default
 .text.alarm_pool_create_with_unused_hardware_alarm
                0x0000000010001f2c       0x44 CMakeFiles/Picow-pi7.dir/home/consmariano/PicoW-pi7/pico-sdk/src/common/pico_time/time.c.obj
                0x0000000010001f2c                alarm_pool_create_with_unused_hardware_alarm
 .text.alarm_pool_destroy
                0x0000000010001f70       0x78 CMakeFiles/Picow-pi7.dir/home/consmariano/PicoW-pi7/pico-sdk/src/common/pico_time/time.c.obj
                0x0000000010001f70                alarm_pool_destroy
 .text.alarm_pool_add_alarm_at
                0x0000000010001fe8      0x168 CMakeFiles/Picow-pi7.dir/home/consmariano/PicoW-pi7/pico-sdk/src/common/pico_time/time.c.obj
                0x0000000010001fe8                alarm_pool_add_alarm_at
 .text.alarm_pool_add_alarm_at_force_in_context
                0x0000000010002150       0xa4 CMakeFiles/Picow-pi7.dir/home/consmariano/PicoW-pi7/pico-sdk/src/common/pico_time/time.c.obj
                0x0000000010002150                alarm_pool_add_alarm_at_force_in_context
 .text.alarm_pool_cancel_alarm
                0x00000000100021f4       0xf8 CMakeFiles/Picow-pi7.dir/home/consmariano/PicoW-pi7/pico-sdk/src/common/pico_time/time.c.obj
                0x00000000100021f4                alarm_pool_cancel_alarm
 .text.alarm_pool_core_num
                0x00000000100022ec        0x4 CMakeFiles/Picow-pi7.dir/home/consmariano/PicoW-pi7/pico-sdk/src/common/pico_time/time.c.obj
                0x00000000100022ec                alarm_pool_core_num
 .text.sleep_until
                0x00000000100022f0       0xf0 CMakeFiles/Picow-pi7.dir/home/consmariano/PicoW-pi7/pico-sdk/src/common/pico_time/time.c.obj
                0x00000000100022f0                sleep_until
 .text.sleep_us
                0x00000000100023e0       0x58 CMakeFiles/Picow-pi7.dir/home/consmariano/PicoW-pi7/pico-sdk/src/common/pico_time/time.c.obj
                0x00000000100023e0                sleep_us
 .text.sleep_ms
                0x0000000010002438       0x14 CMakeFiles/Picow-pi7.dir/home/consmariano/PicoW-pi7/pico-sdk/src/common/pico_time/time.c.obj
                0x0000000010002438                sleep_ms
 .text.best_effort_wfe_or_timeout
                0x000000001000244c       0xac CMakeFiles/Picow-pi7.dir/home/consmariano/PicoW-pi7/pico-sdk/src/common/pico_time/time.c.obj
                0x000000001000244c                best_effort_wfe_or_timeout
 .text.hardware_alarm_irq_handler
                0x00000000100024f8       0x90 CMakeFiles/Picow-pi7.dir/home/consmariano/PicoW-pi7/pico-sdk/src/rp2_common/hardware_timer/timer.c.obj
 .text.hardware_alarm_claim
                0x0000000010002588       0x18 CMakeFiles/Picow-pi7.dir/home/consmariano/PicoW-pi7/pico-sdk/src/rp2_common/hardware_timer/timer.c.obj
                0x0000000010002588                hardware_alarm_claim
 .text.hardware_alarm_unclaim
                0x00000000100025a0       0x10 CMakeFiles/Picow-pi7.dir/home/consmariano/PicoW-pi7/pico-sdk/src/rp2_common/hardware_timer/timer.c.obj
                0x00000000100025a0                hardware_alarm_unclaim
 .text.hardware_alarm_claim_unused
                0x00000000100025b0       0x20 CMakeFiles/Picow-pi7.dir/home/consmariano/PicoW-pi7/pico-sdk/src/rp2_common/hardware_timer/timer.c.obj
                0x00000000100025b0                hardware_alarm_claim_unused
 .text.time_us_64
                0x00000000100025d0       0x18 CMakeFiles/Picow-pi7.dir/home/consmariano/PicoW-pi7/pico-sdk/src/rp2_common/hardware_timer/timer.c.obj
                0x00000000100025d0                time_us_64
 .text.busy_wait_until
                0x00000000100025e8       0x28 CMakeFiles/Picow-pi7.dir/home/consmariano/PicoW-pi7/pico-sdk/src/rp2_common/hardware_timer/timer.c.obj
                0x00000000100025e8                busy_wait_until
 .text.busy_wait_us
                0x0000000010002610       0x48 CMakeFiles/Picow-pi7.dir/home/consmariano/PicoW-pi7/pico-sdk/src/rp2_common/hardware_timer/timer.c.obj
                0x0000000010002610                busy_wait_us
 .text.hardware_alarm_set_callback
                0x0000000010002658       0x90 CMakeFiles/Picow-pi7.dir/home/consmariano/PicoW-pi7/pico-sdk/src/rp2_common/hardware_timer/timer.c.obj
                0x0000000010002658                hardware_alarm_set_callback
 .text.hardware_alarm_set_target
                0x00000000100026e8       0xe8 CMakeFiles/Picow-pi7.dir/home/consmariano/PicoW-pi7/pico-sdk/src/rp2_common/hardware_timer/timer.c.obj
                0x00000000100026e8                hardware_alarm_set_target
 .text.hardware_alarm_cancel
                0x00000000100027d0       0x40 CMakeFiles/Picow-pi7.dir/home/consmariano/PicoW-pi7/pico-sdk/src/rp2_common/hardware_timer/timer.c.obj
                0x00000000100027d0                hardware_alarm_cancel
 .text.hardware_alarm_force_irq
                0x0000000010002810       0x40 CMakeFiles/Picow-pi7.dir/home/consmariano/PicoW-pi7/pico-sdk/src/rp2_common/hardware_timer/timer.c.obj
                0x0000000010002810                hardware_alarm_force_irq
 .text.ph_add_child_node
                0x0000000010002850       0xa4 CMakeFiles/Picow-pi7.dir/home/consmariano/PicoW-pi7/pico-sdk/src/common/pico_util/pheap.c.obj
 .text.ph_merge_nodes
                0x00000000100028f4       0x3e CMakeFiles/Picow-pi7.dir/home/consmariano/PicoW-pi7/pico-sdk/src/common/pico_util/pheap.c.obj
 *fill*         0x0000000010002932        0x2 
 .text.ph_clear
                0x0000000010002934       0x70 CMakeFiles/Picow-pi7.dir/home/consmariano/PicoW-pi7/pico-sdk/src/common/pico_util/pheap.c.obj
                0x0000000010002934                ph_clear
 .text.ph_post_alloc_init
                0x00000000100029a4        0xe CMakeFiles/Picow-pi7.dir/home/consmariano/PicoW-pi7/pico-sdk/src/common/pico_util/pheap.c.obj
                0x00000000100029a4                ph_post_alloc_init
 .text.ph_create
                0x00000000100029b2       0x2c CMakeFiles/Picow-pi7.dir/home/consmariano/PicoW-pi7/pico-sdk/src/common/pico_util/pheap.c.obj
                0x00000000100029b2                ph_create
 .text.ph_destroy
                0x00000000100029de       0x12 CMakeFiles/Picow-pi7.dir/home/consmariano/PicoW-pi7/pico-sdk/src/common/pico_util/pheap.c.obj
                0x00000000100029de                ph_destroy
 .text.ph_merge_two_pass
                0x00000000100029f0       0xa8 CMakeFiles/Picow-pi7.dir/home/consmariano/PicoW-pi7/pico-sdk/src/common/pico_util/pheap.c.obj
                0x00000000100029f0                ph_merge_two_pass
 .text.ph_remove_any_head
                0x0000000010002a98      0x128 CMakeFiles/Picow-pi7.dir/home/consmariano/PicoW-pi7/pico-sdk/src/common/pico_util/pheap.c.obj
 .text.ph_remove_head
                0x0000000010002bc0       0x14 CMakeFiles/Picow-pi7.dir/home/consmariano/PicoW-pi7/pico-sdk/src/common/pico_util/pheap.c.obj
                0x0000000010002bc0                ph_remove_head
 .text.ph_remove_and_free_node
                0x0000000010002bd4       0xf8 CMakeFiles/Picow-pi7.dir/home/consmariano/PicoW-pi7/pico-sdk/src/common/pico_util/pheap.c.obj
                0x0000000010002bd4                ph_remove_and_free_node
 .text.uart_disable_before_lcr_write
                0x0000000010002ccc       0x48 CMakeFiles/Picow-pi7.dir/home/consmariano/PicoW-pi7/pico-sdk/src/rp2_common/hardware_uart/uart.c.obj
 .text.uart_write_lcr_bits_masked
                0x0000000010002d14       0x22 CMakeFiles/Picow-pi7.dir/home/consmariano/PicoW-pi7/pico-sdk/src/rp2_common/hardware_uart/uart.c.obj
 *fill*         0x0000000010002d36        0x2 
 .text.uart_set_baudrate
                0x0000000010002d38       0x5c CMakeFiles/Picow-pi7.dir/home/consmariano/PicoW-pi7/pico-sdk/src/rp2_common/hardware_uart/uart.c.obj
                0x0000000010002d38                uart_set_baudrate
 .text.uart_set_format
                0x0000000010002d94       0x2c CMakeFiles/Picow-pi7.dir/home/consmariano/PicoW-pi7/pico-sdk/src/rp2_common/hardware_uart/uart.c.obj
                0x0000000010002d94                uart_set_format
 .text.uart_set_translate_crlf
                0x0000000010002dc0       0x28 CMakeFiles/Picow-pi7.dir/home/consmariano/PicoW-pi7/pico-sdk/src/rp2_common/hardware_uart/uart.c.obj
                0x0000000010002dc0                uart_set_translate_crlf
 .text.uart_init
                0x0000000010002de8       0x80 CMakeFiles/Picow-pi7.dir/home/consmariano/PicoW-pi7/pico-sdk/src/rp2_common/hardware_uart/uart.c.obj
                0x0000000010002de8                uart_init
 .text.clock_configure
                0x0000000010002e68      0x108 CMakeFiles/Picow-pi7.dir/home/consmariano/PicoW-pi7/pico-sdk/src/rp2_common/hardware_clocks/clocks.c.obj
                0x0000000010002e68                clock_configure
 .text.clocks_init
                0x0000000010002f70      0x100 CMakeFiles/Picow-pi7.dir/home/consmariano/PicoW-pi7/pico-sdk/src/rp2_common/hardware_clocks/clocks.c.obj
                0x0000000010002f70                clocks_init
 .text.clock_get_hz
                0x0000000010003070        0xc CMakeFiles/Picow-pi7.dir/home/consmariano/PicoW-pi7/pico-sdk/src/rp2_common/hardware_clocks/clocks.c.obj
                0x0000000010003070                clock_get_hz
 .text.pll_init
                0x000000001000307c      0x120 CMakeFiles/Picow-pi7.dir/home/consmariano/PicoW-pi7/pico-sdk/src/rp2_common/hardware_pll/pll.c.obj
                0x000000001000307c                pll_init
 .text.watchdog_start_tick
                0x000000001000319c       0x10 CMakeFiles/Picow-pi7.dir/home/consmariano/PicoW-pi7/pico-sdk/src/rp2_common/hardware_watchdog/watchdog.c.obj
                0x000000001000319c                watchdog_start_tick
 .text.watchdog_update
                0x00000000100031ac       0x14 CMakeFiles/Picow-pi7.dir/home/consmariano/PicoW-pi7/pico-sdk/src/rp2_common/hardware_watchdog/watchdog.c.obj
                0x00000000100031ac                watchdog_update
 .text._watchdog_enable
                0x00000000100031c0       0x78 CMakeFiles/Picow-pi7.dir/home/consmariano/PicoW-pi7/pico-sdk/src/rp2_common/hardware_watchdog/watchdog.c.obj
                0x00000000100031c0                _watchdog_enable
 .text.watchdog_reboot
                0x0000000010003238       0x48 CMakeFiles/Picow-pi7.dir/home/consmariano/PicoW-pi7/pico-sdk/src/rp2_common/hardware_watchdog/watchdog.c.obj
                0x0000000010003238                watchdog_reboot
 .text.xosc_init
                0x0000000010003280       0x28 CMakeFiles/Picow-pi7.dir/home/consmariano/PicoW-pi7/pico-sdk/src/rp2_common/hardware_xosc/xosc.c.obj
                0x0000000010003280                xosc_init
 .text._exit    0x00000000100032a8        0x4 CMakeFiles/Picow-pi7.dir/home/consmariano/PicoW-pi7/pico-sdk/src/rp2_common/pico_runtime/runtime.c.obj
                0x00000000100032a8                _exit
 .text._sbrk    0x00000000100032ac       0x38 CMakeFiles/Picow-pi7.dir/home/consmariano/PicoW-pi7/pico-sdk/src/rp2_common/pico_runtime/runtime.c.obj
                0x00000000100032ac                _sbrk
 .text.exit     0x00000000100032e4        0x6 CMakeFiles/Picow-pi7.dir/home/consmariano/PicoW-pi7/pico-sdk/src/rp2_common/pico_runtime/runtime.c.obj
                0x00000000100032e4                exit
 *fill*         0x00000000100032ea        0x2 
 .text.__assert_func
                0x00000000100032ec       0x3c CMakeFiles/Picow-pi7.dir/home/consmariano/PicoW-pi7/pico-sdk/src/rp2_common/pico_runtime/runtime.c.obj
                0x00000000100032ec                __assert_func
 .text.runtime_init
                0x0000000010003328       0xf8 CMakeFiles/Picow-pi7.dir/home/consmariano/PicoW-pi7/pico-sdk/src/rp2_common/pico_runtime/runtime.c.obj
                0x0000000010003328                runtime_init
 .text.panic    0x0000000010003420       0x30 CMakeFiles/Picow-pi7.dir/home/consmariano/PicoW-pi7/pico-sdk/src/rp2_common/pico_runtime/runtime.c.obj
                0x0000000010003420                panic
 .text.panic_unsupported
                0x0000000010003450        0xc CMakeFiles/Picow-pi7.dir/home/consmariano/PicoW-pi7/pico-sdk/src/rp2_common/pico_runtime/runtime.c.obj
                0x0000000010003450                panic_unsupported
 .text._out_buffer
                0x000000001000345c        0x8 CMakeFiles/Picow-pi7.dir/home/consmariano/PicoW-pi7/pico-sdk/src/rp2_common/pico_printf/printf.c.obj
 .text._out_null
                0x0000000010003464        0x2 CMakeFiles/Picow-pi7.dir/home/consmariano/PicoW-pi7/pico-sdk/src/rp2_common/pico_printf/printf.c.obj
 .text._out_fct
                0x0000000010003466        0xe CMakeFiles/Picow-pi7.dir/home/consmariano/PicoW-pi7/pico-sdk/src/rp2_common/pico_printf/printf.c.obj
 .text._atoi    0x0000000010003474       0x24 CMakeFiles/Picow-pi7.dir/home/consmariano/PicoW-pi7/pico-sdk/src/rp2_common/pico_printf/printf.c.obj
 .text._out_rev
                0x0000000010003498       0xae CMakeFiles/Picow-pi7.dir/home/consmariano/PicoW-pi7/pico-sdk/src/rp2_common/pico_printf/printf.c.obj
 .text._ntoa_format
                0x0000000010003546      0x112 CMakeFiles/Picow-pi7.dir/home/consmariano/PicoW-pi7/pico-sdk/src/rp2_common/pico_printf/printf.c.obj
 .text._ntoa_long
                0x0000000010003658       0xbc CMakeFiles/Picow-pi7.dir/home/consmariano/PicoW-pi7/pico-sdk/src/rp2_common/pico_printf/printf.c.obj
 .text._ntoa_long_long
                0x0000000010003714       0xe2 CMakeFiles/Picow-pi7.dir/home/consmariano/PicoW-pi7/pico-sdk/src/rp2_common/pico_printf/printf.c.obj
 *fill*         0x00000000100037f6        0x2 
 .text._etoa    0x00000000100037f8      0x414 CMakeFiles/Picow-pi7.dir/home/consmariano/PicoW-pi7/pico-sdk/src/rp2_common/pico_printf/printf.c.obj
 .text._ftoa    0x0000000010003c0c      0x354 CMakeFiles/Picow-pi7.dir/home/consmariano/PicoW-pi7/pico-sdk/src/rp2_common/pico_printf/printf.c.obj
 .text._vsnprintf
                0x0000000010003f60      0x624 CMakeFiles/Picow-pi7.dir/home/consmariano/PicoW-pi7/pico-sdk/src/rp2_common/pico_printf/printf.c.obj
 .text.__wrap_sprintf
                0x0000000010004584       0x28 CMakeFiles/Picow-pi7.dir/home/consmariano/PicoW-pi7/pico-sdk/src/rp2_common/pico_printf/printf.c.obj
                0x0000000010004584                __wrap_sprintf
 .text.vfctprintf
                0x00000000100045ac       0x20 CMakeFiles/Picow-pi7.dir/home/consmariano/PicoW-pi7/pico-sdk/src/rp2_common/pico_printf/printf.c.obj
                0x00000000100045ac                vfctprintf
 .text          0x00000000100045cc       0x10 CMakeFiles/Picow-pi7.dir/home/consmariano/PicoW-pi7/pico-sdk/src/rp2_common/pico_bit_ops/bit_ops_aeabi.S.obj
 .text.ctzsi    0x00000000100045dc        0xc CMakeFiles/Picow-pi7.dir/home/consmariano/PicoW-pi7/pico-sdk/src/rp2_common/pico_bit_ops/bit_ops_aeabi.S.obj
                0x00000000100045dc                __wrap___ctzsi2
 .text.rom_func_lookup
                0x00000000100045e8       0x10 CMakeFiles/Picow-pi7.dir/home/consmariano/PicoW-pi7/pico-sdk/src/rp2_common/pico_bootrom/bootrom.c.obj
                0x00000000100045e8                rom_func_lookup
 .text.rom_data_lookup
                0x00000000100045f8       0x10 CMakeFiles/Picow-pi7.dir/home/consmariano/PicoW-pi7/pico-sdk/src/rp2_common/pico_bootrom/bootrom.c.obj
                0x00000000100045f8                rom_data_lookup
 .text.rom_funcs_lookup
                0x0000000010004608       0x36 CMakeFiles/Picow-pi7.dir/home/consmariano/PicoW-pi7/pico-sdk/src/rp2_common/pico_bootrom/bootrom.c.obj
                0x0000000010004608                rom_funcs_lookup
 *fill*         0x000000001000463e        0x2 
 .text.__wrap___aeabi_idiv
                0x0000000010004640       0x50 CMakeFiles/Picow-pi7.dir/home/consmariano/PicoW-pi7/pico-sdk/src/rp2_common/pico_divider/divider.S.obj
                0x0000000010004640                __wrap___aeabi_idivmod
                0x0000000010004640                divmod_s32s32
                0x0000000010004640                div_s32s32
                0x0000000010004640                __wrap___aeabi_idiv
                0x0000000010004648                divmod_s32s32_unsafe
                0x0000000010004674                divmod_s32s32_savestate
 .text.__wrap___aeabi_uidiv
                0x0000000010004690       0x4c CMakeFiles/Picow-pi7.dir/home/consmariano/PicoW-pi7/pico-sdk/src/rp2_common/pico_divider/divider.S.obj
                0x0000000010004690                __wrap___aeabi_uidiv
                0x0000000010004690                __wrap___aeabi_uidivmod
                0x0000000010004690                div_u32u32
                0x0000000010004690                divmod_u32u32
                0x0000000010004698                divmod_u32u32_unsafe
                0x00000000100046c0                divmod_u32u32_savestate
 .text.__wrap___aeabi_ldiv
                0x00000000100046dc      0x424 CMakeFiles/Picow-pi7.dir/home/consmariano/PicoW-pi7/pico-sdk/src/rp2_common/pico_divider/divider.S.obj
                0x00000000100046dc                div_s64s64
                0x00000000100046dc                divmod_s64s64
                0x00000000100046dc                __wrap___aeabi_ldivmod
                0x000000001000470c                div_u64u64
                0x000000001000470c                divmod_u64u64
                0x000000001000470c                __wrap___aeabi_uldivmod
                0x000000001000471c                divmod_u64u64_savestate
                0x000000001000473c                divmod_s64s64_unsafe
                0x00000000100047c4                divmod_u64u64_unsafe
 .text.__wrap___aeabi_darithmetic
                0x0000000010004b00       0x60 CMakeFiles/Picow-pi7.dir/home/consmariano/PicoW-pi7/pico-sdk/src/rp2_common/pico_double/double_aeabi.S.obj
                0x0000000010004b00                __wrap___aeabi_drsub
                0x0000000010004b06                __wrap___aeabi_dsub
                0x0000000010004b10                __wrap___aeabi_dadd
                0x0000000010004b1a                __wrap___aeabi_ddiv
                0x0000000010004b4e                __wrap___aeabi_dmul
 .text.__wrap___aeabi_cdcmple
                0x0000000010004b60       0x6c CMakeFiles/Picow-pi7.dir/home/consmariano/PicoW-pi7/pico-sdk/src/rp2_common/pico_double/double_aeabi.S.obj
                0x0000000010004b60                __wrap___aeabi_cdrcmple
                0x0000000010004b70                __wrap___aeabi_cdcmple
                0x0000000010004b70                __wrap___aeabi_cdcmpeq
 .text.__wrap___aeabi_dcmplt
                0x0000000010004bcc        0xc CMakeFiles/Picow-pi7.dir/home/consmariano/PicoW-pi7/pico-sdk/src/rp2_common/pico_double/double_aeabi.S.obj
                0x0000000010004bcc                __wrap___aeabi_dcmplt
 .text.__wrap___aeabi_dcmple
                0x0000000010004bd8       0x10 CMakeFiles/Picow-pi7.dir/home/consmariano/PicoW-pi7/pico-sdk/src/rp2_common/pico_double/double_aeabi.S.obj
                0x0000000010004bd8                __wrap___aeabi_dcmple
 .text.__wrap___aeabi_dcmpge
                0x0000000010004be8       0x10 CMakeFiles/Picow-pi7.dir/home/consmariano/PicoW-pi7/pico-sdk/src/rp2_common/pico_double/double_aeabi.S.obj
                0x0000000010004be8                __wrap___aeabi_dcmpge
 .text.__wrap___aeabi_dcmpgt
                0x0000000010004bf8        0xa CMakeFiles/Picow-pi7.dir/home/consmariano/PicoW-pi7/pico-sdk/src/rp2_common/pico_double/double_aeabi.S.obj
                0x0000000010004bf8                __wrap___aeabi_dcmpgt
 .text.__wrap___aeabi_dcmpun
                0x0000000010004c02       0x1c CMakeFiles/Picow-pi7.dir/home/consmariano/PicoW-pi7/pico-sdk/src/rp2_common/pico_double/double_aeabi.S.obj
                0x0000000010004c02                __wrap___aeabi_dcmpun
 *fill*         0x0000000010004c1e        0x2 
 .text.__wrap___aeabi_i2d
                0x0000000010004c20       0x38 CMakeFiles/Picow-pi7.dir/home/consmariano/PicoW-pi7/pico-sdk/src/rp2_common/pico_double/double_aeabi.S.obj
                0x0000000010004c20                __wrap___aeabi_ui2d
                0x0000000010004c28                __wrap___aeabi_i2d
 .text.__wrap___aeabi_d2iz
                0x0000000010004c58       0x48 CMakeFiles/Picow-pi7.dir/home/consmariano/PicoW-pi7/pico-sdk/src/rp2_common/pico_double/double_aeabi.S.obj
                0x0000000010004c58                __wrap___aeabi_d2iz
                0x0000000010004c58                double2int_z
 .text.__wrap___aeabi_d2uiz
                0x0000000010004ca0       0x10 CMakeFiles/Picow-pi7.dir/home/consmariano/PicoW-pi7/pico-sdk/src/rp2_common/pico_double/double_aeabi.S.obj
                0x0000000010004ca0                double2uint
                0x0000000010004ca0                __wrap___aeabi_d2uiz
 .text.missing_double_func_shim
                0x0000000010004cb0        0xc CMakeFiles/Picow-pi7.dir/home/consmariano/PicoW-pi7/pico-sdk/src/rp2_common/pico_double/double_init_rom.c.obj
 .text.__aeabi_double_init
                0x0000000010004cbc       0xcc CMakeFiles/Picow-pi7.dir/home/consmariano/PicoW-pi7/pico-sdk/src/rp2_common/pico_double/double_init_rom.c.obj
                0x0000000010004cbc                __aeabi_double_init
 .text.double_table_shim_on_use_helper
                0x0000000010004d88       0x34 CMakeFiles/Picow-pi7.dir/home/consmariano/PicoW-pi7/pico-sdk/src/rp2_common/pico_double/double_v1_rom_shim.S.obj
                0x0000000010004d88                double_table_shim_on_use_helper
 .text.__aeabi_lmul
                0x0000000010004dbc       0x32 CMakeFiles/Picow-pi7.dir/home/consmariano/PicoW-pi7/pico-sdk/src/rp2_common/pico_int64_ops/pico_int64_ops_aeabi.S.obj
                0x0000000010004dbc                __wrap___aeabi_lmul
 .text.__wrap___aeabi_f2iz
                0x0000000010004dee       0x4e CMakeFiles/Picow-pi7.dir/home/consmariano/PicoW-pi7/pico-sdk/src/rp2_common/pico_float/float_aeabi.S.obj
                0x0000000010004dee                __wrap___aeabi_f2iz
                0x0000000010004dee                float2int_z
 .text.float2int
                0x0000000010004e3c        0xc CMakeFiles/Picow-pi7.dir/home/consmariano/PicoW-pi7/pico-sdk/src/rp2_common/pico_float/float_aeabi.S.obj
                0x0000000010004e3c                float2int
 .text.__wrap___aeabi_f2uiz
                0x0000000010004e48        0xc CMakeFiles/Picow-pi7.dir/home/consmariano/PicoW-pi7/pico-sdk/src/rp2_common/pico_float/float_aeabi.S.obj
                0x0000000010004e48                __wrap___aeabi_f2uiz
 .text.__wrap___aeabi_f2d
                0x0000000010004e54        0xc CMakeFiles/Picow-pi7.dir/home/consmariano/PicoW-pi7/pico-sdk/src/rp2_common/pico_float/float_aeabi.S.obj
                0x0000000010004e54                __wrap___aeabi_f2d
 .text.missing_float_func_shim
                0x0000000010004e60        0xc CMakeFiles/Picow-pi7.dir/home/consmariano/PicoW-pi7/pico-sdk/src/rp2_common/pico_float/float_init_rom.c.obj
 .text.__aeabi_float_init
                0x0000000010004e6c       0x88 CMakeFiles/Picow-pi7.dir/home/consmariano/PicoW-pi7/pico-sdk/src/rp2_common/pico_float/float_init_rom.c.obj
                0x0000000010004e6c                __aeabi_float_init
 .text.__wrap_malloc
                0x0000000010004ef4       0x3c CMakeFiles/Picow-pi7.dir/home/consmariano/PicoW-pi7/pico-sdk/src/rp2_common/pico_malloc/pico_malloc.c.obj
                0x0000000010004ef4                __wrap_malloc
 .text.__wrap_calloc
                0x0000000010004f30       0x40 CMakeFiles/Picow-pi7.dir/home/consmariano/PicoW-pi7/pico-sdk/src/rp2_common/pico_malloc/pico_malloc.c.obj
                0x0000000010004f30                __wrap_calloc
 .text.__wrap_free
                0x0000000010004f70       0x20 CMakeFiles/Picow-pi7.dir/home/consmariano/PicoW-pi7/pico-sdk/src/rp2_common/pico_malloc/pico_malloc.c.obj
                0x0000000010004f70                __wrap_free
 .text          0x0000000010004f90       0x10 CMakeFiles/Picow-pi7.dir/home/consmariano/PicoW-pi7/pico-sdk/src/rp2_common/pico_mem_ops/mem_ops_aeabi.S.obj
                0x0000000010004f90                __aeabi_mem_init
 .text.memset   0x0000000010004fa0        0xc CMakeFiles/Picow-pi7.dir/home/consmariano/PicoW-pi7/pico-sdk/src/rp2_common/pico_mem_ops/mem_ops_aeabi.S.obj
                0x0000000010004fa0                __wrap_memset
 .text.memcpy   0x0000000010004fac        0xc CMakeFiles/Picow-pi7.dir/home/consmariano/PicoW-pi7/pico-sdk/src/rp2_common/pico_mem_ops/mem_ops_aeabi.S.obj
                0x0000000010004fac                __wrap___aeabi_memcpy
                0x0000000010004fac                __wrap_memcpy
 .text.stdio_out_chars_no_crlf
                0x0000000010004fb8        0xe CMakeFiles/Picow-pi7.dir/home/consmariano/PicoW-pi7/pico-sdk/src/rp2_common/pico_stdio/stdio.c.obj
 *fill*         0x0000000010004fc6        0x2 
 .text.stdio_out_chars_crlf
                0x0000000010004fc8       0x80 CMakeFiles/Picow-pi7.dir/home/consmariano/PicoW-pi7/pico-sdk/src/rp2_common/pico_stdio/stdio.c.obj
 .text.stdio_stack_buffer_flush
                0x0000000010005048       0x44 CMakeFiles/Picow-pi7.dir/home/consmariano/PicoW-pi7/pico-sdk/src/rp2_common/pico_stdio/stdio.c.obj
 .text.stdio_buffered_printer
                0x000000001000508c       0x20 CMakeFiles/Picow-pi7.dir/home/consmariano/PicoW-pi7/pico-sdk/src/rp2_common/pico_stdio/stdio.c.obj
 .text.stdio_get_until
                0x00000000100050ac       0x80 CMakeFiles/Picow-pi7.dir/home/consmariano/PicoW-pi7/pico-sdk/src/rp2_common/pico_stdio/stdio.c.obj
 .text.stdout_serialize_begin
                0x000000001000512c       0x5c CMakeFiles/Picow-pi7.dir/home/consmariano/PicoW-pi7/pico-sdk/src/rp2_common/pico_stdio/stdio.c.obj
                0x000000001000512c                stdout_serialize_begin
 .text.stdout_serialize_end
                0x0000000010005188       0x10 CMakeFiles/Picow-pi7.dir/home/consmariano/PicoW-pi7/pico-sdk/src/rp2_common/pico_stdio/stdio.c.obj
                0x0000000010005188                stdout_serialize_end
 .text.stdio_put_string
                0x0000000010005198       0x98 CMakeFiles/Picow-pi7.dir/home/consmariano/PicoW-pi7/pico-sdk/src/rp2_common/pico_stdio/stdio.c.obj
 .text.__wrap_putchar
                0x0000000010005230       0x1c CMakeFiles/Picow-pi7.dir/home/consmariano/PicoW-pi7/pico-sdk/src/rp2_common/pico_stdio/stdio.c.obj
                0x0000000010005230                __wrap_putchar
 .text.putchar_raw
                0x000000001000524c       0x1c CMakeFiles/Picow-pi7.dir/home/consmariano/PicoW-pi7/pico-sdk/src/rp2_common/pico_stdio/stdio.c.obj
                0x000000001000524c                putchar_raw
 .text._read    0x0000000010005268       0x24 CMakeFiles/Picow-pi7.dir/home/consmariano/PicoW-pi7/pico-sdk/src/rp2_common/pico_stdio/stdio.c.obj
                0x0000000010005268                _read
 .text._write   0x000000001000528c       0x22 CMakeFiles/Picow-pi7.dir/home/consmariano/PicoW-pi7/pico-sdk/src/rp2_common/pico_stdio/stdio.c.obj
                0x000000001000528c                _write
 .text._close   0x00000000100052ae        0x6 CMakeFiles/Picow-pi7.dir/home/consmariano/PicoW-pi7/pico-sdk/src/rp2_common/pico_stdio/stdio.c.obj
                0x00000000100052ae                _close
 .text._lseek   0x00000000100052b4        0x6 CMakeFiles/Picow-pi7.dir/home/consmariano/PicoW-pi7/pico-sdk/src/rp2_common/pico_stdio/stdio.c.obj
                0x00000000100052b4                _lseek
 .text._fstat   0x00000000100052ba        0x6 CMakeFiles/Picow-pi7.dir/home/consmariano/PicoW-pi7/pico-sdk/src/rp2_common/pico_stdio/stdio.c.obj
                0x00000000100052ba                _fstat
 .text._isatty  0x00000000100052c0        0xc CMakeFiles/Picow-pi7.dir/home/consmariano/PicoW-pi7/pico-sdk/src/rp2_common/pico_stdio/stdio.c.obj
                0x00000000100052c0                _isatty
 .text.stdio_set_driver_enabled
                0x00000000100052cc       0x2c CMakeFiles/Picow-pi7.dir/home/consmariano/PicoW-pi7/pico-sdk/src/rp2_common/pico_stdio/stdio.c.obj
                0x00000000100052cc                stdio_set_driver_enabled
 .text.stdio_flush
                0x00000000100052f8       0x20 CMakeFiles/Picow-pi7.dir/home/consmariano/PicoW-pi7/pico-sdk/src/rp2_common/pico_stdio/stdio.c.obj
                0x00000000100052f8                stdio_flush
 .text.__wrap_puts
                0x0000000010005318       0x1e CMakeFiles/Picow-pi7.dir/home/consmariano/PicoW-pi7/pico-sdk/src/rp2_common/pico_stdio/stdio.c.obj
                0x0000000010005318                __wrap_puts
 *fill*         0x0000000010005336        0x2 
 .text.__wrap_vprintf
                0x0000000010005338       0x40 CMakeFiles/Picow-pi7.dir/home/consmariano/PicoW-pi7/pico-sdk/src/rp2_common/pico_stdio/stdio.c.obj
                0x0000000010005338                __wrap_vprintf
 .text.__wrap_printf
                0x0000000010005378       0x18 CMakeFiles/Picow-pi7.dir/home/consmariano/PicoW-pi7/pico-sdk/src/rp2_common/pico_stdio/stdio.c.obj
                0x0000000010005378                __wrap_printf
 .text.getchar_timeout_us
                0x0000000010005390       0x80 CMakeFiles/Picow-pi7.dir/home/consmariano/PicoW-pi7/pico-sdk/src/rp2_common/pico_stdio/stdio.c.obj
                0x0000000010005390                getchar_timeout_us
 .text.resetd_init
                0x0000000010005410        0x2 CMakeFiles/Picow-pi7.dir/home/consmariano/PicoW-pi7/pico-sdk/src/rp2_common/pico_stdio_usb/reset_interface.c.obj
 *fill*         0x0000000010005412        0x2 
 .text.resetd_reset
                0x0000000010005414        0xc CMakeFiles/Picow-pi7.dir/home/consmariano/PicoW-pi7/pico-sdk/src/rp2_common/pico_stdio_usb/reset_interface.c.obj
 .text.resetd_open
                0x0000000010005420       0x34 CMakeFiles/Picow-pi7.dir/home/consmariano/PicoW-pi7/pico-sdk/src/rp2_common/pico_stdio_usb/reset_interface.c.obj
 .text.resetd_xfer_cb
                0x0000000010005454        0x4 CMakeFiles/Picow-pi7.dir/home/consmariano/PicoW-pi7/pico-sdk/src/rp2_common/pico_stdio_usb/reset_interface.c.obj
 .text.reset_usb_boot
                0x0000000010005458       0x18 CMakeFiles/Picow-pi7.dir/home/consmariano/PicoW-pi7/pico-sdk/src/rp2_common/pico_stdio_usb/reset_interface.c.obj
 .text.resetd_control_xfer_cb
                0x0000000010005470       0x5c CMakeFiles/Picow-pi7.dir/home/consmariano/PicoW-pi7/pico-sdk/src/rp2_common/pico_stdio_usb/reset_interface.c.obj
 .text.usbd_app_driver_get_cb
                0x00000000100054cc        0xc CMakeFiles/Picow-pi7.dir/home/consmariano/PicoW-pi7/pico-sdk/src/rp2_common/pico_stdio_usb/reset_interface.c.obj
                0x00000000100054cc                usbd_app_driver_get_cb
 .text.tud_cdc_line_coding_cb
                0x00000000100054d8       0x28 CMakeFiles/Picow-pi7.dir/home/consmariano/PicoW-pi7/pico-sdk/src/rp2_common/pico_stdio_usb/reset_interface.c.obj
                0x00000000100054d8                tud_cdc_line_coding_cb
 .text.stdio_usb_set_chars_available_callback
                0x0000000010005500       0x14 CMakeFiles/Picow-pi7.dir/home/consmariano/PicoW-pi7/pico-sdk/src/rp2_common/pico_stdio_usb/stdio_usb.c.obj
                0x0000000010005500                stdio_usb_set_chars_available_callback
 .text.usb_irq  0x0000000010005514       0x10 CMakeFiles/Picow-pi7.dir/home/consmariano/PicoW-pi7/pico-sdk/src/rp2_common/pico_stdio_usb/stdio_usb.c.obj
 .text.timer_task
                0x0000000010005524       0x5c CMakeFiles/Picow-pi7.dir/home/consmariano/PicoW-pi7/pico-sdk/src/rp2_common/pico_stdio_usb/stdio_usb.c.obj
 .text.low_priority_worker_irq
                0x0000000010005580       0xdc CMakeFiles/Picow-pi7.dir/home/consmariano/PicoW-pi7/pico-sdk/src/rp2_common/pico_stdio_usb/stdio_usb.c.obj
 .text.tud_cdc_rx_cb
                0x000000001000565c       0x20 CMakeFiles/Picow-pi7.dir/home/consmariano/PicoW-pi7/pico-sdk/src/rp2_common/pico_stdio_usb/stdio_usb.c.obj
                0x000000001000565c                tud_cdc_rx_cb
 .text.stdio_usb_init
                0x000000001000567c      0x11c CMakeFiles/Picow-pi7.dir/home/consmariano/PicoW-pi7/pico-sdk/src/rp2_common/pico_stdio_usb/stdio_usb.c.obj
                0x000000001000567c                stdio_usb_init
 .text.stdio_usb_connected
                0x0000000010005798        0xa CMakeFiles/Picow-pi7.dir/home/consmariano/PicoW-pi7/pico-sdk/src/rp2_common/pico_stdio_usb/stdio_usb.c.obj
                0x0000000010005798                stdio_usb_connected
 *fill*         0x00000000100057a2        0x2 
 .text.stdio_usb_in_chars
                0x00000000100057a4       0xc4 CMakeFiles/Picow-pi7.dir/home/consmariano/PicoW-pi7/pico-sdk/src/rp2_common/pico_stdio_usb/stdio_usb.c.obj
                0x00000000100057a4                stdio_usb_in_chars
 .text.stdio_usb_out_chars
                0x0000000010005868      0x114 CMakeFiles/Picow-pi7.dir/home/consmariano/PicoW-pi7/pico-sdk/src/rp2_common/pico_stdio_usb/stdio_usb.c.obj
 .text.tud_descriptor_device_cb
                0x000000001000597c        0x8 CMakeFiles/Picow-pi7.dir/home/consmariano/PicoW-pi7/pico-sdk/src/rp2_common/pico_stdio_usb/stdio_usb_descriptors.c.obj
                0x000000001000597c                tud_descriptor_device_cb
 .text.tud_descriptor_configuration_cb
                0x0000000010005984        0x8 CMakeFiles/Picow-pi7.dir/home/consmariano/PicoW-pi7/pico-sdk/src/rp2_common/pico_stdio_usb/stdio_usb_descriptors.c.obj
                0x0000000010005984                tud_descriptor_configuration_cb
 .text.tud_descriptor_string_cb
                0x000000001000598c       0x6c CMakeFiles/Picow-pi7.dir/home/consmariano/PicoW-pi7/pico-sdk/src/rp2_common/pico_stdio_usb/stdio_usb_descriptors.c.obj
                0x000000001000598c                tud_descriptor_string_cb
 .text._retrieve_unique_id_on_boot
                0x00000000100059f8       0x10 CMakeFiles/Picow-pi7.dir/home/consmariano/PicoW-pi7/pico-sdk/src/rp2_common/pico_unique_id/unique_id.c.obj
 .text.pico_get_unique_board_id
                0x0000000010005a08       0x10 CMakeFiles/Picow-pi7.dir/home/consmariano/PicoW-pi7/pico-sdk/src/rp2_common/pico_unique_id/unique_id.c.obj
                0x0000000010005a08                pico_get_unique_board_id
 .text.pico_get_unique_board_id_string
                0x0000000010005a18       0x60 CMakeFiles/Picow-pi7.dir/home/consmariano/PicoW-pi7/pico-sdk/src/rp2_common/pico_unique_id/unique_id.c.obj
                0x0000000010005a18                pico_get_unique_board_id_string
 .text.flash_get_unique_id
                0x0000000010005a78       0x46 CMakeFiles/Picow-pi7.dir/home/consmariano/PicoW-pi7/pico-sdk/src/rp2_common/hardware_flash/flash.c.obj
                0x0000000010005a78                flash_get_unique_id
 *fill*         0x0000000010005abe        0x2 
 .text.hw_endpoint_get_by_addr
                0x0000000010005ac0       0x18 CMakeFiles/Picow-pi7.dir/home/consmariano/PicoW-pi7/pico-sdk/lib/tinyusb/src/portable/raspberrypi/rp2040/dcd_rp2040.c.obj
 .text._hw_endpoint_alloc
                0x0000000010005ad8       0x70 CMakeFiles/Picow-pi7.dir/home/consmariano/PicoW-pi7/pico-sdk/lib/tinyusb/src/portable/raspberrypi/rp2040/dcd_rp2040.c.obj
 .text.hw_endpoint_init
                0x0000000010005b48       0x88 CMakeFiles/Picow-pi7.dir/home/consmariano/PicoW-pi7/pico-sdk/lib/tinyusb/src/portable/raspberrypi/rp2040/dcd_rp2040.c.obj
 .text.hw_endpoint_xfer
                0x0000000010005bd0       0x14 CMakeFiles/Picow-pi7.dir/home/consmariano/PicoW-pi7/pico-sdk/lib/tinyusb/src/portable/raspberrypi/rp2040/dcd_rp2040.c.obj
 .text.dcd_int_enable
                0x0000000010005be4       0x2c CMakeFiles/Picow-pi7.dir/home/consmariano/PicoW-pi7/pico-sdk/lib/tinyusb/src/portable/raspberrypi/rp2040/dcd_rp2040.c.obj
                0x0000000010005be4                dcd_int_enable
 .text.dcd_set_address
                0x0000000010005c10       0x2c CMakeFiles/Picow-pi7.dir/home/consmariano/PicoW-pi7/pico-sdk/lib/tinyusb/src/portable/raspberrypi/rp2040/dcd_rp2040.c.obj
                0x0000000010005c10                dcd_set_address
 .text.dcd_connect
                0x0000000010005c3c       0x10 CMakeFiles/Picow-pi7.dir/home/consmariano/PicoW-pi7/pico-sdk/lib/tinyusb/src/portable/raspberrypi/rp2040/dcd_rp2040.c.obj
                0x0000000010005c3c                dcd_connect
 .text.dcd_init
                0x0000000010005c4c       0x80 CMakeFiles/Picow-pi7.dir/home/consmariano/PicoW-pi7/pico-sdk/lib/tinyusb/src/portable/raspberrypi/rp2040/dcd_rp2040.c.obj
                0x0000000010005c4c                dcd_init
 .text.dcd_edpt0_status_complete
                0x0000000010005ccc       0x1c CMakeFiles/Picow-pi7.dir/home/consmariano/PicoW-pi7/pico-sdk/lib/tinyusb/src/portable/raspberrypi/rp2040/dcd_rp2040.c.obj
                0x0000000010005ccc                dcd_edpt0_status_complete
 .text.dcd_edpt_open
                0x0000000010005ce8       0x40 CMakeFiles/Picow-pi7.dir/home/consmariano/PicoW-pi7/pico-sdk/lib/tinyusb/src/portable/raspberrypi/rp2040/dcd_rp2040.c.obj
                0x0000000010005ce8                dcd_edpt_open
 .text.dcd_edpt_close_all
                0x0000000010005d28        0x8 CMakeFiles/Picow-pi7.dir/home/consmariano/PicoW-pi7/pico-sdk/lib/tinyusb/src/portable/raspberrypi/rp2040/dcd_rp2040.c.obj
                0x0000000010005d28                dcd_edpt_close_all
 .text.dcd_edpt_xfer
                0x0000000010005d30       0x34 CMakeFiles/Picow-pi7.dir/home/consmariano/PicoW-pi7/pico-sdk/lib/tinyusb/src/portable/raspberrypi/rp2040/dcd_rp2040.c.obj
                0x0000000010005d30                dcd_edpt_xfer
 .text.dcd_edpt_stall
                0x0000000010005d64       0x2c CMakeFiles/Picow-pi7.dir/home/consmariano/PicoW-pi7/pico-sdk/lib/tinyusb/src/portable/raspberrypi/rp2040/dcd_rp2040.c.obj
                0x0000000010005d64                dcd_edpt_stall
 .text.dcd_edpt_clear_stall
                0x0000000010005d90       0x20 CMakeFiles/Picow-pi7.dir/home/consmariano/PicoW-pi7/pico-sdk/lib/tinyusb/src/portable/raspberrypi/rp2040/dcd_rp2040.c.obj
                0x0000000010005d90                dcd_edpt_clear_stall
 .text.rp2040_usb_init
                0x0000000010005db0       0x4c CMakeFiles/Picow-pi7.dir/home/consmariano/PicoW-pi7/pico-sdk/lib/tinyusb/src/portable/raspberrypi/rp2040/rp2040_usb.c.obj
                0x0000000010005db0                rp2040_usb_init
 .text.hw_endpoint_xfer_start
                0x0000000010005dfc       0x50 CMakeFiles/Picow-pi7.dir/home/consmariano/PicoW-pi7/pico-sdk/lib/tinyusb/src/portable/raspberrypi/rp2040/rp2040_usb.c.obj
                0x0000000010005dfc                hw_endpoint_xfer_start
 .text.configuration_reset
                0x0000000010005e4c       0x84 CMakeFiles/Picow-pi7.dir/home/consmariano/PicoW-pi7/pico-sdk/lib/tinyusb/src/device/usbd.c.obj
 .text.usbd_reset
                0x0000000010005ed0        0xc CMakeFiles/Picow-pi7.dir/home/consmariano/PicoW-pi7/pico-sdk/lib/tinyusb/src/device/usbd.c.obj
 .text.invoke_class_control
                0x0000000010005edc       0x1a CMakeFiles/Picow-pi7.dir/home/consmariano/PicoW-pi7/pico-sdk/lib/tinyusb/src/device/usbd.c.obj
 *fill*         0x0000000010005ef6        0x2 
 .text.process_set_config
                0x0000000010005ef8      0x178 CMakeFiles/Picow-pi7.dir/home/consmariano/PicoW-pi7/pico-sdk/lib/tinyusb/src/device/usbd.c.obj
 .text.process_get_descriptor
                0x0000000010006070       0xdc CMakeFiles/Picow-pi7.dir/home/consmariano/PicoW-pi7/pico-sdk/lib/tinyusb/src/device/usbd.c.obj
 .text.tud_mounted
                0x000000001000614c       0x10 CMakeFiles/Picow-pi7.dir/home/consmariano/PicoW-pi7/pico-sdk/lib/tinyusb/src/device/usbd.c.obj
                0x000000001000614c                tud_mounted
 .text.tud_suspended
                0x000000001000615c       0x10 CMakeFiles/Picow-pi7.dir/home/consmariano/PicoW-pi7/pico-sdk/lib/tinyusb/src/device/usbd.c.obj
                0x000000001000615c                tud_suspended
 .text.tud_inited
                0x000000001000616c       0x14 CMakeFiles/Picow-pi7.dir/home/consmariano/PicoW-pi7/pico-sdk/lib/tinyusb/src/device/usbd.c.obj
                0x000000001000616c                tud_inited
 .text.tud_init
                0x0000000010006180       0xcc CMakeFiles/Picow-pi7.dir/home/consmariano/PicoW-pi7/pico-sdk/lib/tinyusb/src/device/usbd.c.obj
                0x0000000010006180                tud_init
 .text.usbd_defer_func
                0x000000001000624c       0x2a CMakeFiles/Picow-pi7.dir/home/consmariano/PicoW-pi7/pico-sdk/lib/tinyusb/src/device/usbd.c.obj
                0x000000001000624c                usbd_defer_func
 *fill*         0x0000000010006276        0x2 
 .text.usbd_edpt_open
                0x0000000010006278       0x34 CMakeFiles/Picow-pi7.dir/home/consmariano/PicoW-pi7/pico-sdk/lib/tinyusb/src/device/usbd.c.obj
                0x0000000010006278                usbd_edpt_open
 .text.usbd_open_edpt_pair
                0x00000000100062ac       0x62 CMakeFiles/Picow-pi7.dir/home/consmariano/PicoW-pi7/pico-sdk/lib/tinyusb/src/device/usbd.c.obj
                0x00000000100062ac                usbd_open_edpt_pair
 *fill*         0x000000001000630e        0x2 
 .text.usbd_edpt_claim
                0x0000000010006310       0x28 CMakeFiles/Picow-pi7.dir/home/consmariano/PicoW-pi7/pico-sdk/lib/tinyusb/src/device/usbd.c.obj
                0x0000000010006310                usbd_edpt_claim
 .text.usbd_edpt_release
                0x0000000010006338       0x28 CMakeFiles/Picow-pi7.dir/home/consmariano/PicoW-pi7/pico-sdk/lib/tinyusb/src/device/usbd.c.obj
                0x0000000010006338                usbd_edpt_release
 .text.usbd_edpt_xfer
                0x0000000010006360       0x78 CMakeFiles/Picow-pi7.dir/home/consmariano/PicoW-pi7/pico-sdk/lib/tinyusb/src/device/usbd.c.obj
                0x0000000010006360                usbd_edpt_xfer
 .text.usbd_edpt_stall
                0x00000000100063d8       0x48 CMakeFiles/Picow-pi7.dir/home/consmariano/PicoW-pi7/pico-sdk/lib/tinyusb/src/device/usbd.c.obj
                0x00000000100063d8                usbd_edpt_stall
 .text.usbd_edpt_clear_stall
                0x0000000010006420       0x48 CMakeFiles/Picow-pi7.dir/home/consmariano/PicoW-pi7/pico-sdk/lib/tinyusb/src/device/usbd.c.obj
                0x0000000010006420                usbd_edpt_clear_stall
 .text.usbd_edpt_stalled
                0x0000000010006468       0x1c CMakeFiles/Picow-pi7.dir/home/consmariano/PicoW-pi7/pico-sdk/lib/tinyusb/src/device/usbd.c.obj
                0x0000000010006468                usbd_edpt_stalled
 .text.process_control_request
                0x0000000010006484      0x37c CMakeFiles/Picow-pi7.dir/home/consmariano/PicoW-pi7/pico-sdk/lib/tinyusb/src/device/usbd.c.obj
 .text.tud_task_ext
                0x0000000010006800      0x1b8 CMakeFiles/Picow-pi7.dir/home/consmariano/PicoW-pi7/pico-sdk/lib/tinyusb/src/device/usbd.c.obj
                0x0000000010006800                tud_task_ext
 .text._data_stage_xact
                0x00000000100069b8       0x58 CMakeFiles/Picow-pi7.dir/home/consmariano/PicoW-pi7/pico-sdk/lib/tinyusb/src/device/usbd_control.c.obj
 .text.tud_control_status
                0x0000000010006a10       0x38 CMakeFiles/Picow-pi7.dir/home/consmariano/PicoW-pi7/pico-sdk/lib/tinyusb/src/device/usbd_control.c.obj
                0x0000000010006a10                tud_control_status
 .text.tud_control_xfer
                0x0000000010006a48       0x74 CMakeFiles/Picow-pi7.dir/home/consmariano/PicoW-pi7/pico-sdk/lib/tinyusb/src/device/usbd_control.c.obj
                0x0000000010006a48                tud_control_xfer
 .text.usbd_control_reset
                0x0000000010006abc       0x14 CMakeFiles/Picow-pi7.dir/home/consmariano/PicoW-pi7/pico-sdk/lib/tinyusb/src/device/usbd_control.c.obj
                0x0000000010006abc                usbd_control_reset
 .text.usbd_control_set_complete_callback
                0x0000000010006ad0        0xc CMakeFiles/Picow-pi7.dir/home/consmariano/PicoW-pi7/pico-sdk/lib/tinyusb/src/device/usbd_control.c.obj
                0x0000000010006ad0                usbd_control_set_complete_callback
 .text.usbd_control_set_request
                0x0000000010006adc       0x1c CMakeFiles/Picow-pi7.dir/home/consmariano/PicoW-pi7/pico-sdk/lib/tinyusb/src/device/usbd_control.c.obj
                0x0000000010006adc                usbd_control_set_request
 .text.usbd_control_xfer_cb
                0x0000000010006af8       0xcc CMakeFiles/Picow-pi7.dir/home/consmariano/PicoW-pi7/pico-sdk/lib/tinyusb/src/device/usbd_control.c.obj
                0x0000000010006af8                usbd_control_xfer_cb
 .text._prep_out_transaction
                0x0000000010006bc4       0x4a CMakeFiles/Picow-pi7.dir/home/consmariano/PicoW-pi7/pico-sdk/lib/tinyusb/src/class/cdc/cdc_device.c.obj
 *fill*         0x0000000010006c0e        0x2 
 .text.tud_cdc_n_connected
                0x0000000010006c10       0x44 CMakeFiles/Picow-pi7.dir/home/consmariano/PicoW-pi7/pico-sdk/lib/tinyusb/src/class/cdc/cdc_device.c.obj
                0x0000000010006c10                tud_cdc_n_connected
 .text.tud_cdc_n_available
                0x0000000010006c54       0x18 CMakeFiles/Picow-pi7.dir/home/consmariano/PicoW-pi7/pico-sdk/lib/tinyusb/src/class/cdc/cdc_device.c.obj
                0x0000000010006c54                tud_cdc_n_available
 .text.tud_cdc_n_read
                0x0000000010006c6c       0x28 CMakeFiles/Picow-pi7.dir/home/consmariano/PicoW-pi7/pico-sdk/lib/tinyusb/src/class/cdc/cdc_device.c.obj
                0x0000000010006c6c                tud_cdc_n_read
 .text.tud_cdc_n_write_flush
                0x0000000010006c94       0xb8 CMakeFiles/Picow-pi7.dir/home/consmariano/PicoW-pi7/pico-sdk/lib/tinyusb/src/class/cdc/cdc_device.c.obj
                0x0000000010006c94                tud_cdc_n_write_flush
 .text.tud_cdc_n_write
                0x0000000010006d4c       0x38 CMakeFiles/Picow-pi7.dir/home/consmariano/PicoW-pi7/pico-sdk/lib/tinyusb/src/class/cdc/cdc_device.c.obj
                0x0000000010006d4c                tud_cdc_n_write
 .text.tud_cdc_n_write_available
                0x0000000010006d84       0x1c CMakeFiles/Picow-pi7.dir/home/consmariano/PicoW-pi7/pico-sdk/lib/tinyusb/src/class/cdc/cdc_device.c.obj
                0x0000000010006d84                tud_cdc_n_write_available
 .text.cdcd_init
                0x0000000010006da0       0xbc CMakeFiles/Picow-pi7.dir/home/consmariano/PicoW-pi7/pico-sdk/lib/tinyusb/src/class/cdc/cdc_device.c.obj
                0x0000000010006da0                cdcd_init
 .text.cdcd_reset
                0x0000000010006e5c       0x44 CMakeFiles/Picow-pi7.dir/home/consmariano/PicoW-pi7/pico-sdk/lib/tinyusb/src/class/cdc/cdc_device.c.obj
                0x0000000010006e5c                cdcd_reset
 .text.cdcd_open
                0x0000000010006ea0       0xcc CMakeFiles/Picow-pi7.dir/home/consmariano/PicoW-pi7/pico-sdk/lib/tinyusb/src/class/cdc/cdc_device.c.obj
                0x0000000010006ea0                cdcd_open
 .text.cdcd_control_xfer_cb
                0x0000000010006f6c      0x134 CMakeFiles/Picow-pi7.dir/home/consmariano/PicoW-pi7/pico-sdk/lib/tinyusb/src/class/cdc/cdc_device.c.obj
                0x0000000010006f6c                cdcd_control_xfer_cb
 .text.cdcd_xfer_cb
                0x00000000100070a0      0x130 CMakeFiles/Picow-pi7.dir/home/consmariano/PicoW-pi7/pico-sdk/lib/tinyusb/src/class/cdc/cdc_device.c.obj
                0x00000000100070a0                cdcd_xfer_cb
 .text.tusb_init
                0x00000000100071d0        0xa CMakeFiles/Picow-pi7.dir/home/consmariano/PicoW-pi7/pico-sdk/lib/tinyusb/src/tusb.c.obj
                0x00000000100071d0                tusb_init
 .text.tusb_inited
                0x00000000100071da        0xe CMakeFiles/Picow-pi7.dir/home/consmariano/PicoW-pi7/pico-sdk/lib/tinyusb/src/tusb.c.obj
                0x00000000100071da                tusb_inited
 .text.tu_edpt_claim
                0x00000000100071e8       0x50 CMakeFiles/Picow-pi7.dir/home/consmariano/PicoW-pi7/pico-sdk/lib/tinyusb/src/tusb.c.obj
                0x00000000100071e8                tu_edpt_claim
 .text.tu_edpt_release
                0x0000000010007238       0x3c CMakeFiles/Picow-pi7.dir/home/consmariano/PicoW-pi7/pico-sdk/lib/tinyusb/src/tusb.c.obj
                0x0000000010007238                tu_edpt_release
 .text.tu_edpt_validate
                0x0000000010007274       0x78 CMakeFiles/Picow-pi7.dir/home/consmariano/PicoW-pi7/pico-sdk/lib/tinyusb/src/tusb.c.obj
                0x0000000010007274                tu_edpt_validate
 .text.tu_edpt_bind_driver
                0x00000000100072ec       0x26 CMakeFiles/Picow-pi7.dir/home/consmariano/PicoW-pi7/pico-sdk/lib/tinyusb/src/tusb.c.obj
                0x00000000100072ec                tu_edpt_bind_driver
 .text.advance_index
                0x0000000010007312       0x1a CMakeFiles/Picow-pi7.dir/home/consmariano/PicoW-pi7/pico-sdk/lib/tinyusb/src/common/tusb_fifo.c.obj
 .text._tu_fifo_peek
                0x000000001000732c       0x56 CMakeFiles/Picow-pi7.dir/home/consmariano/PicoW-pi7/pico-sdk/lib/tinyusb/src/common/tusb_fifo.c.obj
 .text._ff_pull_const_addr
                0x0000000010007382       0x4c CMakeFiles/Picow-pi7.dir/home/consmariano/PicoW-pi7/pico-sdk/lib/tinyusb/src/common/tusb_fifo.c.obj
 .text._ff_pull_n
                0x00000000100073ce      0x110 CMakeFiles/Picow-pi7.dir/home/consmariano/PicoW-pi7/pico-sdk/lib/tinyusb/src/common/tusb_fifo.c.obj
 .text._tu_fifo_peek_n
                0x00000000100074de       0x6a CMakeFiles/Picow-pi7.dir/home/consmariano/PicoW-pi7/pico-sdk/lib/tinyusb/src/common/tusb_fifo.c.obj
 .text._tu_fifo_read_n
                0x0000000010007548       0x4e CMakeFiles/Picow-pi7.dir/home/consmariano/PicoW-pi7/pico-sdk/lib/tinyusb/src/common/tusb_fifo.c.obj
 .text._ff_push_const_addr
                0x0000000010007596       0x40 CMakeFiles/Picow-pi7.dir/home/consmariano/PicoW-pi7/pico-sdk/lib/tinyusb/src/common/tusb_fifo.c.obj
 .text._ff_push_n
                0x00000000100075d6      0x10c CMakeFiles/Picow-pi7.dir/home/consmariano/PicoW-pi7/pico-sdk/lib/tinyusb/src/common/tusb_fifo.c.obj
 .text._tu_fifo_write_n
                0x00000000100076e2       0xf0 CMakeFiles/Picow-pi7.dir/home/consmariano/PicoW-pi7/pico-sdk/lib/tinyusb/src/common/tusb_fifo.c.obj
 .text.tu_fifo_config
                0x00000000100077d2       0x7c CMakeFiles/Picow-pi7.dir/home/consmariano/PicoW-pi7/pico-sdk/lib/tinyusb/src/common/tusb_fifo.c.obj
                0x00000000100077d2                tu_fifo_config
 .text.tu_fifo_count
                0x000000001000784e       0x2a CMakeFiles/Picow-pi7.dir/home/consmariano/PicoW-pi7/pico-sdk/lib/tinyusb/src/common/tusb_fifo.c.obj
                0x000000001000784e                tu_fifo_count
 .text.tu_fifo_empty
                0x0000000010007878       0x10 CMakeFiles/Picow-pi7.dir/home/consmariano/PicoW-pi7/pico-sdk/lib/tinyusb/src/common/tusb_fifo.c.obj
                0x0000000010007878                tu_fifo_empty
 .text.tu_fifo_full
                0x0000000010007888       0x28 CMakeFiles/Picow-pi7.dir/home/consmariano/PicoW-pi7/pico-sdk/lib/tinyusb/src/common/tusb_fifo.c.obj
                0x0000000010007888                tu_fifo_full
 .text.tu_fifo_remaining
                0x00000000100078b0       0x2c CMakeFiles/Picow-pi7.dir/home/consmariano/PicoW-pi7/pico-sdk/lib/tinyusb/src/common/tusb_fifo.c.obj
                0x00000000100078b0                tu_fifo_remaining
 .text.tu_fifo_read
                0x00000000100078dc       0x42 CMakeFiles/Picow-pi7.dir/home/consmariano/PicoW-pi7/pico-sdk/lib/tinyusb/src/common/tusb_fifo.c.obj
                0x00000000100078dc                tu_fifo_read
 .text.tu_fifo_read_n
                0x000000001000791e        0xa CMakeFiles/Picow-pi7.dir/home/consmariano/PicoW-pi7/pico-sdk/lib/tinyusb/src/common/tusb_fifo.c.obj
                0x000000001000791e                tu_fifo_read_n
 .text.tu_fifo_write
                0x0000000010007928       0x64 CMakeFiles/Picow-pi7.dir/home/consmariano/PicoW-pi7/pico-sdk/lib/tinyusb/src/common/tusb_fifo.c.obj
                0x0000000010007928                tu_fifo_write
 .text.tu_fifo_write_n
                0x000000001000798c        0xa CMakeFiles/Picow-pi7.dir/home/consmariano/PicoW-pi7/pico-sdk/lib/tinyusb/src/common/tusb_fifo.c.obj
                0x000000001000798c                tu_fifo_write_n
 .text.tu_fifo_clear
                0x0000000010007996       0x3e CMakeFiles/Picow-pi7.dir/home/consmariano/PicoW-pi7/pico-sdk/lib/tinyusb/src/common/tusb_fifo.c.obj
                0x0000000010007996                tu_fifo_clear
 .text.tu_fifo_set_overwritable
                0x00000000100079d4       0x46 CMakeFiles/Picow-pi7.dir/home/consmariano/PicoW-pi7/pico-sdk/lib/tinyusb/src/common/tusb_fifo.c.obj
                0x00000000100079d4                tu_fifo_set_overwritable
 .text.core1_trampoline
                0x0000000010007a1a        0x2 CMakeFiles/Picow-pi7.dir/home/consmariano/PicoW-pi7/pico-sdk/src/rp2_common/pico_multicore/multicore.c.obj
 .text.core1_wrapper
                0x0000000010007a1c        0xc CMakeFiles/Picow-pi7.dir/home/consmariano/PicoW-pi7/pico-sdk/src/rp2_common/pico_multicore/multicore.c.obj
                0x0000000010007a1c                core1_wrapper
 .text.multicore_fifo_push_blocking
                0x0000000010007a28       0x14 CMakeFiles/Picow-pi7.dir/home/consmariano/PicoW-pi7/pico-sdk/src/rp2_common/pico_multicore/multicore.c.obj
                0x0000000010007a28                multicore_fifo_push_blocking
 .text.multicore_fifo_pop_blocking
                0x0000000010007a3c       0x16 CMakeFiles/Picow-pi7.dir/home/consmariano/PicoW-pi7/pico-sdk/src/rp2_common/pico_multicore/multicore.c.obj
                0x0000000010007a3c                multicore_fifo_pop_blocking
 .text.multicore_launch_core1_raw
                0x0000000010007a52       0x6e CMakeFiles/Picow-pi7.dir/home/consmariano/PicoW-pi7/pico-sdk/src/rp2_common/pico_multicore/multicore.c.obj
                0x0000000010007a52                multicore_launch_core1_raw
 .text.multicore_launch_core1_with_stack
                0x0000000010007ac0       0x50 CMakeFiles/Picow-pi7.dir/home/consmariano/PicoW-pi7/pico-sdk/src/rp2_common/pico_multicore/multicore.c.obj
                0x0000000010007ac0                multicore_launch_core1_with_stack
 .text.multicore_launch_core1
                0x0000000010007b10       0x24 CMakeFiles/Picow-pi7.dir/home/consmariano/PicoW-pi7/pico-sdk/src/rp2_common/pico_multicore/multicore.c.obj
                0x0000000010007b10                multicore_launch_core1
 .text.cyw43_arch_set_async_context
                0x0000000010007b34        0xc CMakeFiles/Picow-pi7.dir/home/consmariano/PicoW-pi7/pico-sdk/src/rp2_common/pico_cyw43_arch/cyw43_arch.c.obj
                0x0000000010007b34                cyw43_arch_set_async_context
 .text.cyw43_arch_gpio_put
                0x0000000010007b40       0x14 CMakeFiles/Picow-pi7.dir/home/consmariano/PicoW-pi7/pico-sdk/src/rp2_common/pico_cyw43_arch/cyw43_arch.c.obj
                0x0000000010007b40                cyw43_arch_gpio_put
 .text.cyw43_arch_async_context
                0x0000000010007b54        0xc CMakeFiles/Picow-pi7.dir/home/consmariano/PicoW-pi7/pico-sdk/src/rp2_common/pico_cyw43_arch/cyw43_arch.c.obj
                0x0000000010007b54                cyw43_arch_async_context
 .text.cyw43_arch_init_default_async_context
                0x0000000010007b60       0x20 CMakeFiles/Picow-pi7.dir/home/consmariano/PicoW-pi7/pico-sdk/src/rp2_common/pico_cyw43_arch/cyw43_arch_threadsafe_background.c.obj
                0x0000000010007b60                cyw43_arch_init_default_async_context
 .text.cyw43_arch_deinit
                0x0000000010007b80       0x28 CMakeFiles/Picow-pi7.dir/home/consmariano/PicoW-pi7/pico-sdk/src/rp2_common/pico_cyw43_arch/cyw43_arch_threadsafe_background.c.obj
                0x0000000010007b80                cyw43_arch_deinit
 .text.cyw43_arch_init
                0x0000000010007ba8       0x36 CMakeFiles/Picow-pi7.dir/home/consmariano/PicoW-pi7/pico-sdk/src/rp2_common/pico_cyw43_arch/cyw43_arch_threadsafe_background.c.obj
                0x0000000010007ba8                cyw43_arch_init
 .text.cs_set   0x0000000010007bde       0x1c CMakeFiles/Picow-pi7.dir/home/consmariano/PicoW-pi7/pico-sdk/src/rp2_common/pico_cyw43_driver/cyw43_bus_pio_spi.c.obj
 *fill*         0x0000000010007bfa        0x2 
 .text.start_spi_comms
                0x0000000010007bfc       0x2c CMakeFiles/Picow-pi7.dir/home/consmariano/PicoW-pi7/pico-sdk/src/rp2_common/pico_cyw43_driver/cyw43_bus_pio_spi.c.obj
 .text.ns_delay
                0x0000000010007c28       0x20 CMakeFiles/Picow-pi7.dir/home/consmariano/PicoW-pi7/pico-sdk/src/rp2_common/pico_cyw43_driver/cyw43_bus_pio_spi.c.obj
 .text.stop_spi_comms
                0x0000000010007c48       0x10 CMakeFiles/Picow-pi7.dir/home/consmariano/PicoW-pi7/pico-sdk/src/rp2_common/pico_cyw43_driver/cyw43_bus_pio_spi.c.obj
 .text.cyw43_spi_deinit
                0x0000000010007c58       0x74 CMakeFiles/Picow-pi7.dir/home/consmariano/PicoW-pi7/pico-sdk/src/rp2_common/pico_cyw43_driver/cyw43_bus_pio_spi.c.obj
                0x0000000010007c58                cyw43_spi_deinit
 .text.cyw43_spi_init
                0x0000000010007ccc      0x284 CMakeFiles/Picow-pi7.dir/home/consmariano/PicoW-pi7/pico-sdk/src/rp2_common/pico_cyw43_driver/cyw43_bus_pio_spi.c.obj
                0x0000000010007ccc                cyw43_spi_init
 .text.cyw43_spi_transfer
                0x0000000010007f50      0x694 CMakeFiles/Picow-pi7.dir/home/consmariano/PicoW-pi7/pico-sdk/src/rp2_common/pico_cyw43_driver/cyw43_bus_pio_spi.c.obj
                0x0000000010007f50                cyw43_spi_transfer
 .text.cyw43_spi_gpio_setup
                0x00000000100085e4       0x3a CMakeFiles/Picow-pi7.dir/home/consmariano/PicoW-pi7/pico-sdk/src/rp2_common/pico_cyw43_driver/cyw43_bus_pio_spi.c.obj
                0x00000000100085e4                cyw43_spi_gpio_setup
 .text.cyw43_spi_reset
                0x000000001000861e       0x28 CMakeFiles/Picow-pi7.dir/home/consmariano/PicoW-pi7/pico-sdk/src/rp2_common/pico_cyw43_driver/cyw43_bus_pio_spi.c.obj
                0x000000001000861e                cyw43_spi_reset
 *fill*         0x0000000010008646        0x2 
 .text.read_reg_u32_swap
                0x0000000010008648       0x68 CMakeFiles/Picow-pi7.dir/home/consmariano/PicoW-pi7/pico-sdk/src/rp2_common/pico_cyw43_driver/cyw43_bus_pio_spi.c.obj
                0x0000000010008648                read_reg_u32_swap
 .text.cyw43_read_reg_u32
                0x00000000100086b0       0x54 CMakeFiles/Picow-pi7.dir/home/consmariano/PicoW-pi7/pico-sdk/src/rp2_common/pico_cyw43_driver/cyw43_bus_pio_spi.c.obj
                0x00000000100086b0                cyw43_read_reg_u32
 .text.cyw43_read_reg_u16
                0x0000000010008704       0x54 CMakeFiles/Picow-pi7.dir/home/consmariano/PicoW-pi7/pico-sdk/src/rp2_common/pico_cyw43_driver/cyw43_bus_pio_spi.c.obj
                0x0000000010008704                cyw43_read_reg_u16
 .text.cyw43_read_reg_u8
                0x0000000010008758       0x54 CMakeFiles/Picow-pi7.dir/home/consmariano/PicoW-pi7/pico-sdk/src/rp2_common/pico_cyw43_driver/cyw43_bus_pio_spi.c.obj
                0x0000000010008758                cyw43_read_reg_u8
 .text.write_reg_u32_swap
                0x00000000100087ac       0x34 CMakeFiles/Picow-pi7.dir/home/consmariano/PicoW-pi7/pico-sdk/src/rp2_common/pico_cyw43_driver/cyw43_bus_pio_spi.c.obj
                0x00000000100087ac                write_reg_u32_swap
 .text.cyw43_write_reg_u32
                0x00000000100087e0       0x58 CMakeFiles/Picow-pi7.dir/home/consmariano/PicoW-pi7/pico-sdk/src/rp2_common/pico_cyw43_driver/cyw43_bus_pio_spi.c.obj
                0x00000000100087e0                cyw43_write_reg_u32
 .text.cyw43_write_reg_u16
                0x0000000010008838       0x58 CMakeFiles/Picow-pi7.dir/home/consmariano/PicoW-pi7/pico-sdk/src/rp2_common/pico_cyw43_driver/cyw43_bus_pio_spi.c.obj
                0x0000000010008838                cyw43_write_reg_u16
 .text.cyw43_write_reg_u8
                0x0000000010008890       0x58 CMakeFiles/Picow-pi7.dir/home/consmariano/PicoW-pi7/pico-sdk/src/rp2_common/pico_cyw43_driver/cyw43_bus_pio_spi.c.obj
                0x0000000010008890                cyw43_write_reg_u8
 .text.cyw43_read_bytes
                0x00000000100088e8      0x104 CMakeFiles/Picow-pi7.dir/home/consmariano/PicoW-pi7/pico-sdk/src/rp2_common/pico_cyw43_driver/cyw43_bus_pio_spi.c.obj
                0x00000000100088e8                cyw43_read_bytes
 .text.cyw43_write_bytes
                0x00000000100089ec      0x128 CMakeFiles/Picow-pi7.dir/home/consmariano/PicoW-pi7/pico-sdk/src/rp2_common/pico_cyw43_driver/cyw43_bus_pio_spi.c.obj
                0x00000000100089ec                cyw43_write_bytes
 .text.get_core_address
                0x0000000010008b14       0x1c CMakeFiles/Picow-pi7.dir/home/consmariano/PicoW-pi7/pico-sdk/lib/cyw43-driver/src/cyw43_ll.c.obj
 .text.sdpcm_process_rx_packet
                0x0000000010008b30      0x180 CMakeFiles/Picow-pi7.dir/home/consmariano/PicoW-pi7/pico-sdk/lib/cyw43-driver/src/cyw43_ll.c.obj
 .text.cyw43_ll_wifi_parse_scan_result
                0x0000000010008cb0       0x9c CMakeFiles/Picow-pi7.dir/home/consmariano/PicoW-pi7/pico-sdk/lib/cyw43-driver/src/cyw43_ll.c.obj
 .text.cyw43_ll_parse_async_event
                0x0000000010008d4c       0x8e CMakeFiles/Picow-pi7.dir/home/consmariano/PicoW-pi7/pico-sdk/lib/cyw43-driver/src/cyw43_ll.c.obj
 *fill*         0x0000000010008dda        0x2 
 .text.cyw43_kso_set
                0x0000000010008ddc       0x98 CMakeFiles/Picow-pi7.dir/home/consmariano/PicoW-pi7/pico-sdk/lib/cyw43-driver/src/cyw43_ll.c.obj
 .text.cyw43_ll_bus_sleep_helper
                0x0000000010008e74        0xe CMakeFiles/Picow-pi7.dir/home/consmariano/PicoW-pi7/pico-sdk/lib/cyw43-driver/src/cyw43_ll.c.obj
 *fill*         0x0000000010008e82        0x2 
 .text.cyw43_read_reg
                0x0000000010008e84       0x48 CMakeFiles/Picow-pi7.dir/home/consmariano/PicoW-pi7/pico-sdk/lib/cyw43-driver/src/cyw43_ll.c.obj
 .text.cyw43_write_reg
                0x0000000010008ecc       0x4c CMakeFiles/Picow-pi7.dir/home/consmariano/PicoW-pi7/pico-sdk/lib/cyw43-driver/src/cyw43_ll.c.obj
 .text.cyw43_set_backplane_window
                0x0000000010008f18       0x74 CMakeFiles/Picow-pi7.dir/home/consmariano/PicoW-pi7/pico-sdk/lib/cyw43-driver/src/cyw43_ll.c.obj
 .text.cyw43_read_backplane
                0x0000000010008f8c       0x30 CMakeFiles/Picow-pi7.dir/home/consmariano/PicoW-pi7/pico-sdk/lib/cyw43-driver/src/cyw43_ll.c.obj
 .text.disable_device_core
                0x0000000010008fbc       0x3c CMakeFiles/Picow-pi7.dir/home/consmariano/PicoW-pi7/pico-sdk/lib/cyw43-driver/src/cyw43_ll.c.obj
 .text.device_core_is_up
                0x0000000010008ff8       0x4c CMakeFiles/Picow-pi7.dir/home/consmariano/PicoW-pi7/pico-sdk/lib/cyw43-driver/src/cyw43_ll.c.obj
 .text.cyw43_write_backplane
                0x0000000010009044       0x34 CMakeFiles/Picow-pi7.dir/home/consmariano/PicoW-pi7/pico-sdk/lib/cyw43-driver/src/cyw43_ll.c.obj
 .text.reset_device_core
                0x0000000010009078       0x74 CMakeFiles/Picow-pi7.dir/home/consmariano/PicoW-pi7/pico-sdk/lib/cyw43-driver/src/cyw43_ll.c.obj
 .text.cyw43_download_resource
                0x00000000100090ec      0x17c CMakeFiles/Picow-pi7.dir/home/consmariano/PicoW-pi7/pico-sdk/lib/cyw43-driver/src/cyw43_ll.c.obj
 .text.cyw43_ll_init
                0x0000000010009268       0x20 CMakeFiles/Picow-pi7.dir/home/consmariano/PicoW-pi7/pico-sdk/lib/cyw43-driver/src/cyw43_ll.c.obj
                0x0000000010009268                cyw43_ll_init
 .text.cyw43_ll_deinit
                0x0000000010009288        0x8 CMakeFiles/Picow-pi7.dir/home/consmariano/PicoW-pi7/pico-sdk/lib/cyw43-driver/src/cyw43_ll.c.obj
                0x0000000010009288                cyw43_ll_deinit
 .text.cyw43_ll_bus_sleep
                0x0000000010009290       0x34 CMakeFiles/Picow-pi7.dir/home/consmariano/PicoW-pi7/pico-sdk/lib/cyw43-driver/src/cyw43_ll.c.obj
                0x0000000010009290                cyw43_ll_bus_sleep
 .text.cyw43_ll_sdpcm_poll_device
                0x00000000100092c4      0x158 CMakeFiles/Picow-pi7.dir/home/consmariano/PicoW-pi7/pico-sdk/lib/cyw43-driver/src/cyw43_ll.c.obj
 .text.cyw43_ll_process_packets
                0x000000001000941c       0x5c CMakeFiles/Picow-pi7.dir/home/consmariano/PicoW-pi7/pico-sdk/lib/cyw43-driver/src/cyw43_ll.c.obj
                0x000000001000941c                cyw43_ll_process_packets
 .text.cyw43_sdpcm_send_common
                0x0000000010009478      0x104 CMakeFiles/Picow-pi7.dir/home/consmariano/PicoW-pi7/pico-sdk/lib/cyw43-driver/src/cyw43_ll.c.obj
 .text.cyw43_send_ioctl
                0x000000001000957c       0x56 CMakeFiles/Picow-pi7.dir/home/consmariano/PicoW-pi7/pico-sdk/lib/cyw43-driver/src/cyw43_ll.c.obj
 *fill*         0x00000000100095d2        0x2 
 .text.cyw43_do_ioctl
                0x00000000100095d4       0xc0 CMakeFiles/Picow-pi7.dir/home/consmariano/PicoW-pi7/pico-sdk/lib/cyw43-driver/src/cyw43_ll.c.obj
 .text.cyw43_ll_ioctl
                0x0000000010009694       0x1e CMakeFiles/Picow-pi7.dir/home/consmariano/PicoW-pi7/pico-sdk/lib/cyw43-driver/src/cyw43_ll.c.obj
                0x0000000010009694                cyw43_ll_ioctl
 *fill*         0x00000000100096b2        0x2 
 .text.cyw43_clm_load
                0x00000000100096b4       0xdc CMakeFiles/Picow-pi7.dir/home/consmariano/PicoW-pi7/pico-sdk/lib/cyw43-driver/src/cyw43_ll.c.obj
 .text.cyw43_write_iovar_u32
                0x0000000010009790       0x60 CMakeFiles/Picow-pi7.dir/home/consmariano/PicoW-pi7/pico-sdk/lib/cyw43-driver/src/cyw43_ll.c.obj
 .text.cyw43_write_iovar_n
                0x00000000100097f0       0x50 CMakeFiles/Picow-pi7.dir/home/consmariano/PicoW-pi7/pico-sdk/lib/cyw43-driver/src/cyw43_ll.c.obj
 .text.cyw43_set_ioctl_u32
                0x0000000010009840       0x30 CMakeFiles/Picow-pi7.dir/home/consmariano/PicoW-pi7/pico-sdk/lib/cyw43-driver/src/cyw43_ll.c.obj
 .text.cyw43_write_iovar_u32_u32
                0x0000000010009870       0x74 CMakeFiles/Picow-pi7.dir/home/consmariano/PicoW-pi7/pico-sdk/lib/cyw43-driver/src/cyw43_ll.c.obj
 .text.cyw43_ll_wifi_get_mac
                0x00000000100098e4       0x48 CMakeFiles/Picow-pi7.dir/home/consmariano/PicoW-pi7/pico-sdk/lib/cyw43-driver/src/cyw43_ll.c.obj
                0x00000000100098e4                cyw43_ll_wifi_get_mac
 .text.cyw43_ll_bus_init
                0x000000001000992c      0x360 CMakeFiles/Picow-pi7.dir/home/consmariano/PicoW-pi7/pico-sdk/lib/cyw43-driver/src/cyw43_ll.c.obj
                0x000000001000992c                cyw43_ll_bus_init
 .text.cyw43_ll_wifi_set_wpa_auth
                0x0000000010009c8c        0xe CMakeFiles/Picow-pi7.dir/home/consmariano/PicoW-pi7/pico-sdk/lib/cyw43-driver/src/cyw43_ll.c.obj
                0x0000000010009c8c                cyw43_ll_wifi_set_wpa_auth
 *fill*         0x0000000010009c9a        0x2 
 .text.cyw43_ll_wifi_rejoin
                0x0000000010009c9c       0x20 CMakeFiles/Picow-pi7.dir/home/consmariano/PicoW-pi7/pico-sdk/lib/cyw43-driver/src/cyw43_ll.c.obj
                0x0000000010009c9c                cyw43_ll_wifi_rejoin
 .text.cyw43_ll_gpio_set
                0x0000000010009cbc       0x30 CMakeFiles/Picow-pi7.dir/home/consmariano/PicoW-pi7/pico-sdk/lib/cyw43-driver/src/cyw43_ll.c.obj
                0x0000000010009cbc                cyw43_ll_gpio_set
 .text.cyw43_ll_has_work
                0x0000000010009cec       0x12 CMakeFiles/Picow-pi7.dir/home/consmariano/PicoW-pi7/pico-sdk/lib/cyw43-driver/src/cyw43_ll.c.obj
                0x0000000010009cec                cyw43_ll_has_work
 *fill*         0x0000000010009cfe        0x2 
 .text.cyw43_poll_func
                0x0000000010009d00       0xb0 CMakeFiles/Picow-pi7.dir/home/consmariano/PicoW-pi7/pico-sdk/lib/cyw43-driver/src/cyw43_ctrl.c.obj
 .text.cyw43_dump_async_event
                0x0000000010009db0       0x8c CMakeFiles/Picow-pi7.dir/home/consmariano/PicoW-pi7/pico-sdk/lib/cyw43-driver/src/cyw43_ctrl.c.obj
 .text.cyw43_ensure_up
                0x0000000010009e3c       0xec CMakeFiles/Picow-pi7.dir/home/consmariano/PicoW-pi7/pico-sdk/lib/cyw43-driver/src/cyw43_ctrl.c.obj
 .text.cyw43_init
                0x0000000010009f28       0x8c CMakeFiles/Picow-pi7.dir/home/consmariano/PicoW-pi7/pico-sdk/lib/cyw43-driver/src/cyw43_ctrl.c.obj
                0x0000000010009f28                cyw43_init
 .text.cyw43_deinit
                0x0000000010009fb4       0x3c CMakeFiles/Picow-pi7.dir/home/consmariano/PicoW-pi7/pico-sdk/lib/cyw43-driver/src/cyw43_ctrl.c.obj
                0x0000000010009fb4                cyw43_deinit
 .text.cyw43_cb_read_host_interrupt_pin
                0x0000000010009ff0        0xe CMakeFiles/Picow-pi7.dir/home/consmariano/PicoW-pi7/pico-sdk/lib/cyw43-driver/src/cyw43_ctrl.c.obj
                0x0000000010009ff0                cyw43_cb_read_host_interrupt_pin
 *fill*         0x0000000010009ffe        0x2 
 .text.cyw43_cb_ensure_awake
                0x000000001000a000        0xc CMakeFiles/Picow-pi7.dir/home/consmariano/PicoW-pi7/pico-sdk/lib/cyw43-driver/src/cyw43_ctrl.c.obj
                0x000000001000a000                cyw43_cb_ensure_awake
 .text.cyw43_cb_process_async_event